Archive member included to satisfy reference by file (symbol)

app/libapp.a(main.c.obj)      (--whole-archive)
app/libapp.a(adc_sampling.c.obj)
                              (--whole-archive)
app/libapp.a(calc_avg.c.obj)  (--whole-archive)
app/libapp.a(app_shellcmd_adc.c.obj)
                              (--whole-archive)
app/libapp.a(uart_reinit.c.obj)
                              (--whole-archive)
zephyr/libzephyr.a(getopt.c.obj)
                              (--whole-archive)
zephyr/libzephyr.a(getopt_common.c.obj)
                              (--whole-archive)
zephyr/libzephyr.a(cbprintf_packaged.c.obj)
                              (--whole-archive)
zephyr/libzephyr.a(dec.c.obj)
                              (--whole-archive)
zephyr/libzephyr.a(fdtable.c.obj)
                              (--whole-archive)
zephyr/libzephyr.a(hex.c.obj)
                              (--whole-archive)
zephyr/libzephyr.a(printk.c.obj)
                              (--whole-archive)
zephyr/libzephyr.a(rb.c.obj)  (--whole-archive)
zephyr/libzephyr.a(sem.c.obj)
                              (--whole-archive)
zephyr/libzephyr.a(thread_entry.c.obj)
                              (--whole-archive)
zephyr/libzephyr.a(timeutil.c.obj)
                              (--whole-archive)
zephyr/libzephyr.a(heap.c.obj)
                              (--whole-archive)
zephyr/libzephyr.a(heap-validate.c.obj)
                              (--whole-archive)
zephyr/libzephyr.a(bitarray.c.obj)
                              (--whole-archive)
zephyr/libzephyr.a(multi_heap.c.obj)
                              (--whole-archive)
zephyr/libzephyr.a(cbprintf_complete.c.obj)
                              (--whole-archive)
zephyr/libzephyr.a(cbprintf.c.obj)
                              (--whole-archive)
zephyr/libzephyr.a(ring_buffer.c.obj)
                              (--whole-archive)
zephyr/libzephyr.a(assert.c.obj)
                              (--whole-archive)
zephyr/libzephyr.a(mpsc_pbuf.c.obj)
                              (--whole-archive)
zephyr/libzephyr.a(configs.c.obj)
                              (--whole-archive)
zephyr/libzephyr.a(soc.c.obj)
                              (--whole-archive)
zephyr/libzephyr.a(stm32cube_hal.c.obj)
                              (--whole-archive)
zephyr/libzephyr.a(soc_config.c.obj)
                              (--whole-archive)
zephyr/libzephyr.a(log_core.c.obj)
                              (--whole-archive)
zephyr/libzephyr.a(log_mgmt.c.obj)
                              (--whole-archive)
zephyr/libzephyr.a(log_cache.c.obj)
                              (--whole-archive)
zephyr/libzephyr.a(log_msg.c.obj)
                              (--whole-archive)
zephyr/libzephyr.a(log_output.c.obj)
                              (--whole-archive)
zephyr/libzephyr.a(log_cmds.c.obj)
                              (--whole-archive)
zephyr/libzephyr.a(log_backend_uart.c.obj)
                              (--whole-archive)
zephyr/libzephyr.a(stats.c.obj)
                              (--whole-archive)
zephyr/libzephyr.a(stats_shell.c.obj)
                              (--whole-archive)
zephyr/libzephyr.a(tracing_none.c.obj)
                              (--whole-archive)
zephyr/libzephyr.a(usb_device.c.obj)
                              (--whole-archive)
zephyr/libzephyr.a(usb_descriptor.c.obj)
                              (--whole-archive)
zephyr/libzephyr.a(usb_transfer.c.obj)
                              (--whole-archive)
zephyr/libzephyr.a(cdc_acm.c.obj)
                              (--whole-archive)
zephyr/libzephyr.a(usb_work_q.c.obj)
                              (--whole-archive)
zephyr/libzephyr.a(kernel_service.c.obj)
                              (--whole-archive)
zephyr/libzephyr.a(device_service.c.obj)
                              (--whole-archive)
zephyr/libzephyr.a(date_service.c.obj)
                              (--whole-archive)
zephyr/libzephyr.a(devmem_service.c.obj)
                              (--whole-archive)
zephyr/libzephyr.a(shell_uart.c.obj)
                              (--whole-archive)
zephyr/libzephyr.a(shell.c.obj)
                              (--whole-archive)
zephyr/libzephyr.a(shell_fprintf.c.obj)
                              (--whole-archive)
zephyr/libzephyr.a(shell_utils.c.obj)
                              (--whole-archive)
zephyr/libzephyr.a(shell_ops.c.obj)
                              (--whole-archive)
zephyr/libzephyr.a(shell_help.c.obj)
                              (--whole-archive)
zephyr/libzephyr.a(shell_cmds.c.obj)
                              (--whole-archive)
zephyr/libzephyr.a(shell_history.c.obj)
                              (--whole-archive)
zephyr/libzephyr.a(shell_wildcard.c.obj)
                              (--whole-archive)
zephyr/arch/common/libarch__common.a(sw_isr_common.c.obj)
                              (--whole-archive)
zephyr/arch/arch/arm/core/aarch32/libarch__arm__core__aarch32.a(cpu_idle.S.obj)
[...]
Memory Configuration

Name             Origin             Length             Attributes
FLASH            0x0000000008000000 0x0000000000040000 xr
RAM              0x0000000020000000 0x000000000000a000 xw
CCM              0x0000000010000000 0x0000000000002000
IDT_LIST         0x00000000fffff7ff 0x0000000000000800 xw
*default*        0x0000000000000000 0xffffffffffffffff

Linker script and memory map

LOAD zephyr/CMakeFiles/zephyr_pre0.dir/misc/empty_file.c.obj
LOAD zephyr/CMakeFiles/offsets.dir/./arch/arm/core/offsets/offsets.c.obj
LOAD app/libapp.a
LOAD zephyr/libzephyr.a
LOAD zephyr/arch/common/libarch__common.a
LOAD zephyr/arch/arch/arm/core/aarch32/libarch__arm__core__aarch32.a
LOAD zephyr/arch/arch/arm/core/aarch32/cortex_m/libarch__arm__core__aarch32__cortex_m.a
LOAD zephyr/arch/arch/arm/core/aarch32/mpu/libarch__arm__core__aarch32__mpu.a
LOAD zephyr/lib/libc/newlib/liblib__libc__newlib.a
LOAD zephyr/lib/libc/common/liblib__libc__common.a
LOAD zephyr/lib/posix/liblib__posix.a
LOAD zephyr/soc/soc/arm/common/cortex_m/libsoc__arm__common__cortex_m.a
LOAD zephyr/subsys/timing/libsubsys__timing.a
LOAD zephyr/drivers/interrupt_controller/libdrivers__interrupt_controller.a
LOAD zephyr/drivers/usb/device/libdrivers__usb__device.a
LOAD zephyr/drivers/adc/libdrivers__adc.a
LOAD zephyr/drivers/clock_control/libdrivers__clock_control.a
LOAD zephyr/drivers/console/libdrivers__console.a
LOAD zephyr/drivers/gpio/libdrivers__gpio.a
LOAD zephyr/drivers/hwinfo/libdrivers__hwinfo.a
LOAD zephyr/drivers/pinctrl/libdrivers__pinctrl.a
LOAD zephyr/drivers/reset/libdrivers__reset.a
LOAD zephyr/drivers/serial/libdrivers__serial.a
LOAD zephyr/drivers/timer/libdrivers__timer.a
LOAD modules/stm32/stm32cube/lib..__modules__hal__stm32__stm32cube.a
LOAD zephyr/kernel/libkernel.a
LOAD /home/shubham/zephyr-sdk-0.16.3/arm-zephyr-eabi/bin/../lib/gcc/arm-zephyr-eabi/12.2.0/thumb/v7e-m/nofp/libgcc.a
LOAD zephyr/arch/common/libisr_tables.a
LOAD /home/shubham/zephyr-sdk-0.16.3/arm-zephyr-eabi/arm-zephyr-eabi/lib/thumb/v7e-m/nofp/libm.a
LOAD /home/shubham/zephyr-sdk-0.16.3/arm-zephyr-eabi/arm-zephyr-eabi/lib/thumb/v7e-m/nofp/libc.a
LOAD /home/shubham/zephyr-sdk-0.16.3/arm-zephyr-eabi/bin/../lib/gcc/arm-zephyr-eabi/12.2.0/thumb/v7e-m/nofp/libgcc.a
LOAD /home/shubham/zephyr-sdk-0.16.3/arm-zephyr-eabi/arm-zephyr-eabi/lib/thumb/v7e-m/nofp/libc.a
                0x0000000000000020                _region_min_align = 0x20

.rel.plt        0x0000000008000000        0x0
 *(SORT_BY_ALIGNMENT(.rel.plt))
                [!provide]                        PROVIDE (__rel_iplt_start = .)
 *(SORT_BY_ALIGNMENT(.rel.iplt))
 .rel.iplt      0x0000000008000000        0x0 app/libapp.a(main.c.obj)
                [!provide]                        PROVIDE (__rel_iplt_end = .)

.rela.plt       0x0000000000000000        0x0
 *(SORT_BY_ALIGNMENT(.rela.plt))
                [!provide]                        PROVIDE (__rela_iplt_start = .)
 *(SORT_BY_ALIGNMENT(.rela.iplt))
                [!provide]                        PROVIDE (__rela_iplt_end = .)

.rel.dyn
 *(SORT_BY_ALIGNMENT(.rel.*))

.rela.dyn
 *(SORT_BY_ALIGNMENT(.rela.*))

/DISCARD/
 *(SORT_BY_ALIGNMENT(.plt))

/DISCARD/
 *(SORT_BY_ALIGNMENT(.iplt))
                0x0000000008000000                __rom_region_start = 0x8000000

rom_start       0x0000000008000000      0x188
                0x0000000008000000                __rom_start_address = .
                0x0000000008000000                . = (. + (0x0 - (. - __rom_start_address)))
                0x0000000008000000                . = ALIGN (0x4)
                0x0000000008000000                . = ALIGN (0x80)
                0x0000000008000000                . = ALIGN (0x200)
                0x0000000008000000                _vector_start = .
 *(SORT_BY_ALIGNMENT(.exc_vector_table))
 *(SORT_BY_ALIGNMENT(.exc_vector_table.*))
 .exc_vector_table._vector_table_section
                0x0000000008000000       0x40 zephyr/arch/arch/arm/core/aarch32/cortex_m/libarch__arm__core__aarch32__cortex_m.a(vector_table.S.obj)
                0x0000000008000000                _vector_table
 *(SORT_BY_ALIGNMENT(.vectors))
                0x0000000008000188                _vector_end = .
                0x0000000008000040                . = ALIGN (0x4)
 *(SORT_BY_ALIGNMENT(.gnu.linkonce.irq_vector_table*))
 .gnu.linkonce.irq_vector_table
                0x0000000008000040      0x148 zephyr/arch/common/libisr_tables.a(isr_tables.c.obj)
                0x0000000008000040                _irq_vector_table
                0x0000000008000188                _vector_end = .

text            0x00000000080001c0    0x17e20
                0x00000000080001c0                __text_region_start = .
 *(SORT_BY_ALIGNMENT(.text))
 .text          0x00000000080001c0       0xdc /home/shubham/zephyr-sdk-0.16.3/arm-zephyr-eabi/arm-zephyr-eabi/lib/thumb/v7e-m/nofp/libc.a(lib_a-strlen.o)
                0x00000000080001c0                strlen
 *fill*         0x000000000800029c        0x4 
 .text          0x00000000080002a0      0x2dc /home/shubham/zephyr-sdk-0.16.3/arm-zephyr-eabi/arm-zephyr-eabi/lib/thumb/v7e-m/nofp/libc.a(lib_a-strcmp.o)
                0x00000000080002a8                strcmp
 *fill*         0x000000000800057c        0x4 
 .text          0x0000000008000580       0xa0 /home/shubham/zephyr-sdk-0.16.3/arm-zephyr-eabi/arm-zephyr-eabi/lib/thumb/v7e-m/nofp/libc.a(lib_a-memchr.o)
                0x0000000008000580                memchr
 .text          0x0000000008000620      0x378 /home/shubham/zephyr-sdk-0.16.3/arm-zephyr-eabi/bin/../lib/gcc/arm-zephyr-eabi/12.2.0/thumb/v7e-m/nofp/libgcc.a(_arm_addsubdf3.o)
                0x0000000008000620                __aeabi_drsub
                0x0000000008000628                __aeabi_dsub
                0x0000000008000628                __subdf3
                0x000000000800062c                __adddf3
                0x000000000800062c                __aeabi_dadd
                0x00000000080008a4                __aeabi_ui2d
                0x00000000080008a4                __floatunsidf
                0x00000000080008c4                __floatsidf
                0x00000000080008c4                __aeabi_i2d
                0x00000000080008e8                __extendsfdf2
                0x00000000080008e8                __aeabi_f2d
                0x000000000800092c                __aeabi_ul2d
                0x000000000800092c                __floatundidf
                0x000000000800093c                __floatdidf
                0x000000000800093c                __aeabi_l2d
 .text          0x0000000008000998      0x424 /home/shubham/zephyr-sdk-0.16.3/arm-zephyr-eabi/bin/../lib/gcc/arm-zephyr-eabi/12.2.0/thumb/v7e-m/nofp/libgcc.a(_arm_muldivdf3.o)
                0x0000000008000998                __aeabi_dmul
                0x0000000008000998                __muldf3
                0x0000000008000bec                __aeabi_ddiv
                0x0000000008000bec                __divdf3
 .text          0x0000000008000dbc      0x21c /home/shubham/zephyr-sdk-0.16.3/arm-zephyr-eabi/bin/../lib/gcc/arm-zephyr-eabi/12.2.0/thumb/v7e-m/nofp/libgcc.a(_arm_addsubsf3.o)
                0x0000000008000dbc                __aeabi_frsub
                0x0000000008000dc4                __subsf3
                0x0000000008000dc4                __aeabi_fsub
                0x0000000008000dc8                __aeabi_fadd
                0x0000000008000dc8                __addsf3
                0x0000000008000f28                __aeabi_ui2f
                0x0000000008000f28                __floatunsisf
                0x0000000008000f30                __aeabi_i2f
                0x0000000008000f30                __floatsisf
                0x0000000008000f4c                __floatundisf
                0x0000000008000f4c                __aeabi_ul2f
                0x0000000008000f5c                __floatdisf
                0x0000000008000f5c                __aeabi_l2f
 .text          0x0000000008000fd8      0x2a0 /home/shubham/zephyr-sdk-0.16.3/arm-zephyr-eabi/bin/../lib/gcc/arm-zephyr-eabi/12.2.0/thumb/v7e-m/nofp/libgcc.a(_arm_muldivsf3.o)
                0x0000000008000fd8                __mulsf3
                0x0000000008000fd8                __aeabi_fmul
                0x0000000008001140                __divsf3
                0x0000000008001140                __aeabi_fdiv
 .text          0x0000000008001278       0x4c /home/shubham/zephyr-sdk-0.16.3/arm-zephyr-eabi/bin/../lib/gcc/arm-zephyr-eabi/12.2.0/thumb/v7e-m/nofp/libgcc.a(_arm_fixsfsi.o)
                0x0000000008001278                __fixsfsi
                0x0000000008001278                __aeabi_f2iz
 .text          0x00000000080012c4       0xa0 /home/shubham/zephyr-sdk-0.16.3/arm-zephyr-eabi/bin/../lib/gcc/arm-zephyr-eabi/12.2.0/thumb/v7e-m/nofp/libgcc.a(_aeabi_ldivmod.o)
                0x00000000080012c4                __aeabi_ldivmod
 .text          0x0000000008001364       0x30 /home/shubham/zephyr-sdk-0.16.3/arm-zephyr-eabi/bin/../lib/gcc/arm-zephyr-eabi/12.2.0/thumb/v7e-m/nofp/libgcc.a(_aeabi_uldivmod.o)
                0x0000000008001364                __aeabi_uldivmod
 .text          0x0000000008001394        0x4 /home/shubham/zephyr-sdk-0.16.3/arm-zephyr-eabi/bin/../lib/gcc/arm-zephyr-eabi/12.2.0/thumb/v7e-m/nofp/libgcc.a(_dvmd_tls.o)
                0x0000000008001394                __aeabi_ldiv0
                0x0000000008001394                __aeabi_idiv0
 .text          0x0000000008001398      0x110 /home/shubham/zephyr-sdk-0.16.3/arm-zephyr-eabi/bin/../lib/gcc/arm-zephyr-eabi/12.2.0/thumb/v7e-m/nofp/libgcc.a(_arm_cmpdf2.o)
                0x0000000008001398                __gtdf2
                0x0000000008001398                __gedf2
                0x00000000080013a0                __ltdf2
                0x00000000080013a0                __ledf2
                0x00000000080013a8                __cmpdf2
                0x00000000080013a8                __eqdf2
                0x00000000080013a8                __nedf2
                0x0000000008001424                __aeabi_cdrcmple
                0x0000000008001434                __aeabi_cdcmple
                0x0000000008001434                __aeabi_cdcmpeq
                0x0000000008001444                __aeabi_dcmpeq
                0x0000000008001458                __aeabi_dcmplt
                0x000000000800146c                __aeabi_dcmple
                0x0000000008001480                __aeabi_dcmpge
                0x0000000008001494                __aeabi_dcmpgt
 .text          0x00000000080014a8      0x134 /home/shubham/zephyr-sdk-0.16.3/arm-zephyr-eabi/arm-zephyr-eabi/lib/thumb/v7e-m/nofp/libc.a(lib_a-memcpy.o)
                0x00000000080014a8                memcpy
 .text          0x00000000080015dc       0x2c /home/shubham/zephyr-sdk-0.16.3/arm-zephyr-eabi/bin/../lib/gcc/arm-zephyr-eabi/12.2.0/thumb/v7e-m/nofp/libgcc.a(_arm_unorddf2.o)
                0x00000000080015dc                __aeabi_dcmpun
                0x00000000080015dc                __unorddf2
 .text          0x0000000008001608       0x50 /home/shubham/zephyr-sdk-0.16.3/arm-zephyr-eabi/bin/../lib/gcc/arm-zephyr-eabi/12.2.0/thumb/v7e-m/nofp/libgcc.a(_arm_fixdfsi.o)
                0x0000000008001608                __fixdfsi
                0x0000000008001608                __aeabi_d2iz
 .text          0x0000000008001658       0x26 /home/shubham/zephyr-sdk-0.16.3/arm-zephyr-eabi/bin/../lib/gcc/arm-zephyr-eabi/12.2.0/thumb/v7e-m/nofp/libgcc.a(_popcountsi2.o)
                0x0000000008001658                __popcountsi2
 .text          0x000000000800167e      0x2a0 /home/shubham/zephyr-sdk-0.16.3/arm-zephyr-eabi/bin/../lib/gcc/arm-zephyr-eabi/12.2.0/thumb/v7e-m/nofp/libgcc.a(_udivmoddi4.o)
                0x000000000800167e                __udivmoddi4
 *(SORT_BY_ALIGNMENT(.text.*))
 *fill*         0x000000000800191e        0x2 
 .text.clock_settime
                0x0000000008001920       0x84 zephyr/lib/posix/liblib__posix.a(clock.c.obj)
                0x0000000008001920                clock_settime
 *fill*         0x00000000080019a4        0x4 
 .text._dtoa_r  0x00000000080019a8      0xe48 /home/shubham/zephyr-sdk-0.16.3/arm-zephyr-eabi/arm-zephyr-eabi/lib/thumb/v7e-m/nofp/libc.a(lib_a-dtoa.o)
                0x00000000080019a8                _dtoa_r
 .text.main     0x00000000080027f0      0x110 app/libapp.a(main.c.obj)
                0x00000000080027f0                main
 .text.adc_enable
                0x0000000008002900       0x10 app/libapp.a(adc_sampling.c.obj)
                0x0000000008002900                adc_enable
 .text.adc_disable
                0x0000000008002910       0x2c app/libapp.a(adc_sampling.c.obj)
                0x0000000008002910                adc_disable
 .text.print_interval
                0x000000000800293c       0x2c app/libapp.a(adc_sampling.c.obj)
                0x000000000800293c                print_interval
 .text.print_interval_get
                0x0000000008002968       0x10 app/libapp.a(adc_sampling.c.obj)
                0x0000000008002968                print_interval_get
 .text.adc_sampling
                0x0000000008002978       0xf8 app/libapp.a(adc_sampling.c.obj)
                0x0000000008002978                adc_sampling
 .text.shellcmd_print_set_interval
                0x0000000008002a70       0x58 app/libapp.a(app_shellcmd_adc.c.obj)
 .text.shellcmd_print_get_interval
                0x0000000008002ac8       0x50 app/libapp.a(app_shellcmd_adc.c.obj)
 .text.shellcmd_adc_stop
                0x0000000008002b18       0x38 app/libapp.a(app_shellcmd_adc.c.obj)
 .text.shellcmd_adc_start
                0x0000000008002b50       0x50 app/libapp.a(app_shellcmd_adc.c.obj)
 .text.shell_init_from_work
                0x0000000008002ba0       0x28 app/libapp.a(uart_reinit.c.obj)
                0x0000000008002ba0                shell_init_from_work
 .text.cmd_uart_release
                0x0000000008002bc8       0x40 app/libapp.a(uart_reinit.c.obj)
 .text.shell_uninit_cb
                0x0000000008002c08       0x2c app/libapp.a(uart_reinit.c.obj)
 .text.direct_uart_callback
                0x0000000008002c34       0xb0 app/libapp.a(uart_reinit.c.obj)
 .text.getopt   0x0000000008002ce4      0x150 zephyr/libzephyr.a(getopt.c.obj)
                0x0000000008002ce4                getopt
 .text.z_getopt_global_state_update
                0x0000000008002e34       0x34 zephyr/libzephyr.a(getopt_common.c.obj)
                0x0000000008002e34                z_getopt_global_state_update
 .text.getopt_state_get
                0x0000000008002e68        0x8 zephyr/libzephyr.a(getopt_common.c.obj)
                0x0000000008002e68                getopt_state_get
 .text.cbvprintf_package
                0x0000000008002e70      0x3a4 zephyr/libzephyr.a(cbprintf_packaged.c.obj)
                0x0000000008002e70                cbvprintf_package
 .text.cbprintf_package_convert
                0x0000000008003214      0x3b8 zephyr/libzephyr.a(cbprintf_packaged.c.obj)
                0x0000000008003214                cbprintf_package_convert
 .text.__printk_hook_install
                0x00000000080035cc        0xc zephyr/libzephyr.a(printk.c.obj)
                0x00000000080035cc                __printk_hook_install
 .text.vsnprintk
                0x00000000080035d8       0x2c zephyr/libzephyr.a(printk.c.obj)
                0x00000000080035d8                vsnprintk
 .text.timeutil_timegm64
                0x0000000008003604       0xf0 zephyr/libzephyr.a(timeutil.c.obj)
                0x0000000008003604                timeutil_timegm64
 .text.extract_decimal
                0x00000000080036f4       0x2c zephyr/libzephyr.a(cbprintf_complete.c.obj)
 .text.encode_uint
                0x0000000008003720       0x98 zephyr/libzephyr.a(cbprintf_complete.c.obj)
 .text.z_cbvprintf_impl
                0x00000000080037b8      0xcdc zephyr/libzephyr.a(cbprintf_complete.c.obj)
                0x00000000080037b8                z_cbvprintf_impl
 .text.stm32f3_init
                0x0000000008004494       0x20 zephyr/libzephyr.a(soc.c.obj)
 .text.activate_foreach_backend
                0x00000000080044b4       0x64 zephyr/libzephyr.a(log_core.c.obj)
 .text.enable_logger
                0x0000000008004518       0x5c zephyr/libzephyr.a(log_core.c.obj)
 .text.log_process_thread_timer_expiry_fn
                0x0000000008004574        0xc zephyr/libzephyr.a(log_core.c.obj)
 .text.z_log_init
                0x0000000008004580       0x8c zephyr/libzephyr.a(log_core.c.obj)
 .text.log_format_func_t_get
                0x000000000800460c        0xc zephyr/libzephyr.a(log_core.c.obj)
                0x000000000800460c                log_format_func_t_get
 .text.log_set_timestamp_func
                0x0000000008004618       0x20 zephyr/libzephyr.a(log_core.c.obj)
                0x0000000008004618                log_set_timestamp_func
 .text.z_log_notify_backend_enabled
                0x0000000008004638       0x1c zephyr/libzephyr.a(log_core.c.obj)
                0x0000000008004638                z_log_notify_backend_enabled
 .text.z_log_dropped
                0x0000000008004654       0x30 zephyr/libzephyr.a(log_core.c.obj)
                0x0000000008004654                z_log_dropped
 .text.z_log_dropped_read_and_clear
                0x0000000008004684       0x20 zephyr/libzephyr.a(log_core.c.obj)
                0x0000000008004684                z_log_dropped_read_and_clear
 .text.dropped_notify
                0x00000000080046a4       0x30 zephyr/libzephyr.a(log_core.c.obj)
                0x00000000080046a4                dropped_notify
 .text.z_log_msg_init
                0x00000000080046d4       0x20 zephyr/libzephyr.a(log_core.c.obj)
                0x00000000080046d4                z_log_msg_init
 .text.log_core_init
                0x00000000080046f4       0x38 zephyr/libzephyr.a(log_core.c.obj)
                0x00000000080046f4                log_core_init
 .text.z_log_msg_alloc
                0x000000000800472c       0x10 zephyr/libzephyr.a(log_core.c.obj)
                0x000000000800472c                z_log_msg_alloc
 .text.z_log_msg_local_claim
                0x000000000800473c        0xc zephyr/libzephyr.a(log_core.c.obj)
                0x000000000800473c                z_log_msg_local_claim
 .text.z_log_msg_free
                0x0000000008004748       0x10 zephyr/libzephyr.a(log_core.c.obj)
                0x0000000008004748                z_log_msg_free
 .text.z_log_msg_pending
                0x0000000008004758        0xc zephyr/libzephyr.a(log_core.c.obj)
                0x0000000008004758                z_log_msg_pending
 .text.z_impl_log_process
                0x0000000008004764       0xe4 zephyr/libzephyr.a(log_core.c.obj)
                0x0000000008004764                z_impl_log_process
 .text.z_impl_log_panic
                0x0000000008004848       0x44 zephyr/libzephyr.a(log_core.c.obj)
                0x0000000008004848                z_impl_log_panic
 .text.log_process_thread_func
                0x000000000800488c       0x9c zephyr/libzephyr.a(log_core.c.obj)
 .text.z_log_msg_post_finalize
                0x0000000008004928       0x78 zephyr/libzephyr.a(log_core.c.obj)
 .text.z_log_msg_commit
                0x00000000080049a0       0x24 zephyr/libzephyr.a(log_core.c.obj)
                0x00000000080049a0                z_log_msg_commit
 .text.log_mem_get_usage
                0x00000000080049c4       0x14 zephyr/libzephyr.a(log_core.c.obj)
                0x00000000080049c4                log_mem_get_usage
 .text.log_mem_get_max_usage
                0x00000000080049d8        0xc zephyr/libzephyr.a(log_core.c.obj)
                0x00000000080049d8                log_mem_get_max_usage
 .text.log_src_cnt_get
                0x00000000080049e4       0x14 zephyr/libzephyr.a(log_mgmt.c.obj)
                0x00000000080049e4                log_src_cnt_get
 .text.log_source_name_get
                0x00000000080049f8       0x1c zephyr/libzephyr.a(log_mgmt.c.obj)
                0x00000000080049f8                log_source_name_get
 .text.z_log_runtime_filters_init
                0x0000000008004a14       0x3c zephyr/libzephyr.a(log_mgmt.c.obj)
                0x0000000008004a14                z_log_runtime_filters_init
 .text.log_source_id_get
                0x0000000008004a50       0x38 zephyr/libzephyr.a(log_mgmt.c.obj)
                0x0000000008004a50                log_source_id_get
 .text.z_impl_log_filter_set
                0x0000000008004a88       0xac zephyr/libzephyr.a(log_mgmt.c.obj)
                0x0000000008004a88                z_impl_log_filter_set
 .text.backend_filter_set
                0x0000000008004b34       0x30 zephyr/libzephyr.a(log_mgmt.c.obj)
 .text.log_backend_enable
                0x0000000008004b64       0x34 zephyr/libzephyr.a(log_mgmt.c.obj)
                0x0000000008004b64                log_backend_enable
 .text.log_filter_get
                0x0000000008004b98       0x44 zephyr/libzephyr.a(log_mgmt.c.obj)
                0x0000000008004b98                log_filter_get
 .text.z_impl_z_log_msg_static_create
                0x0000000008004bdc      0x110 zephyr/libzephyr.a(log_msg.c.obj)
                0x0000000008004bdc                z_impl_z_log_msg_static_create
 .text.z_impl_z_log_msg_runtime_vcreate
                0x0000000008004cec       0x8c zephyr/libzephyr.a(log_msg.c.obj)
                0x0000000008004cec                z_impl_z_log_msg_runtime_vcreate
 .text.print_formatted
                0x0000000008004d78       0x24 zephyr/libzephyr.a(log_output.c.obj)
 .text.newline_print
                0x0000000008004d9c       0x1c zephyr/libzephyr.a(log_output.c.obj)
 .text.log_output_process
                0x0000000008004db8      0x2a8 zephyr/libzephyr.a(log_output.c.obj)
                0x0000000008004db8                log_output_process
 .text.log_output_msg_process
                0x0000000008005060       0x70 zephyr/libzephyr.a(log_output.c.obj)
                0x0000000008005060                log_output_msg_process
 .text.log_output_dropped_process
                0x00000000080050d0       0x58 zephyr/libzephyr.a(log_output.c.obj)
                0x00000000080050d0                log_output_dropped_process
 .text.log_output_timestamp_freq_set
                0x0000000008005128       0x2c zephyr/libzephyr.a(log_output.c.obj)
                0x0000000008005128                log_output_timestamp_freq_set
 .text.severity_lvl_get
                0x0000000008005154       0x24 zephyr/libzephyr.a(log_cmds.c.obj)
 .text.backend_name_get
                0x0000000008005178       0x30 zephyr/libzephyr.a(log_cmds.c.obj)
 .text.module_name_get
                0x00000000080051a8       0x20 zephyr/libzephyr.a(log_cmds.c.obj)
 .text.cmd_log_backends_list
                0x00000000080051c8       0x54 zephyr/libzephyr.a(log_cmds.c.obj)
 .text.log_status
                0x000000000800521c       0xa8 zephyr/libzephyr.a(log_cmds.c.obj)
 .text.shell_backend_cmd_execute
                0x00000000080052c4       0x64 zephyr/libzephyr.a(log_cmds.c.obj)
 .text.cmd_log_backend_status
                0x0000000008005328       0x10 zephyr/libzephyr.a(log_cmds.c.obj)
 .text.cmd_log_backend_halt
                0x0000000008005338        0xc zephyr/libzephyr.a(log_cmds.c.obj)
 .text.cmd_log_backend_go
                0x0000000008005344        0xc zephyr/libzephyr.a(log_cmds.c.obj)
 .text.cmd_log_backend_enable
                0x0000000008005350        0xc zephyr/libzephyr.a(log_cmds.c.obj)
 .text.cmd_log_backend_disable
                0x000000000800535c        0xc zephyr/libzephyr.a(log_cmds.c.obj)
 .text.cmd_log_mem
                0x0000000008005368       0x84 zephyr/libzephyr.a(log_cmds.c.obj)
 .text.filters_set
                0x00000000080053ec       0xdc zephyr/libzephyr.a(log_cmds.c.obj)
 .text.log_enable
                0x00000000080054c8       0x60 zephyr/libzephyr.a(log_cmds.c.obj)
 .text.format_set
                0x0000000008005528        0xc zephyr/libzephyr.a(log_backend_uart.c.obj)
 .text.panic    0x0000000008005534       0x14 zephyr/libzephyr.a(log_backend_uart.c.obj)
 .text.dropped  0x0000000008005548        0xc zephyr/libzephyr.a(log_backend_uart.c.obj)
 .text.process  0x0000000008005554       0x24 zephyr/libzephyr.a(log_backend_uart.c.obj)
 .text.char_out
                0x0000000008005578       0x24 zephyr/libzephyr.a(log_backend_uart.c.obj)
 .text.stats_group_walk
                0x000000000800559c       0x24 zephyr/libzephyr.a(stats.c.obj)
                0x000000000800559c                stats_group_walk
 .text.cmd_stats_list
                0x00000000080055c0        0xc zephyr/libzephyr.a(stats_shell.c.obj)
 .text.stats_cb
                0x00000000080055cc       0x48 zephyr/libzephyr.a(stats_shell.c.obj)
 .text.stats_group_cb
                0x0000000008005614       0x2c zephyr/libzephyr.a(stats_shell.c.obj)
 .text.class_handler
                0x0000000008005640       0x40 zephyr/libzephyr.a(usb_device.c.obj)
 .text.custom_handler
                0x0000000008005680       0x60 zephyr/libzephyr.a(usb_device.c.obj)
 .text.vendor_handler
                0x00000000080056e0       0x3c zephyr/libzephyr.a(usb_device.c.obj)
 .text.usb_reset_alt_setting
                0x000000000800571c       0x10 zephyr/libzephyr.a(usb_device.c.obj)
 .text.is_ep_valid.part.0
                0x000000000800572c       0x38 zephyr/libzephyr.a(usb_device.c.obj)
 .text.usb_handle_request.constprop.0
                0x0000000008005764       0x2c zephyr/libzephyr.a(usb_device.c.obj)
 .text.usb_device_init.part.0
                0x0000000008005790       0x30 zephyr/libzephyr.a(usb_device.c.obj)
 .text.get_ep_bm_from_addr.part.0
                0x00000000080057c0       0x38 zephyr/libzephyr.a(usb_device.c.obj)
 .text.disable_endpoint
                0x00000000080057f8       0x90 zephyr/libzephyr.a(usb_device.c.obj)
 .text.forward_status_cb
                0x0000000008005888       0xb0 zephyr/libzephyr.a(usb_device.c.obj)
 .text.usb_halt_endpoint_req.isra.0
                0x0000000008005938       0xa8 zephyr/libzephyr.a(usb_device.c.obj)
 .text.set_endpoint
                0x00000000080059e0      0x124 zephyr/libzephyr.a(usb_device.c.obj)
 .text.usb_handle_standard_request
                0x0000000008005b04      0x2ec zephyr/libzephyr.a(usb_device.c.obj)
 .text.usb_write
                0x0000000008005df0       0x74 zephyr/libzephyr.a(usb_device.c.obj)
                0x0000000008005df0                usb_write
 .text.usb_data_to_host
                0x0000000008005e64       0x60 zephyr/libzephyr.a(usb_device.c.obj)
 .text.usb_handle_control_transfer
                0x0000000008005ec4       0xfc zephyr/libzephyr.a(usb_device.c.obj)
 .text.usb_set_config
                0x0000000008005fc0       0x2c zephyr/libzephyr.a(usb_device.c.obj)
                0x0000000008005fc0                usb_set_config
 .text.usb_device_init
                0x0000000008005fec       0x2c zephyr/libzephyr.a(usb_device.c.obj)
 .text.usb_enable
                0x0000000008006018      0x164 zephyr/libzephyr.a(usb_device.c.obj)
                0x0000000008006018                usb_enable
 .text.usb_update_sn_string_descriptor
                0x000000000800617c       0x88 zephyr/libzephyr.a(usb_descriptor.c.obj)
                0x000000000800617c                usb_update_sn_string_descriptor
 .text.usb_get_device_descriptor
                0x0000000008006204      0x298 zephyr/libzephyr.a(usb_descriptor.c.obj)
                0x0000000008006204                usb_get_device_descriptor
 .text.usb_ep_get_transfer
                0x000000000800649c       0x2c zephyr/libzephyr.a(usb_transfer.c.obj)
 .text.usb_transfer_work
                0x00000000080064c8      0x16c zephyr/libzephyr.a(usb_transfer.c.obj)
 .text.usb_transfer_ep_callback
                0x0000000008006634       0x7c zephyr/libzephyr.a(usb_transfer.c.obj)
                0x0000000008006634                usb_transfer_ep_callback
 .text.usb_transfer
                0x00000000080066b0      0x154 zephyr/libzephyr.a(usb_transfer.c.obj)
                0x00000000080066b0                usb_transfer
 .text.usb_cancel_transfer
                0x0000000008006804       0x3c zephyr/libzephyr.a(usb_transfer.c.obj)
                0x0000000008006804                usb_cancel_transfer
 .text.usb_cancel_transfers
                0x0000000008006840       0x48 zephyr/libzephyr.a(usb_transfer.c.obj)
                0x0000000008006840                usb_cancel_transfers
 .text.usb_transfer_init
                0x0000000008006888       0x34 zephyr/libzephyr.a(usb_transfer.c.obj)
                0x0000000008006888                usb_transfer_init
 .text.cdc_acm_irq_rx_enable
                0x00000000080068bc       0x20 zephyr/libzephyr.a(cdc_acm.c.obj)
 .text.cdc_acm_irq_tx_enable
                0x00000000080068dc       0x20 zephyr/libzephyr.a(cdc_acm.c.obj)
 .text.tx_work_handler
                0x00000000080068fc       0x5c zephyr/libzephyr.a(cdc_acm.c.obj)
 .text.cdc_acm_reset_port
                0x0000000008006958       0x3c zephyr/libzephyr.a(cdc_acm.c.obj)
 .text.cdc_acm_write_cb
                0x0000000008006994       0x44 zephyr/libzephyr.a(cdc_acm.c.obj)
 .text.cdc_acm_poll_out
                0x00000000080069d8       0xc8 zephyr/libzephyr.a(cdc_acm.c.obj)
 .text.cdc_acm_fifo_fill
                0x0000000008006aa0       0xa0 zephyr/libzephyr.a(cdc_acm.c.obj)
 .text.cdc_acm_dev_status_cb.part.0
                0x0000000008006b40       0x38 zephyr/libzephyr.a(cdc_acm.c.obj)
 .text.cdc_acm_int_in.part.0
                0x0000000008006b78       0x38 zephyr/libzephyr.a(cdc_acm.c.obj)
 .text.cdc_acm_int_in
                0x0000000008006bb0       0x24 zephyr/libzephyr.a(cdc_acm.c.obj)
 .text.cdc_acm_class_handle_req
                0x0000000008006bd4       0x98 zephyr/libzephyr.a(cdc_acm.c.obj)
                0x0000000008006bd4                cdc_acm_class_handle_req
 .text.cdc_acm_read_cb
                0x0000000008006c6c       0xac zephyr/libzephyr.a(cdc_acm.c.obj)
 .text.cdc_acm_dev_status_cb
                0x0000000008006d18      0x154 zephyr/libzephyr.a(cdc_acm.c.obj)
 .text.cdc_acm_init
                0x0000000008006e6c       0x48 zephyr/libzephyr.a(cdc_acm.c.obj)
 .text.cdc_acm_send_notification.isra.0
                0x0000000008006eb4       0x44 zephyr/libzephyr.a(cdc_acm.c.obj)
 .text.z_usb_work_q_init
                0x0000000008006ef8       0x34 zephyr/libzephyr.a(usb_work_q.c.obj)
 .text.cmd_kernel_version
                0x0000000008006f2c       0x2c zephyr/libzephyr.a(kernel_service.c.obj)
 .text.cmd_kernel_uptime
                0x0000000008006f58       0x24 zephyr/libzephyr.a(kernel_service.c.obj)
 .text.cmd_kernel_threads
                0x0000000008006f7c       0x38 zephyr/libzephyr.a(kernel_service.c.obj)
 .text.shell_tdata_dump
                0x0000000008006fb4      0x118 zephyr/libzephyr.a(kernel_service.c.obj)
 .text.cmd_kernel_stacks
                0x00000000080070cc       0x74 zephyr/libzephyr.a(kernel_service.c.obj)
 .text.cmd_kernel_cycles
                0x0000000008007140       0x1c zephyr/libzephyr.a(kernel_service.c.obj)
 .text.cmd_kernel_log_level_set
                0x000000000800715c       0x80 zephyr/libzephyr.a(kernel_service.c.obj)
 .text.cmd_kernel_sleep
                0x00000000080071dc       0x40 zephyr/libzephyr.a(kernel_service.c.obj)
 .text.shell_stack_dump
                0x000000000800721c       0x64 zephyr/libzephyr.a(kernel_service.c.obj)
 .text.cmd_device_list
                0x0000000008007280       0x8c zephyr/libzephyr.a(device_service.c.obj)
 .text.date_print
                0x000000000800730c       0x30 zephyr/libzephyr.a(date_service.c.obj)
 .text.get_h_m_s
                0x000000000800733c       0xa8 zephyr/libzephyr.a(date_service.c.obj)
 .text.cmd_date_set
                0x00000000080073e4      0x120 zephyr/libzephyr.a(date_service.c.obj)
 .text.cmd_devmem
                0x0000000008007504       0xcc zephyr/libzephyr.a(devmem_service.c.obj)
 .text.cmd_dump
                0x00000000080075d0      0x188 zephyr/libzephyr.a(devmem_service.c.obj)
 .text.set_bypass.isra.0
                0x0000000008007758       0x50 zephyr/libzephyr.a(devmem_service.c.obj)
 .text.bypass_cb
                0x00000000080077a8      0x118 zephyr/libzephyr.a(devmem_service.c.obj)
 .text.cmd_load
                0x00000000080078c0       0xd8 zephyr/libzephyr.a(devmem_service.c.obj)
 .text.enable_shell_uart
                0x0000000008007998       0x38 zephyr/libzephyr.a(shell_uart.c.obj)
 .text.init     0x00000000080079d0       0x58 zephyr/libzephyr.a(shell_uart.c.obj)
 .text.uart_callback
                0x0000000008007a28      0x10c zephyr/libzephyr.a(shell_uart.c.obj)
 .text.shell_backend_uart_get_ptr
                0x0000000008007b34        0x8 zephyr/libzephyr.a(shell_uart.c.obj)
                0x0000000008007b34                shell_backend_uart_get_ptr
 .text.shell_internal_help_print
                0x0000000008007b3c       0x20 zephyr/libzephyr.a(shell.c.obj)
 .text.z_cursor_next_line_move.isra.0
                0x0000000008007b5c        0xc zephyr/libzephyr.a(shell.c.obj)
 .text.history_handle
                0x0000000008007b68       0xa8 zephyr/libzephyr.a(shell.c.obj)
 .text.execute  0x0000000008007c10      0x2c0 zephyr/libzephyr.a(shell.c.obj)
 .text.state_set.constprop.0
                0x0000000008007ed0       0x4c zephyr/libzephyr.a(shell.c.obj)
 .text.shell_process
                0x0000000008007f1c      0x6c8 zephyr/libzephyr.a(shell.c.obj)
                0x0000000008007f1c                shell_process
 .text.shell_init
                0x00000000080085e4       0xf8 zephyr/libzephyr.a(shell.c.obj)
                0x00000000080085e4                shell_init
 .text.shell_start
                0x00000000080086dc       0x54 zephyr/libzephyr.a(shell.c.obj)
                0x00000000080086dc                shell_start
 .text.shell_thread
                0x0000000008008730       0xa0 zephyr/libzephyr.a(shell.c.obj)
                0x0000000008008730                shell_thread
 .text.cmd_help
                0x00000000080087d0       0x4c zephyr/libzephyr.a(shell.c.obj)
 .text.shell_hexdump_line
                0x000000000800881c       0xe8 zephyr/libzephyr.a(shell.c.obj)
                0x000000000800881c                shell_hexdump_line
 .text.z_shell_fprintf_fmt
                0x0000000008008904       0x30 zephyr/libzephyr.a(shell_fprintf.c.obj)
                0x0000000008008904                z_shell_fprintf_fmt
 .text.z_shell_make_argv
                0x0000000008008934      0x1b8 zephyr/libzephyr.a(shell_utils.c.obj)
                0x0000000008008934                z_shell_make_argv
 .text.z_shell_cmd_get
                0x0000000008008aec       0x74 zephyr/libzephyr.a(shell_utils.c.obj)
                0x0000000008008aec                z_shell_cmd_get
 .text.z_shell_spaces_trim
                0x0000000008008b60       0x6c zephyr/libzephyr.a(shell_utils.c.obj)
                0x0000000008008b60                z_shell_spaces_trim
 .text.z_shell_cmd_trim
                0x0000000008008bcc       0x70 zephyr/libzephyr.a(shell_utils.c.obj)
                0x0000000008008bcc                z_shell_cmd_trim
 .text.z_clear_eos
                0x0000000008008c3c       0x18 zephyr/libzephyr.a(shell_ops.c.obj)
 .text.z_cursor_next_line_move.isra.0
                0x0000000008008c54        0xc zephyr/libzephyr.a(shell_ops.c.obj)
 .text.z_shell_op_cursor_vert_move
                0x0000000008008c60       0x2c zephyr/libzephyr.a(shell_ops.c.obj)
                0x0000000008008c60                z_shell_op_cursor_vert_move
 .text.z_shell_op_cursor_horiz_move
                0x0000000008008c8c       0x2c zephyr/libzephyr.a(shell_ops.c.obj)
                0x0000000008008c8c                z_shell_op_cursor_horiz_move
 .text.z_shell_op_cursor_word_move
                0x0000000008008cb8       0x78 zephyr/libzephyr.a(shell_ops.c.obj)
                0x0000000008008cb8                z_shell_op_cursor_word_move
 .text.z_shell_print_cmd
                0x0000000008008d30       0x10 zephyr/libzephyr.a(shell_ops.c.obj)
                0x0000000008008d30                z_shell_print_cmd
 .text.z_shell_vt100_color_set
                0x0000000008008d40       0x40 zephyr/libzephyr.a(shell_ops.c.obj)
                0x0000000008008d40                z_shell_vt100_color_set
 .text.z_shell_vt100_colors_restore
                0x0000000008008d80       0x3c zephyr/libzephyr.a(shell_ops.c.obj)
                0x0000000008008d80                z_shell_vt100_colors_restore
 .text.z_shell_op_word_remove
                0x0000000008008dbc       0xc0 zephyr/libzephyr.a(shell_ops.c.obj)
                0x0000000008008dbc                z_shell_op_word_remove
 .text.reprint_from_cursor
                0x0000000008008e7c       0x74 zephyr/libzephyr.a(shell_ops.c.obj)
 .text.z_shell_op_char_insert
                0x0000000008008ef0       0x6c zephyr/libzephyr.a(shell_ops.c.obj)
                0x0000000008008ef0                z_shell_op_char_insert
 .text.z_shell_print_prompt_and_cmd
                0x0000000008008f5c       0x30 zephyr/libzephyr.a(shell_ops.c.obj)
                0x0000000008008f5c                z_shell_print_prompt_and_cmd
 .text.z_cursor_next_line_move.isra.0
                0x0000000008008f8c        0xc zephyr/libzephyr.a(shell_help.c.obj)
 .text.formatted_text_print.constprop.0
                0x0000000008008f98       0xe4 zephyr/libzephyr.a(shell_help.c.obj)
 .text.z_shell_help_subcmd_print
                0x000000000800907c       0xe4 zephyr/libzephyr.a(shell_help.c.obj)
                0x000000000800907c                z_shell_help_subcmd_print
 .text.z_shell_help_cmd_print
                0x0000000008009160       0x40 zephyr/libzephyr.a(shell_help.c.obj)
                0x0000000008009160                z_shell_help_cmd_print
 .text.z_shell_help_request
                0x00000000080091a0       0x28 zephyr/libzephyr.a(shell_help.c.obj)
                0x00000000080091a0                z_shell_help_request
 .text.cmd_resize_default
                0x00000000080091c8       0x2c zephyr/libzephyr.a(shell_cmds.c.obj)
 .text.cmd_shell_stats_show
                0x00000000080091f4       0x18 zephyr/libzephyr.a(shell_cmds.c.obj)
 .text.cmd_backends
                0x000000000800920c       0x50 zephyr/libzephyr.a(shell_cmds.c.obj)
 .text.cmd_prompt_off
                0x000000000800925c       0x10 zephyr/libzephyr.a(shell_cmds.c.obj)
 .text.cmd_history
                0x000000000800926c       0x44 zephyr/libzephyr.a(shell_cmds.c.obj)
 .text.cmd_get_retval
                0x00000000080092b0       0x1c zephyr/libzephyr.a(shell_cmds.c.obj)
 .text.cmd_echo
                0x00000000080092cc       0x58 zephyr/libzephyr.a(shell_cmds.c.obj)
 .text.cmd_clear
                0x0000000008009324       0x34 zephyr/libzephyr.a(shell_cmds.c.obj)
 .text.cmd_resize
                0x0000000008009358      0x1a8 zephyr/libzephyr.a(shell_cmds.c.obj)
 .text.z_shell_wildcard_process
                0x0000000008009500       0xe4 zephyr/libzephyr.a(shell_wildcard.c.obj)
                0x0000000008009500                z_shell_wildcard_process
 .text.z_arm_cpu_idle_init
                0x00000000080095e4        0xc zephyr/arch/arch/arm/core/aarch32/libarch__arm__core__aarch32.a(cpu_idle.S.obj)
                0x00000000080095e4                z_arm_cpu_idle_init
 .text.arch_cpu_idle
                0x00000000080095f0       0x1c zephyr/arch/arch/arm/core/aarch32/libarch__arm__core__aarch32.a(cpu_idle.S.obj)
                0x00000000080095f0                arch_cpu_idle
 .text.z_arm_fatal_error
                0x000000000800960c       0xec zephyr/arch/arch/arm/core/aarch32/libarch__arm__core__aarch32.a(fatal.c.obj)
                0x000000000800960c                z_arm_fatal_error
 .text.arch_irq_enable
                0x00000000080096f8       0x1c zephyr/arch/arch/arm/core/aarch32/libarch__arm__core__aarch32.a(irq_manage.c.obj)
                0x00000000080096f8                arch_irq_enable
 .text.arch_irq_disable
                0x0000000008009714       0x28 zephyr/arch/arch/arm/core/aarch32/libarch__arm__core__aarch32.a(irq_manage.c.obj)
                0x0000000008009714                arch_irq_disable
 .text.z_arm_irq_priority_set
                0x000000000800973c       0x30 zephyr/arch/arch/arm/core/aarch32/libarch__arm__core__aarch32.a(irq_manage.c.obj)
                0x000000000800973c                z_arm_irq_priority_set
 .text.z_SysNmiOnReset
                0x000000000800976c        0x8 zephyr/arch/arch/arm/core/aarch32/libarch__arm__core__aarch32.a(nmi_on_reset.S.obj)
                0x000000000800976c                z_SysNmiOnReset
 .text.z_arm_prep_c
                0x0000000008009774       0x48 zephyr/arch/arch/arm/core/aarch32/libarch__arm__core__aarch32.a(prep_c.c.obj)
                0x0000000008009774                z_arm_prep_c
 .text.arch_swap
                0x00000000080097bc       0x38 zephyr/arch/arch/arm/core/aarch32/libarch__arm__core__aarch32.a(swap.c.obj)
                0x00000000080097bc                arch_swap
 .text.z_arm_pendsv
                0x00000000080097f4       0x6c zephyr/arch/arch/arm/core/aarch32/libarch__arm__core__aarch32.a(swap_helper.S.obj)
                0x00000000080097f4                z_arm_pendsv
 .text.z_arm_svc
                0x0000000008009860       0x20 zephyr/arch/arch/arm/core/aarch32/libarch__arm__core__aarch32.a(swap_helper.S.obj)
                0x0000000008009860                z_arm_svc
 .text.arch_new_thread
                0x0000000008009880       0x38 zephyr/arch/arch/arm/core/aarch32/libarch__arm__core__aarch32.a(thread.c.obj)
                0x0000000008009880                arch_new_thread
 .text.z_check_thread_stack_fail
                0x00000000080098b8       0x30 zephyr/arch/arch/arm/core/aarch32/libarch__arm__core__aarch32.a(thread.c.obj)
                0x00000000080098b8                z_check_thread_stack_fail
 .text.arch_switch_to_main_thread
                0x00000000080098e8       0x34 zephyr/arch/arch/arm/core/aarch32/libarch__arm__core__aarch32.a(thread.c.obj)
                0x00000000080098e8                arch_switch_to_main_thread
 .text._isr_wrapper
                0x000000000800991c       0x28 zephyr/arch/arch/arm/core/aarch32/libarch__arm__core__aarch32.a(isr_wrapper.S.obj)
                0x000000000800991c                _isr_wrapper
 .text._HandlerModeExit
                0x0000000008009944       0x1c zephyr/arch/arch/arm/core/aarch32/cortex_m/libarch__arm__core__aarch32__cortex_m.a(exc_exit.S.obj)
                0x0000000008009944                z_arm_exc_exit
                0x0000000008009944                z_arm_int_exit
 .text.bus_fault.constprop.0
                0x0000000008009960      0x18c zephyr/arch/arch/arm/core/aarch32/cortex_m/libarch__arm__core__aarch32__cortex_m.a(fault.c.obj)
 .text.usage_fault.constprop.0
                0x0000000008009aec      0x134 zephyr/arch/arch/arm/core/aarch32/cortex_m/libarch__arm__core__aarch32__cortex_m.a(fault.c.obj)
 .text.mem_manage_fault
                0x0000000008009c20      0x1a8 zephyr/arch/arch/arm/core/aarch32/cortex_m/libarch__arm__core__aarch32__cortex_m.a(fault.c.obj)
 .text.z_arm_fault
                0x0000000008009dc8      0x274 zephyr/arch/arch/arm/core/aarch32/cortex_m/libarch__arm__core__aarch32__cortex_m.a(fault.c.obj)
                0x0000000008009dc8                z_arm_fault
 .text.z_arm_fault_init
                0x000000000800a03c       0x10 zephyr/arch/arch/arm/core/aarch32/cortex_m/libarch__arm__core__aarch32__cortex_m.a(fault.c.obj)
                0x000000000800a03c                z_arm_fault_init
 .text.__fault  0x000000000800a04c       0x14 zephyr/arch/arch/arm/core/aarch32/cortex_m/libarch__arm__core__aarch32__cortex_m.a(fault_s.S.obj)
                0x000000000800a04c                z_arm_bus_fault
                0x000000000800a04c                z_arm_usage_fault
                0x000000000800a04c                z_arm_mpu_fault
                0x000000000800a04c                z_arm_exc_spurious
                0x000000000800a04c                z_arm_debug_monitor
                0x000000000800a04c                z_arm_hard_fault
 .text.z_arm_interrupt_init
                0x000000000800a060       0x18 zephyr/arch/arch/arm/core/aarch32/cortex_m/libarch__arm__core__aarch32__cortex_m.a(irq_init.c.obj)
                0x000000000800a060                z_arm_interrupt_init
 .text._reset_section
                0x000000000800a078       0x38 zephyr/arch/arch/arm/core/aarch32/cortex_m/libarch__arm__core__aarch32__cortex_m.a(reset.S.obj)
                0x000000000800a078                z_arm_reset
                0x000000000800a078                __start
 .text.z_impl_k_thread_abort
                0x000000000800a0b0       0x2c zephyr/arch/arch/arm/core/aarch32/cortex_m/libarch__arm__core__aarch32__cortex_m.a(thread_abort.c.obj)
                0x000000000800a0b0                z_impl_k_thread_abort
 .text.arch_timing_init
                0x000000000800a0dc       0x28 zephyr/arch/arch/arm/core/aarch32/cortex_m/libarch__arm__core__aarch32__cortex_m.a(timing.c.obj)
                0x000000000800a0dc                arch_timing_init
 .text.arch_timing_start
                0x000000000800a104       0x14 zephyr/arch/arch/arm/core/aarch32/cortex_m/libarch__arm__core__aarch32__cortex_m.a(timing.c.obj)
                0x000000000800a104                arch_timing_start
 .text.arch_timing_counter_get
                0x000000000800a118        0xc zephyr/arch/arch/arm/core/aarch32/cortex_m/libarch__arm__core__aarch32__cortex_m.a(timing.c.obj)
                0x000000000800a118                arch_timing_counter_get
 .text.z_arm_configure_static_mpu_regions
                0x000000000800a124       0x18 zephyr/arch/arch/arm/core/aarch32/mpu/libarch__arm__core__aarch32__mpu.a(arm_core_mpu.c.obj)
                0x000000000800a124                z_arm_configure_static_mpu_regions
 .text.z_arm_configure_dynamic_mpu_regions
                0x000000000800a13c       0x24 zephyr/arch/arch/arm/core/aarch32/mpu/libarch__arm__core__aarch32__mpu.a(arm_core_mpu.c.obj)
                0x000000000800a13c                z_arm_configure_dynamic_mpu_regions
 .text.mpu_configure_regions
                0x000000000800a160       0xdc zephyr/arch/arch/arm/core/aarch32/mpu/libarch__arm__core__aarch32__mpu.a(arm_mpu.c.obj)
 .text.arm_core_mpu_enable
                0x000000000800a23c       0x18 zephyr/arch/arch/arm/core/aarch32/mpu/libarch__arm__core__aarch32__mpu.a(arm_mpu.c.obj)
                0x000000000800a23c                arm_core_mpu_enable
 .text.arm_core_mpu_disable
                0x000000000800a254       0x14 zephyr/arch/arch/arm/core/aarch32/mpu/libarch__arm__core__aarch32__mpu.a(arm_mpu.c.obj)
                0x000000000800a254                arm_core_mpu_disable
 .text.arm_core_mpu_configure_static_mpu_regions
                0x000000000800a268       0x14 zephyr/arch/arch/arm/core/aarch32/mpu/libarch__arm__core__aarch32__mpu.a(arm_mpu.c.obj)
                0x000000000800a268                arm_core_mpu_configure_static_mpu_regions
 .text.arm_core_mpu_configure_dynamic_mpu_regions
                0x000000000800a27c       0x30 zephyr/arch/arch/arm/core/aarch32/mpu/libarch__arm__core__aarch32__mpu.a(arm_mpu.c.obj)
                0x000000000800a27c                arm_core_mpu_configure_dynamic_mpu_regions
 .text.z_arm_mpu_init
                0x000000000800a2ac       0x60 zephyr/arch/arch/arm/core/aarch32/mpu/libarch__arm__core__aarch32__mpu.a(arm_mpu.c.obj)
                0x000000000800a2ac                z_arm_mpu_init
 .text.__stdout_hook_install
                0x000000000800a30c        0xc zephyr/lib/libc/newlib/liblib__libc__newlib.a(libc-hooks.c.obj)
                0x000000000800a30c                __stdout_hook_install
 .text.z_impl_zephyr_read_stdin
                0x000000000800a318       0x28 zephyr/lib/libc/newlib/liblib__libc__newlib.a(libc-hooks.c.obj)
                0x000000000800a318                z_impl_zephyr_read_stdin
 .text.z_impl_zephyr_write_stdout
                0x000000000800a340       0x30 zephyr/lib/libc/newlib/liblib__libc__newlib.a(libc-hooks.c.obj)
                0x000000000800a340                z_impl_zephyr_write_stdout
 .text._sbrk    0x000000000800a370       0x28 zephyr/lib/libc/newlib/liblib__libc__newlib.a(libc-hooks.c.obj)
                0x000000000800a370                _sbrk
                0x000000000800a370                sbrk
 .text.abort    0x000000000800a398       0x18 zephyr/lib/libc/common/liblib__libc__common.a(abort.c.obj)
                0x000000000800a398                abort
 .text.foldcase
                0x000000000800a3b0       0x18 zephyr/lib/posix/liblib__posix.a(fnmatch.c.obj)
 .text.z_impl_clock_gettime
                0x000000000800a3c8       0x90 zephyr/lib/posix/liblib__posix.a(clock.c.obj)
                0x000000000800a3c8                z_impl_clock_gettime
 .text.timing_init
                0x000000000800a458       0x18 zephyr/subsys/timing/libsubsys__timing.a(timing.c.obj)
                0x000000000800a458                timing_init
 .text.timing_start
                0x000000000800a470       0x24 zephyr/subsys/timing/libsubsys__timing.a(timing.c.obj)
                0x000000000800a470                timing_start
 .text.stm32_exti_isr
                0x000000000800a494       0x4c zephyr/drivers/interrupt_controller/libdrivers__interrupt_controller.a(intc_exti_stm32.c.obj)
 .text.stm32_fill_irq_table
                0x000000000800a4e0       0x18 zephyr/drivers/interrupt_controller/libdrivers__interrupt_controller.a(intc_exti_stm32.c.obj)
 .text.stm32_exti_enable
                0x000000000800a4f8       0x24 zephyr/drivers/interrupt_controller/libdrivers__interrupt_controller.a(intc_exti_stm32.c.obj)
                0x000000000800a4f8                stm32_exti_enable
 .text.stm32_exti_disable
                0x000000000800a51c       0x18 zephyr/drivers/interrupt_controller/libdrivers__interrupt_controller.a(intc_exti_stm32.c.obj)
                0x000000000800a51c                stm32_exti_disable
 .text.stm32_exti_trigger
                0x000000000800a534       0x60 zephyr/drivers/interrupt_controller/libdrivers__interrupt_controller.a(intc_exti_stm32.c.obj)
                0x000000000800a534                stm32_exti_trigger
 .text.stm32_exti_set_callback
                0x000000000800a594       0x30 zephyr/drivers/interrupt_controller/libdrivers__interrupt_controller.a(intc_exti_stm32.c.obj)
                0x000000000800a594                stm32_exti_set_callback
 .text.stm32_exti_unset_callback
                0x000000000800a5c4       0x14 zephyr/drivers/interrupt_controller/libdrivers__interrupt_controller.a(intc_exti_stm32.c.obj)
                0x000000000800a5c4                stm32_exti_unset_callback
 .text.usb_dc_stm32_get_ep_state
                0x000000000800a5d8       0x28 zephyr/drivers/usb/device/libdrivers__usb__device.a(usb_dc_stm32.c.obj)
 .text.usb_dc_stm32_isr
                0x000000000800a600        0xc zephyr/drivers/usb/device/libdrivers__usb__device.a(usb_dc_stm32.c.obj)
 .text.usb_dc_ep_read_continue.part.0
                0x000000000800a60c       0x3c zephyr/drivers/usb/device/libdrivers__usb__device.a(usb_dc_stm32.c.obj)
 .text.usb_dc_ep_get_read_count.part.0
                0x000000000800a648       0x3c zephyr/drivers/usb/device/libdrivers__usb__device.a(usb_dc_stm32.c.obj)
 .text.usb_dc_attach
                0x000000000800a684      0x1dc zephyr/drivers/usb/device/libdrivers__usb__device.a(usb_dc_stm32.c.obj)
                0x000000000800a684                usb_dc_attach
 .text.usb_dc_set_status_callback
                0x000000000800a860        0xc zephyr/drivers/usb/device/libdrivers__usb__device.a(usb_dc_stm32.c.obj)
                0x000000000800a860                usb_dc_set_status_callback
 .text.usb_dc_set_address
                0x000000000800a86c       0x4c zephyr/drivers/usb/device/libdrivers__usb__device.a(usb_dc_stm32.c.obj)
                0x000000000800a86c                usb_dc_set_address
 .text.usb_dc_ep_start_read
                0x000000000800a8b8       0x9c zephyr/drivers/usb/device/libdrivers__usb__device.a(usb_dc_stm32.c.obj)
                0x000000000800a8b8                usb_dc_ep_start_read
 .text.usb_dc_ep_get_read_count
                0x000000000800a954       0x24 zephyr/drivers/usb/device/libdrivers__usb__device.a(usb_dc_stm32.c.obj)
                0x000000000800a954                usb_dc_ep_get_read_count
 .text.usb_dc_ep_check_cap
                0x000000000800a978       0x50 zephyr/drivers/usb/device/libdrivers__usb__device.a(usb_dc_stm32.c.obj)
                0x000000000800a978                usb_dc_ep_check_cap
 .text.usb_dc_ep_configure
                0x000000000800a9c8       0x60 zephyr/drivers/usb/device/libdrivers__usb__device.a(usb_dc_stm32.c.obj)
                0x000000000800a9c8                usb_dc_ep_configure
 .text.usb_dc_ep_set_stall
                0x000000000800aa28       0x60 zephyr/drivers/usb/device/libdrivers__usb__device.a(usb_dc_stm32.c.obj)
                0x000000000800aa28                usb_dc_ep_set_stall
 .text.usb_dc_ep_clear_stall
                0x000000000800aa88       0x60 zephyr/drivers/usb/device/libdrivers__usb__device.a(usb_dc_stm32.c.obj)
                0x000000000800aa88                usb_dc_ep_clear_stall
 .text.usb_dc_ep_enable
                0x000000000800aae8       0x78 zephyr/drivers/usb/device/libdrivers__usb__device.a(usb_dc_stm32.c.obj)
                0x000000000800aae8                usb_dc_ep_enable
 .text.usb_dc_ep_disable
                0x000000000800ab60       0x58 zephyr/drivers/usb/device/libdrivers__usb__device.a(usb_dc_stm32.c.obj)
                0x000000000800ab60                usb_dc_ep_disable
 .text.usb_dc_ep_write
                0x000000000800abb8      0x124 zephyr/drivers/usb/device/libdrivers__usb__device.a(usb_dc_stm32.c.obj)
                0x000000000800abb8                usb_dc_ep_write
 .text.usb_dc_ep_read_wait
                0x000000000800acdc       0xd8 zephyr/drivers/usb/device/libdrivers__usb__device.a(usb_dc_stm32.c.obj)
                0x000000000800acdc                usb_dc_ep_read_wait
 .text.usb_dc_ep_read_continue
                0x000000000800adb4       0x38 zephyr/drivers/usb/device/libdrivers__usb__device.a(usb_dc_stm32.c.obj)
                0x000000000800adb4                usb_dc_ep_read_continue
 .text.HAL_PCD_ResetCallback
                0x000000000800adec       0x48 zephyr/drivers/usb/device/libdrivers__usb__device.a(usb_dc_stm32.c.obj)
                0x000000000800adec                HAL_PCD_ResetCallback
 .text.HAL_PCD_SuspendCallback
                0x000000000800ae34       0x14 zephyr/drivers/usb/device/libdrivers__usb__device.a(usb_dc_stm32.c.obj)
                0x000000000800ae34                HAL_PCD_SuspendCallback
 .text.HAL_PCD_ResumeCallback
                0x000000000800ae48       0x14 zephyr/drivers/usb/device/libdrivers__usb__device.a(usb_dc_stm32.c.obj)
                0x000000000800ae48                HAL_PCD_ResumeCallback
 .text.HAL_PCD_SetupStageCallback
                0x000000000800ae5c       0x44 zephyr/drivers/usb/device/libdrivers__usb__device.a(usb_dc_stm32.c.obj)
                0x000000000800ae5c                HAL_PCD_SetupStageCallback
 .text.adc_gain_invert
                0x000000000800aea0       0x2c zephyr/drivers/adc/libdrivers__adc.a(adc_common.c.obj)
                0x000000000800aea0                adc_gain_invert
 .text.get_adc  0x000000000800aecc       0x1c zephyr/drivers/adc/libdrivers__adc.a(adc_shell.c.obj)
 .text.cmd_adc_print
                0x000000000800aee8       0x48 zephyr/drivers/adc/libdrivers__adc.a(adc_shell.c.obj)
 .text.cmd_adc_reso
                0x000000000800af30       0x68 zephyr/drivers/adc/libdrivers__adc.a(adc_shell.c.obj)
 .text.cmd_adc_dev_get
                0x000000000800af98       0x28 zephyr/drivers/adc/libdrivers__adc.a(adc_shell.c.obj)
 .text.cmd_adc_gain.constprop.0
                0x000000000800afc0       0x68 zephyr/drivers/adc/libdrivers__adc.a(adc_shell.c.obj)
 .text.cmd_adc_ref.constprop.0
                0x000000000800b028       0x64 zephyr/drivers/adc/libdrivers__adc.a(adc_shell.c.obj)
 .text.cmd_adc_acq
                0x000000000800b08c       0xb0 zephyr/drivers/adc/libdrivers__adc.a(adc_shell.c.obj)
 .text.cmd_adc_ch_id
                0x000000000800b13c       0x6c zephyr/drivers/adc/libdrivers__adc.a(adc_shell.c.obj)
 .text.cmd_adc_read
                0x000000000800b1a8       0x8c zephyr/drivers/adc/libdrivers__adc.a(adc_shell.c.obj)
 .text.adc_stm32_irq_init
                0x000000000800b234       0x24 zephyr/drivers/adc/libdrivers__adc.a(adc_stm32.c.obj)
 .text.adc_stm32_channel_setup
                0x000000000800b258      0x1c0 zephyr/drivers/adc/libdrivers__adc.a(adc_stm32.c.obj)
 .text.adc_stm32_unset_common_path.isra.0
                0x000000000800b418       0x38 zephyr/drivers/adc/libdrivers__adc.a(adc_stm32.c.obj)
 .text.adc_stm32_set_common_path.isra.0
                0x000000000800b450       0x34 zephyr/drivers/adc/libdrivers__adc.a(adc_stm32.c.obj)
 .text.adc_stm32_read
                0x000000000800b484      0x380 zephyr/drivers/adc/libdrivers__adc.a(adc_stm32.c.obj)
 .text.adc_stm32_init
                0x000000000800b804      0x19c zephyr/drivers/adc/libdrivers__adc.a(adc_stm32.c.obj)
 .text.adc_stm32_shared_irq_handler
                0x000000000800b9a0      0x140 zephyr/drivers/adc/libdrivers__adc.a(adc_stm32.c.obj)
 .text.stm32_clock_control_get_subsys_rate
                0x000000000800bae0       0x60 zephyr/drivers/clock_control/libdrivers__clock_control.a(clock_stm32_ll_common.c.obj)
 .text.stm32_clock_control_init
                0x000000000800bb40       0xf4 zephyr/drivers/clock_control/libdrivers__clock_control.a(clock_stm32_ll_common.c.obj)
                0x000000000800bb40                stm32_clock_control_init
 .text.config_pll_sysclock
                0x000000000800bc34       0x1c zephyr/drivers/clock_control/libdrivers__clock_control.a(clock_stm32f0_f3.c.obj)
                0x000000000800bc34                config_pll_sysclock
 .text.get_pllout_frequency
                0x000000000800bc50       0x20 zephyr/drivers/clock_control/libdrivers__clock_control.a(clock_stm32f0_f3.c.obj)
                0x000000000800bc50                get_pllout_frequency
 .text.config_enable_default_clocks
                0x000000000800bc70       0x30 zephyr/drivers/clock_control/libdrivers__clock_control.a(clock_stm32f0_f3.c.obj)
                0x000000000800bc70                config_enable_default_clocks
 .text.uart_console_init
                0x000000000800bca0       0x28 zephyr/drivers/console/libdrivers__console.a(uart_console.c.obj)
 .text.console_out
                0x000000000800bcc8       0x28 zephyr/drivers/console/libdrivers__console.a(uart_console.c.obj)
 .text.gpio_stm32_init
                0x000000000800bcf0       0x30 zephyr/drivers/gpio/libdrivers__gpio.a(gpio_stm32.c.obj)
 .text.gpio_stm32_pin_interrupt_configure
                0x000000000800bd20      0x108 zephyr/drivers/gpio/libdrivers__gpio.a(gpio_stm32.c.obj)
 .text.print_all_reset_causes
                0x000000000800be28      0x118 zephyr/drivers/hwinfo/libdrivers__hwinfo.a(hwinfo_shell.c.obj)
 .text.cmd_show_reset_cause
                0x000000000800bf40       0x60 zephyr/drivers/hwinfo/libdrivers__hwinfo.a(hwinfo_shell.c.obj)
 .text.cmd_supported_reset_cause
                0x000000000800bfa0       0x68 zephyr/drivers/hwinfo/libdrivers__hwinfo.a(hwinfo_shell.c.obj)
 .text.cmd_clear_reset_cause
                0x000000000800c008       0x3c zephyr/drivers/hwinfo/libdrivers__hwinfo.a(hwinfo_shell.c.obj)
 .text.cmd_get_device_id
                0x000000000800c044       0x94 zephyr/drivers/hwinfo/libdrivers__hwinfo.a(hwinfo_shell.c.obj)
 .text.z_impl_hwinfo_get_device_id
                0x000000000800c0d8       0x38 zephyr/drivers/hwinfo/libdrivers__hwinfo.a(hwinfo_stm32.c.obj)
                0x000000000800c0d8                z_impl_hwinfo_get_device_id
 .text.z_impl_hwinfo_get_reset_cause
                0x000000000800c110       0x58 zephyr/drivers/hwinfo/libdrivers__hwinfo.a(hwinfo_stm32.c.obj)
                0x000000000800c110                z_impl_hwinfo_get_reset_cause
 .text.z_impl_hwinfo_clear_reset_cause
                0x000000000800c168       0x20 zephyr/drivers/hwinfo/libdrivers__hwinfo.a(hwinfo_stm32.c.obj)
                0x000000000800c168                z_impl_hwinfo_clear_reset_cause
 .text.pinctrl_configure_pins
                0x000000000800c188       0x84 zephyr/drivers/pinctrl/libdrivers__pinctrl.a(pinctrl_stm32.c.obj)
                0x000000000800c188                pinctrl_configure_pins
 .text.uart_stm32_irq_err_enable
                0x000000000800c20c       0x64 zephyr/drivers/serial/libdrivers__serial.a(uart_stm32.c.obj)
 .text.uart_stm32_irq_err_disable
                0x000000000800c270       0x64 zephyr/drivers/serial/libdrivers__serial.a(uart_stm32.c.obj)
 .text.uart_stm32_set_baudrate.part.0
                0x000000000800c2d4       0x2c zephyr/drivers/serial/libdrivers__serial.a(uart_stm32.c.obj)
 .text.uart_stm32_parameters_set
                0x000000000800c300      0x128 zephyr/drivers/serial/libdrivers__serial.a(uart_stm32.c.obj)
 .text.uart_stm32_init
                0x000000000800c428      0x1ec zephyr/drivers/serial/libdrivers__serial.a(uart_stm32.c.obj)
 .text.uart_stm32_configure
                0x000000000800c614      0x144 zephyr/drivers/serial/libdrivers__serial.a(uart_stm32.c.obj)
 .text.elapsed  0x000000000800c758       0x3c zephyr/drivers/timer/libdrivers__timer.a(cortex_m_systick.c.obj)
 .text.sys_clock_driver_init
                0x000000000800c794       0x34 zephyr/drivers/timer/libdrivers__timer.a(cortex_m_systick.c.obj)
 .text.sys_clock_isr
                0x000000000800c7c8       0x54 zephyr/drivers/timer/libdrivers__timer.a(cortex_m_systick.c.obj)
                0x000000000800c7c8                sys_clock_isr
 .text.sys_clock_set_timeout
                0x000000000800c81c       0xf4 zephyr/drivers/timer/libdrivers__timer.a(cortex_m_systick.c.obj)
                0x000000000800c81c                sys_clock_set_timeout
 .text.sys_clock_elapsed
                0x000000000800c910       0x3c zephyr/drivers/timer/libdrivers__timer.a(cortex_m_systick.c.obj)
                0x000000000800c910                sys_clock_elapsed
 .text.sys_clock_cycle_get_32
                0x000000000800c94c       0x2c zephyr/drivers/timer/libdrivers__timer.a(cortex_m_systick.c.obj)
                0x000000000800c94c                sys_clock_cycle_get_32
 .text.HAL_RCC_GetSysClockFreq
                0x000000000800c978       0x6c modules/stm32/stm32cube/lib..__modules__hal__stm32__stm32cube.a(stm32f3xx_hal_rcc.c.obj)
                0x000000000800c978                HAL_RCC_GetSysClockFreq
 .text.HAL_PCD_IRQHandler
                0x000000000800c9e4      0x9f8 modules/stm32/stm32cube/lib..__modules__hal__stm32__stm32cube.a(stm32f3xx_hal_pcd.c.obj)
                0x000000000800c9e4                HAL_PCD_IRQHandler
 .text.USB_ActivateEndpoint
                0x000000000800d3dc      0x300 modules/stm32/stm32cube/lib..__modules__hal__stm32__stm32cube.a(stm32f3xx_ll_usb.c.obj)
                0x000000000800d3dc                USB_ActivateEndpoint
 .text.LL_SetFlashLatency
                0x000000000800d6dc       0x4c modules/stm32/stm32cube/lib..__modules__hal__stm32__stm32cube.a(stm32f3xx_ll_utils.c.obj)
                0x000000000800d6dc                LL_SetFlashLatency
 .text.z_impl_k_busy_wait
                0x000000000800d728       0x30 zephyr/kernel/libkernel.a(busy_wait.c.obj)
                0x000000000800d728                z_impl_k_busy_wait
 .text.z_device_get_all_static
                0x000000000800d758       0x18 zephyr/kernel/libkernel.a(device.c.obj)
                0x000000000800d758                z_device_get_all_static
 .text.z_impl_z_errno
                0x000000000800d770        0xc zephyr/kernel/libkernel.a(errno.c.obj)
                0x000000000800d770                z_impl_z_errno
 .text.k_sys_fatal_error_handler
                0x000000000800d77c       0x34 zephyr/kernel/libkernel.a(fatal.c.obj)
                0x000000000800d77c                k_sys_fatal_error_handler
 .text.z_fatal_error
                0x000000000800d7b0      0x11c zephyr/kernel/libkernel.a(fatal.c.obj)
                0x000000000800d7b0                z_fatal_error
 .text.z_sys_init_run_level
                0x000000000800d8cc       0x48 zephyr/kernel/libkernel.a(init.c.obj)
 .text.bg_thread_main
                0x000000000800d914       0x34 zephyr/kernel/libkernel.a(init.c.obj)
 .text.z_bss_zero
                0x000000000800d948       0x18 zephyr/kernel/libkernel.a(init.c.obj)
                0x000000000800d948                z_bss_zero
 .text.z_init_cpu
                0x000000000800d960       0x98 zephyr/kernel/libkernel.a(init.c.obj)
                0x000000000800d960                z_init_cpu
 .text.z_cstart
                0x000000000800d9f8       0xe4 zephyr/kernel/libkernel.a(init.c.obj)
                0x000000000800d9f8                z_cstart
 .text.init_mem_slab_module
                0x000000000800dadc       0x24 zephyr/kernel/libkernel.a(mem_slab.c.obj)
 .text.k_thread_foreach
                0x000000000800db00       0x38 zephyr/kernel/libkernel.a(thread.c.obj)
                0x000000000800db00                k_thread_foreach
 .text.z_thread_monitor_exit
                0x000000000800db38       0x44 zephyr/kernel/libkernel.a(thread.c.obj)
                0x000000000800db38                z_thread_monitor_exit
 .text.z_impl_k_thread_name_set
                0x000000000800db7c       0x20 zephyr/kernel/libkernel.a(thread.c.obj)
                0x000000000800db7c                z_impl_k_thread_name_set
 .text.k_thread_state_str
                0x000000000800db9c       0x9c zephyr/kernel/libkernel.a(thread.c.obj)
                0x000000000800db9c                k_thread_state_str
 .text.z_setup_new_thread
                0x000000000800dc38       0xe8 zephyr/kernel/libkernel.a(thread.c.obj)
                0x000000000800dc38                z_setup_new_thread
 .text.z_impl_k_thread_create
                0x000000000800dd20       0x58 zephyr/kernel/libkernel.a(thread.c.obj)
                0x000000000800dd20                z_impl_k_thread_create
 .text.z_init_static_threads
                0x000000000800dd78       0x98 zephyr/kernel/libkernel.a(thread.c.obj)
                0x000000000800dd78                z_init_static_threads
 .text.z_thread_mark_switched_in
                0x000000000800de10        0xc zephyr/kernel/libkernel.a(thread.c.obj)
                0x000000000800de10                z_thread_mark_switched_in
 .text.sys_kernel_version_get
                0x000000000800de1c        0x8 zephyr/kernel/libkernel.a(version.c.obj)
                0x000000000800de1c                sys_kernel_version_get
 .text.z_impl_k_mutex_lock
                0x000000000800de24       0xf4 zephyr/kernel/libkernel.a(mutex.c.obj)
                0x000000000800de24                z_impl_k_mutex_lock
 .text.z_impl_k_mutex_unlock
                0x000000000800df18       0x7c zephyr/kernel/libkernel.a(mutex.c.obj)
                0x000000000800df18                z_impl_k_mutex_unlock
 .text.z_impl_k_sem_give
                0x000000000800df94       0x4c zephyr/kernel/libkernel.a(sem.c.obj)
                0x000000000800df94                z_impl_k_sem_give
 .text.z_impl_k_sem_take
                0x000000000800dfe0       0x50 zephyr/kernel/libkernel.a(sem.c.obj)
                0x000000000800dfe0                z_impl_k_sem_take
 .text.work_queue_main
                0x000000000800e030      0x138 zephyr/kernel/libkernel.a(work.c.obj)
 .text.submit_to_queue_locked
                0x000000000800e168       0xb4 zephyr/kernel/libkernel.a(work.c.obj)
 .text.k_work_submit
                0x000000000800e21c        0xc zephyr/kernel/libkernel.a(work.c.obj)
                0x000000000800e21c                k_work_submit
 .text.k_work_queue_start
                0x000000000800e228       0x70 zephyr/kernel/libkernel.a(work.c.obj)
                0x000000000800e228                k_work_queue_start
 .text.k_work_schedule_for_queue
                0x000000000800e298       0x54 zephyr/kernel/libkernel.a(work.c.obj)
                0x000000000800e298                k_work_schedule_for_queue
 .text.sliceable
                0x000000000800e2ec       0x3c zephyr/kernel/libkernel.a(sched.c.obj)
 .text.slice_timeout
                0x000000000800e328       0x20 zephyr/kernel/libkernel.a(sched.c.obj)
 .text.z_reset_time_slice
                0x000000000800e348       0x50 zephyr/kernel/libkernel.a(sched.c.obj)
                0x000000000800e348                z_reset_time_slice
 .text.update_cache
                0x000000000800e398       0x3c zephyr/kernel/libkernel.a(sched.c.obj)
 .text.move_thread_to_end_of_prio_q
                0x000000000800e3d4       0x74 zephyr/kernel/libkernel.a(sched.c.obj)
 .text.ready_thread
                0x000000000800e448       0x68 zephyr/kernel/libkernel.a(sched.c.obj)
 .text.unready_thread
                0x000000000800e4b0       0x30 zephyr/kernel/libkernel.a(sched.c.obj)
 .text.pend_locked
                0x000000000800e4e0       0x30 zephyr/kernel/libkernel.a(sched.c.obj)
 .text.z_time_slice
                0x000000000800e510       0x60 zephyr/kernel/libkernel.a(sched.c.obj)
                0x000000000800e510                z_time_slice
 .text.z_pend_curr
                0x000000000800e570       0x3c zephyr/kernel/libkernel.a(sched.c.obj)
                0x000000000800e570                z_pend_curr
 .text.z_set_prio
                0x000000000800e5ac       0x8c zephyr/kernel/libkernel.a(sched.c.obj)
                0x000000000800e5ac                z_set_prio
 .text.z_reschedule
                0x000000000800e638       0x24 zephyr/kernel/libkernel.a(sched.c.obj)
                0x000000000800e638                z_reschedule
 .text.z_sched_start
                0x000000000800e65c       0x3c zephyr/kernel/libkernel.a(sched.c.obj)
                0x000000000800e65c                z_sched_start
 .text.z_impl_k_thread_suspend
                0x000000000800e698       0x64 zephyr/kernel/libkernel.a(sched.c.obj)
                0x000000000800e698                z_impl_k_thread_suspend
 .text.k_sched_lock
                0x000000000800e6fc       0x28 zephyr/kernel/libkernel.a(sched.c.obj)
                0x000000000800e6fc                k_sched_lock
 .text.k_sched_unlock
                0x000000000800e724       0x38 zephyr/kernel/libkernel.a(sched.c.obj)
                0x000000000800e724                k_sched_unlock
 .text.z_sched_init
                0x000000000800e75c       0x10 zephyr/kernel/libkernel.a(sched.c.obj)
                0x000000000800e75c                z_sched_init
 .text.z_impl_k_yield
                0x000000000800e76c       0x7c zephyr/kernel/libkernel.a(sched.c.obj)
                0x000000000800e76c                z_impl_k_yield
 .text.z_tick_sleep
                0x000000000800e7e8       0x88 zephyr/kernel/libkernel.a(sched.c.obj)
 .text.z_impl_k_sleep
                0x000000000800e870       0x30 zephyr/kernel/libkernel.a(sched.c.obj)
                0x000000000800e870                z_impl_k_sleep
 .text.z_impl_z_current_get
                0x000000000800e8a0        0xc zephyr/kernel/libkernel.a(sched.c.obj)
                0x000000000800e8a0                z_impl_z_current_get
 .text.z_thread_abort
                0x000000000800e8ac       0xc8 zephyr/kernel/libkernel.a(sched.c.obj)
                0x000000000800e8ac                z_thread_abort
 .text.z_sched_wait
                0x000000000800e974       0x24 zephyr/kernel/libkernel.a(sched.c.obj)
                0x000000000800e974                z_sched_wait
 .text.z_data_copy
                0x000000000800e998       0x34 zephyr/kernel/libkernel.a(xip.c.obj)
                0x000000000800e998                z_data_copy
 .text.elapsed  0x000000000800e9cc       0x14 zephyr/kernel/libkernel.a(timeout.c.obj)
 .text.next_timeout
                0x000000000800e9e0       0x40 zephyr/kernel/libkernel.a(timeout.c.obj)
 .text.remove_timeout
                0x000000000800ea20       0x38 zephyr/kernel/libkernel.a(timeout.c.obj)
 .text.z_add_timeout
                0x000000000800ea58       0xec zephyr/kernel/libkernel.a(timeout.c.obj)
                0x000000000800ea58                z_add_timeout
 .text.sys_clock_announce
                0x000000000800eb44       0xd4 zephyr/kernel/libkernel.a(timeout.c.obj)
                0x000000000800eb44                sys_clock_announce
 .text.sys_clock_tick_get
                0x000000000800ec18       0x34 zephyr/kernel/libkernel.a(timeout.c.obj)
                0x000000000800ec18                sys_clock_tick_get
 .text.z_timer_expiration_handler
                0x000000000800ec4c       0xe4 zephyr/kernel/libkernel.a(timer.c.obj)
                0x000000000800ec4c                z_timer_expiration_handler
 .text.z_impl_k_timer_start
                0x000000000800ed30       0x60 zephyr/kernel/libkernel.a(timer.c.obj)
                0x000000000800ed30                z_impl_k_timer_start
 .text.z_impl_k_poll
                0x000000000800ed90       0xb8 zephyr/kernel/libkernel.a(poll.c.obj)
                0x000000000800ed90                z_impl_k_poll
 .text.z_impl_k_poll_signal_raise
                0x000000000800ee48       0x50 zephyr/kernel/libkernel.a(poll.c.obj)
                0x000000000800ee48                z_impl_k_poll_signal_raise
 .text.z_sched_usage_start
                0x000000000800ee98       0x10 zephyr/kernel/libkernel.a(usage.c.obj)
                0x000000000800ee98                z_sched_usage_start
 .text.z_sched_usage_stop
                0x000000000800eea8       0x4c zephyr/kernel/libkernel.a(usage.c.obj)
                0x000000000800eea8                z_sched_usage_stop
 .text.z_sched_cpu_usage
                0x000000000800eef4       0x7c zephyr/kernel/libkernel.a(usage.c.obj)
                0x000000000800eef4                z_sched_cpu_usage
 .text.z_sched_thread_usage
                0x000000000800ef70       0x7c zephyr/kernel/libkernel.a(usage.c.obj)
                0x000000000800ef70                z_sched_thread_usage
 .text.k_sys_work_q_init
                0x000000000800efec       0x34 zephyr/kernel/libkernel.a(system_work_q.c.obj)
 .text.gmtime_r
                0x000000000800f020      0x1c4 /home/shubham/zephyr-sdk-0.16.3/arm-zephyr-eabi/arm-zephyr-eabi/lib/thumb/v7e-m/nofp/libc.a(lib_a-gmtime_r.o)
                0x000000000800f020                gmtime_r
 .text.malloc   0x000000000800f1e4       0x10 /home/shubham/zephyr-sdk-0.16.3/arm-zephyr-eabi/arm-zephyr-eabi/lib/thumb/v7e-m/nofp/libc.a(lib_a-malloc.o)
                0x000000000800f1e4                malloc
 .text.free     0x000000000800f1f4       0x10 /home/shubham/zephyr-sdk-0.16.3/arm-zephyr-eabi/arm-zephyr-eabi/lib/thumb/v7e-m/nofp/libc.a(lib_a-malloc.o)
                0x000000000800f1f4                free
 .text._malloc_r
                0x000000000800f204      0x578 /home/shubham/zephyr-sdk-0.16.3/arm-zephyr-eabi/arm-zephyr-eabi/lib/thumb/v7e-m/nofp/libc.a(lib_a-mallocr.o)
                0x000000000800f204                _malloc_r
 .text.memcmp   0x000000000800f77c       0x60 /home/shubham/zephyr-sdk-0.16.3/arm-zephyr-eabi/arm-zephyr-eabi/lib/thumb/v7e-m/nofp/libc.a(lib_a-memcmp.o)
                0x000000000800f77c                memcmp
 .text.memmove  0x000000000800f7dc      0x100 /home/shubham/zephyr-sdk-0.16.3/arm-zephyr-eabi/arm-zephyr-eabi/lib/thumb/v7e-m/nofp/libc.a(lib_a-memmove.o)
                0x000000000800f7dc                memmove
 .text.memset   0x000000000800f8dc       0xa4 /home/shubham/zephyr-sdk-0.16.3/arm-zephyr-eabi/arm-zephyr-eabi/lib/thumb/v7e-m/nofp/libc.a(lib_a-memset.o)
                0x000000000800f8dc                memset
 .text.__malloc_lock
                0x000000000800f980        0xc /home/shubham/zephyr-sdk-0.16.3/arm-zephyr-eabi/arm-zephyr-eabi/lib/thumb/v7e-m/nofp/libc.a(lib_a-mlock.o)
                0x000000000800f980                __malloc_lock
 .text.__malloc_unlock
                0x000000000800f98c        0xc /home/shubham/zephyr-sdk-0.16.3/arm-zephyr-eabi/arm-zephyr-eabi/lib/thumb/v7e-m/nofp/libc.a(lib_a-mlock.o)
                0x000000000800f98c                __malloc_unlock
 .text._sbrk_r  0x000000000800f998       0x24 /home/shubham/zephyr-sdk-0.16.3/arm-zephyr-eabi/arm-zephyr-eabi/lib/thumb/v7e-m/nofp/libc.a(lib_a-sbrkr.o)
                0x000000000800f998                _sbrk_r
 .text.snprintf
                0x000000000800f9bc       0x88 /home/shubham/zephyr-sdk-0.16.3/arm-zephyr-eabi/arm-zephyr-eabi/lib/thumb/v7e-m/nofp/libc.a(lib_a-snprintf.o)
                0x000000000800f9bc                snprintf
 .text.strchr   0x000000000800fa44       0xd0 /home/shubham/zephyr-sdk-0.16.3/arm-zephyr-eabi/arm-zephyr-eabi/lib/thumb/v7e-m/nofp/libc.a(lib_a-strchr.o)
                0x000000000800fa44                strchr
 .text.strcpy   0x000000000800fb14       0xbc /home/shubham/zephyr-sdk-0.16.3/arm-zephyr-eabi/arm-zephyr-eabi/lib/thumb/v7e-m/nofp/libc.a(lib_a-strcpy.o)
                0x000000000800fb14                strcpy
 .text.strncmp  0x000000000800fbd0       0x84 /home/shubham/zephyr-sdk-0.16.3/arm-zephyr-eabi/arm-zephyr-eabi/lib/thumb/v7e-m/nofp/libc.a(lib_a-strncmp.o)
                0x000000000800fbd0                strncmp
 .text.strncpy  0x000000000800fc54       0x68 /home/shubham/zephyr-sdk-0.16.3/arm-zephyr-eabi/arm-zephyr-eabi/lib/thumb/v7e-m/nofp/libc.a(lib_a-strncpy.o)
                0x000000000800fc54                strncpy
 .text.strnlen  0x000000000800fcbc       0x24 /home/shubham/zephyr-sdk-0.16.3/arm-zephyr-eabi/arm-zephyr-eabi/lib/thumb/v7e-m/nofp/libc.a(lib_a-strnlen.o)
                0x000000000800fcbc                strnlen
 .text.two_way_long_needle
                0x000000000800fce0      0x2a0 /home/shubham/zephyr-sdk-0.16.3/arm-zephyr-eabi/arm-zephyr-eabi/lib/thumb/v7e-m/nofp/libc.a(lib_a-strstr.o)
 .text.strstr   0x000000000800ff80      0x16c /home/shubham/zephyr-sdk-0.16.3/arm-zephyr-eabi/arm-zephyr-eabi/lib/thumb/v7e-m/nofp/libc.a(lib_a-strstr.o)
                0x000000000800ff80                strstr
 .text._strtol_l.constprop.0
                0x00000000080100ec      0x138 /home/shubham/zephyr-sdk-0.16.3/arm-zephyr-eabi/arm-zephyr-eabi/lib/thumb/v7e-m/nofp/libc.a(lib_a-strtol.o)
 .text.strtol   0x0000000008010224       0x18 /home/shubham/zephyr-sdk-0.16.3/arm-zephyr-eabi/arm-zephyr-eabi/lib/thumb/v7e-m/nofp/libc.a(lib_a-strtol.o)
                0x0000000008010224                strtol
 .text._strtoul_l.constprop.0
                0x000000000801023c      0x134 /home/shubham/zephyr-sdk-0.16.3/arm-zephyr-eabi/arm-zephyr-eabi/lib/thumb/v7e-m/nofp/libc.a(lib_a-strtoul.o)
 .text.strtoul  0x0000000008010370       0x18 /home/shubham/zephyr-sdk-0.16.3/arm-zephyr-eabi/arm-zephyr-eabi/lib/thumb/v7e-m/nofp/libc.a(lib_a-strtoul.o)
                0x0000000008010370                strtoul
 .text._svfprintf_r
                0x0000000008010388     0x1a14 /home/shubham/zephyr-sdk-0.16.3/arm-zephyr-eabi/arm-zephyr-eabi/lib/thumb/v7e-m/nofp/libc.a(lib_a-svfprintf.o)
                0x0000000008010388                _svfprintf_r
 .text.quorem   0x0000000008011d9c      0x12c /home/shubham/zephyr-sdk-0.16.3/arm-zephyr-eabi/arm-zephyr-eabi/lib/thumb/v7e-m/nofp/libc.a(lib_a-dtoa.o)
 .text._malloc_trim_r
                0x0000000008011ec8       0x9c /home/shubham/zephyr-sdk-0.16.3/arm-zephyr-eabi/arm-zephyr-eabi/lib/thumb/v7e-m/nofp/libc.a(lib_a-freer.o)
                0x0000000008011ec8                _malloc_trim_r
 .text._free_r  0x0000000008011f64      0x1fc /home/shubham/zephyr-sdk-0.16.3/arm-zephyr-eabi/arm-zephyr-eabi/lib/thumb/v7e-m/nofp/libc.a(lib_a-freer.o)
                0x0000000008011f64                _free_r
 .text._localeconv_r
                0x0000000008012160        0x8 /home/shubham/zephyr-sdk-0.16.3/arm-zephyr-eabi/arm-zephyr-eabi/lib/thumb/v7e-m/nofp/libc.a(lib_a-localeconv.o)
                0x0000000008012160                _localeconv_r
 .text._Balloc  0x0000000008012168       0x4c /home/shubham/zephyr-sdk-0.16.3/arm-zephyr-eabi/arm-zephyr-eabi/lib/thumb/v7e-m/nofp/libc.a(lib_a-mprec.o)
                0x0000000008012168                _Balloc
 .text._Bfree   0x00000000080121b4       0x14 /home/shubham/zephyr-sdk-0.16.3/arm-zephyr-eabi/arm-zephyr-eabi/lib/thumb/v7e-m/nofp/libc.a(lib_a-mprec.o)
                0x00000000080121b4                _Bfree
 .text.__multadd
                0x00000000080121c8       0xa0 /home/shubham/zephyr-sdk-0.16.3/arm-zephyr-eabi/arm-zephyr-eabi/lib/thumb/v7e-m/nofp/libc.a(lib_a-mprec.o)
                0x00000000080121c8                __multadd
 .text.__hi0bits
                0x0000000008012268       0x44 /home/shubham/zephyr-sdk-0.16.3/arm-zephyr-eabi/arm-zephyr-eabi/lib/thumb/v7e-m/nofp/libc.a(lib_a-mprec.o)
                0x0000000008012268                __hi0bits
 .text.__lo0bits
                0x00000000080122ac       0x60 /home/shubham/zephyr-sdk-0.16.3/arm-zephyr-eabi/arm-zephyr-eabi/lib/thumb/v7e-m/nofp/libc.a(lib_a-mprec.o)
                0x00000000080122ac                __lo0bits
 .text.__i2b    0x000000000801230c       0x5c /home/shubham/zephyr-sdk-0.16.3/arm-zephyr-eabi/arm-zephyr-eabi/lib/thumb/v7e-m/nofp/libc.a(lib_a-mprec.o)
                0x000000000801230c                __i2b
 .text.__multiply
                0x0000000008012368      0x16c /home/shubham/zephyr-sdk-0.16.3/arm-zephyr-eabi/arm-zephyr-eabi/lib/thumb/v7e-m/nofp/libc.a(lib_a-mprec.o)
                0x0000000008012368                __multiply
 .text.__pow5mult
                0x00000000080124d4       0xb4 /home/shubham/zephyr-sdk-0.16.3/arm-zephyr-eabi/arm-zephyr-eabi/lib/thumb/v7e-m/nofp/libc.a(lib_a-mprec.o)
                0x00000000080124d4                __pow5mult
 .text.__lshift
                0x0000000008012588       0xf0 /home/shubham/zephyr-sdk-0.16.3/arm-zephyr-eabi/arm-zephyr-eabi/lib/thumb/v7e-m/nofp/libc.a(lib_a-mprec.o)
                0x0000000008012588                __lshift
 .text.__mcmp   0x0000000008012678       0x40 /home/shubham/zephyr-sdk-0.16.3/arm-zephyr-eabi/arm-zephyr-eabi/lib/thumb/v7e-m/nofp/libc.a(lib_a-mprec.o)
                0x0000000008012678                __mcmp
 .text.__mdiff  0x00000000080126b8      0x164 /home/shubham/zephyr-sdk-0.16.3/arm-zephyr-eabi/arm-zephyr-eabi/lib/thumb/v7e-m/nofp/libc.a(lib_a-mprec.o)
                0x00000000080126b8                __mdiff
 .text.__d2b    0x000000000801281c       0xbc /home/shubham/zephyr-sdk-0.16.3/arm-zephyr-eabi/arm-zephyr-eabi/lib/thumb/v7e-m/nofp/libc.a(lib_a-mprec.o)
                0x000000000801281c                __d2b
 .text.frexp    0x00000000080128d8       0x70 /home/shubham/zephyr-sdk-0.16.3/arm-zephyr-eabi/arm-zephyr-eabi/lib/thumb/v7e-m/nofp/libc.a(lib_a-s_frexp.o)
                0x00000000080128d8                frexp
 .text.__ssprint_r
                0x0000000008012948      0x108 /home/shubham/zephyr-sdk-0.16.3/arm-zephyr-eabi/arm-zephyr-eabi/lib/thumb/v7e-m/nofp/libc.a(lib_a-svfiprintf.o)
                0x0000000008012948                __ssprint_r
 .text.__assert_func
                0x0000000008012a50       0x40 /home/shubham/zephyr-sdk-0.16.3/arm-zephyr-eabi/arm-zephyr-eabi/lib/thumb/v7e-m/nofp/libc.a(lib_a-assert.o)
                0x0000000008012a50                __assert_func
 .text._calloc_r
                0x0000000008012a90       0x60 /home/shubham/zephyr-sdk-0.16.3/arm-zephyr-eabi/arm-zephyr-eabi/lib/thumb/v7e-m/nofp/libc.a(lib_a-callocr.o)
                0x0000000008012a90                _calloc_r
 .text.fiprintf
                0x0000000008012af0       0x28 /home/shubham/zephyr-sdk-0.16.3/arm-zephyr-eabi/arm-zephyr-eabi/lib/thumb/v7e-m/nofp/libc.a(lib_a-fiprintf.o)
                0x0000000008012af0                fiprintf
 .text.__ascii_mbtowc
                0x0000000008012b18       0x2c /home/shubham/zephyr-sdk-0.16.3/arm-zephyr-eabi/arm-zephyr-eabi/lib/thumb/v7e-m/nofp/libc.a(lib_a-mbtowc_r.o)
                0x0000000008012b18                __ascii_mbtowc
 .text._realloc_r
                0x0000000008012b44      0x344 /home/shubham/zephyr-sdk-0.16.3/arm-zephyr-eabi/arm-zephyr-eabi/lib/thumb/v7e-m/nofp/libc.a(lib_a-reallocr.o)
                0x0000000008012b44                _realloc_r
 .text._vfiprintf_r
                0x0000000008012e88      0xd98 /home/shubham/zephyr-sdk-0.16.3/arm-zephyr-eabi/arm-zephyr-eabi/lib/thumb/v7e-m/nofp/libc.a(lib_a-vfiprintf.o)
                0x0000000008012e88                _vfiprintf_r
 .text.__sbprintf
                0x0000000008013c20       0x80 /home/shubham/zephyr-sdk-0.16.3/arm-zephyr-eabi/arm-zephyr-eabi/lib/thumb/v7e-m/nofp/libc.a(lib_a-vfiprintf.o)
 .text.__ascii_wctomb
                0x0000000008013ca0       0x1c /home/shubham/zephyr-sdk-0.16.3/arm-zephyr-eabi/arm-zephyr-eabi/lib/thumb/v7e-m/nofp/libc.a(lib_a-wctomb_r.o)
                0x0000000008013ca0                __ascii_wctomb
 .text.__swsetup_r
                0x0000000008013cbc       0xc4 /home/shubham/zephyr-sdk-0.16.3/arm-zephyr-eabi/arm-zephyr-eabi/lib/thumb/v7e-m/nofp/libc.a(lib_a-wsetup.o)
                0x0000000008013cbc                __swsetup_r
 .text.__sflush_r
                0x0000000008013d80      0x110 /home/shubham/zephyr-sdk-0.16.3/arm-zephyr-eabi/arm-zephyr-eabi/lib/thumb/v7e-m/nofp/libc.a(lib_a-fflush.o)
                0x0000000008013d80                __sflush_r
 .text._fflush_r
                0x0000000008013e90       0x5c /home/shubham/zephyr-sdk-0.16.3/arm-zephyr-eabi/arm-zephyr-eabi/lib/thumb/v7e-m/nofp/libc.a(lib_a-fflush.o)
                0x0000000008013e90                _fflush_r
 .text._cleanup_r
                0x0000000008013eec        0xc /home/shubham/zephyr-sdk-0.16.3/arm-zephyr-eabi/arm-zephyr-eabi/lib/thumb/v7e-m/nofp/libc.a(lib_a-findfp.o)
                0x0000000008013eec                _cleanup_r
 .text.__sinit  0x0000000008013ef8      0x10c /home/shubham/zephyr-sdk-0.16.3/arm-zephyr-eabi/arm-zephyr-eabi/lib/thumb/v7e-m/nofp/libc.a(lib_a-findfp.o)
                0x0000000008013ef8                __sinit
 .text.__sfvwrite_r
                0x0000000008014004      0x2f8 /home/shubham/zephyr-sdk-0.16.3/arm-zephyr-eabi/arm-zephyr-eabi/lib/thumb/v7e-m/nofp/libc.a(lib_a-fvwrite.o)
                0x0000000008014004                __sfvwrite_r
 .text._fwalk_reent
                0x00000000080142fc       0x48 /home/shubham/zephyr-sdk-0.16.3/arm-zephyr-eabi/arm-zephyr-eabi/lib/thumb/v7e-m/nofp/libc.a(lib_a-fwalk.o)
                0x00000000080142fc                _fwalk_reent
 .text.__smakebuf_r
                0x0000000008014344       0xc4 /home/shubham/zephyr-sdk-0.16.3/arm-zephyr-eabi/arm-zephyr-eabi/lib/thumb/v7e-m/nofp/libc.a(lib_a-makebuf.o)
                0x0000000008014344                __smakebuf_r
 .text.__sread  0x0000000008014408       0x24 /home/shubham/zephyr-sdk-0.16.3/arm-zephyr-eabi/arm-zephyr-eabi/lib/thumb/v7e-m/nofp/libc.a(lib_a-stdio.o)
                0x0000000008014408                __sread
 .text.__swrite
                0x000000000801442c       0x40 /home/shubham/zephyr-sdk-0.16.3/arm-zephyr-eabi/arm-zephyr-eabi/lib/thumb/v7e-m/nofp/libc.a(lib_a-stdio.o)
                0x000000000801442c                __swrite
 .text.__sseek  0x000000000801446c       0x24 /home/shubham/zephyr-sdk-0.16.3/arm-zephyr-eabi/arm-zephyr-eabi/lib/thumb/v7e-m/nofp/libc.a(lib_a-stdio.o)
                0x000000000801446c                __sseek
 .text.__sclose
                0x0000000008014490        0x8 /home/shubham/zephyr-sdk-0.16.3/arm-zephyr-eabi/arm-zephyr-eabi/lib/thumb/v7e-m/nofp/libc.a(lib_a-stdio.o)
                0x0000000008014490                __sclose
 .text._write_r
                0x0000000008014498       0x2c /home/shubham/zephyr-sdk-0.16.3/arm-zephyr-eabi/arm-zephyr-eabi/lib/thumb/v7e-m/nofp/libc.a(lib_a-writer.o)
                0x0000000008014498                _write_r
 .text._close_r
                0x00000000080144c4       0x24 /home/shubham/zephyr-sdk-0.16.3/arm-zephyr-eabi/arm-zephyr-eabi/lib/thumb/v7e-m/nofp/libc.a(lib_a-closer.o)
                0x00000000080144c4                _close_r
 .text._fstat_r
                0x00000000080144e8       0x2c /home/shubham/zephyr-sdk-0.16.3/arm-zephyr-eabi/arm-zephyr-eabi/lib/thumb/v7e-m/nofp/libc.a(lib_a-fstatr.o)
                0x00000000080144e8                _fstat_r
 .text._isatty_r
                0x0000000008014514       0x24 /home/shubham/zephyr-sdk-0.16.3/arm-zephyr-eabi/arm-zephyr-eabi/lib/thumb/v7e-m/nofp/libc.a(lib_a-isattyr.o)
                0x0000000008014514                _isatty_r
 .text._lseek_r
                0x0000000008014538       0x2c /home/shubham/zephyr-sdk-0.16.3/arm-zephyr-eabi/arm-zephyr-eabi/lib/thumb/v7e-m/nofp/libc.a(lib_a-lseekr.o)
                0x0000000008014538                _lseek_r
 .text._read_r  0x0000000008014564       0x2c /home/shubham/zephyr-sdk-0.16.3/arm-zephyr-eabi/arm-zephyr-eabi/lib/thumb/v7e-m/nofp/libc.a(lib_a-readr.o)
                0x0000000008014564                _read_r
 .text._OffsetAbsSyms
                0x0000000008014590        0x2 zephyr/CMakeFiles/offsets.dir/./arch/arm/core/offsets/offsets.c.obj
                0x0000000008014590                _OffsetAbsSyms
 .text.calc_avg
                0x0000000008014592       0x2e app/libapp.a(calc_avg.c.obj)
                0x0000000008014592                calc_avg
 .text.cbpprintf_external
                0x00000000080145c0       0x62 zephyr/libzephyr.a(cbprintf_packaged.c.obj)
                0x00000000080145c0                cbpprintf_external
 .text.is_ptr   0x0000000008014622       0x4a zephyr/libzephyr.a(cbprintf_packaged.c.obj)
                0x0000000008014622                is_ptr
 .text.arch_printk_char_out
                0x000000000801466c        0x4 zephyr/libzephyr.a(printk.c.obj)
                0x000000000801466c                arch_printk_char_out
 .text.str_out  0x0000000008014670       0x26 zephyr/libzephyr.a(printk.c.obj)
 .text.printk   0x0000000008014696       0x1a zephyr/libzephyr.a(printk.c.obj)
                0x0000000008014696                printk
 .text.snprintk
                0x00000000080146b0       0x1a zephyr/libzephyr.a(printk.c.obj)
                0x00000000080146b0                snprintk
 .text.z_thread_entry
                0x00000000080146ca       0x14 zephyr/libzephyr.a(thread_entry.c.obj)
                0x00000000080146ca                z_thread_entry
 .text.timeutil_timegm
                0x00000000080146de       0x18 zephyr/libzephyr.a(timeutil.c.obj)
                0x00000000080146de                timeutil_timegm
 .text._ldiv5   0x00000000080146f6       0x30 zephyr/libzephyr.a(cbprintf_complete.c.obj)
 .text._get_digit
                0x0000000008014726       0x2e zephyr/libzephyr.a(cbprintf_complete.c.obj)
 .text.outs     0x0000000008014754       0x2e zephyr/libzephyr.a(cbprintf_complete.c.obj)
 .text.ring_buf_put_claim
                0x0000000008014782       0x3e zephyr/libzephyr.a(ring_buffer.c.obj)
                0x0000000008014782                ring_buf_put_claim
 .text.ring_buf_put_finish
                0x00000000080147c0       0x2a zephyr/libzephyr.a(ring_buffer.c.obj)
                0x00000000080147c0                ring_buf_put_finish
 .text.ring_buf_put
                0x00000000080147ea       0x3e zephyr/libzephyr.a(ring_buffer.c.obj)
                0x00000000080147ea                ring_buf_put
 .text.ring_buf_get_claim
                0x0000000008014828       0x40 zephyr/libzephyr.a(ring_buffer.c.obj)
                0x0000000008014828                ring_buf_get_claim
 .text.ring_buf_get_finish
                0x0000000008014868       0x2a zephyr/libzephyr.a(ring_buffer.c.obj)
                0x0000000008014868                ring_buf_get_finish
 .text.ring_buf_get
                0x0000000008014892       0x40 zephyr/libzephyr.a(ring_buffer.c.obj)
                0x0000000008014892                ring_buf_get
 .text.free_space
                0x00000000080148d2       0x26 zephyr/libzephyr.a(mpsc_pbuf.c.obj)
 .text.get_usage
                0x00000000080148f8       0x22 zephyr/libzephyr.a(mpsc_pbuf.c.obj)
 .text.idx_inc  0x000000000801491a       0x1c zephyr/libzephyr.a(mpsc_pbuf.c.obj)
 .text.rd_idx_inc
                0x0000000008014936       0x18 zephyr/libzephyr.a(mpsc_pbuf.c.obj)
 .text.add_skip_item
                0x000000000801494e       0x3a zephyr/libzephyr.a(mpsc_pbuf.c.obj)
 .text.drop_item_locked
                0x0000000008014988       0xee zephyr/libzephyr.a(mpsc_pbuf.c.obj)
 .text.post_drop_action
                0x0000000008014a76       0x36 zephyr/libzephyr.a(mpsc_pbuf.c.obj)
 .text.max_utilization_update
                0x0000000008014aac       0x1a zephyr/libzephyr.a(mpsc_pbuf.c.obj)
 .text.mpsc_pbuf_init
                0x0000000008014ac6       0x42 zephyr/libzephyr.a(mpsc_pbuf.c.obj)
                0x0000000008014ac6                mpsc_pbuf_init
 .text.mpsc_pbuf_alloc
                0x0000000008014b08       0xfc zephyr/libzephyr.a(mpsc_pbuf.c.obj)
                0x0000000008014b08                mpsc_pbuf_alloc
 .text.mpsc_pbuf_commit
                0x0000000008014c04       0x40 zephyr/libzephyr.a(mpsc_pbuf.c.obj)
                0x0000000008014c04                mpsc_pbuf_commit
 .text.mpsc_pbuf_claim
                0x0000000008014c44       0xa4 zephyr/libzephyr.a(mpsc_pbuf.c.obj)
                0x0000000008014c44                mpsc_pbuf_claim
 .text.mpsc_pbuf_free
                0x0000000008014ce8       0x78 zephyr/libzephyr.a(mpsc_pbuf.c.obj)
                0x0000000008014ce8                mpsc_pbuf_free
 .text.mpsc_pbuf_is_pending
                0x0000000008014d60       0x1a zephyr/libzephyr.a(mpsc_pbuf.c.obj)
                0x0000000008014d60                mpsc_pbuf_is_pending
 .text.mpsc_pbuf_get_utilization
                0x0000000008014d7a       0x16 zephyr/libzephyr.a(mpsc_pbuf.c.obj)
                0x0000000008014d7a                mpsc_pbuf_get_utilization
 .text.mpsc_pbuf_get_max_utilization
                0x0000000008014d90       0x16 zephyr/libzephyr.a(mpsc_pbuf.c.obj)
                0x0000000008014d90                mpsc_pbuf_get_max_utilization
 .text._ConfigAbsSyms
                0x0000000008014da6        0x2 zephyr/libzephyr.a(configs.c.obj)
                0x0000000008014da6                _ConfigAbsSyms
 .text.st_stm32_common_config
                0x0000000008014da8        0x4 zephyr/libzephyr.a(soc_config.c.obj)
 .text.log_msg_generic_get_wlen