Archive member included to satisfy reference by file (symbol)

app/libapp.a(main.c.obj)      (--whole-archive)
app/libapp.a(uart_reinit.c.obj)
                              (--whole-archive)
zephyr/libzephyr.a(getopt.c.obj)
                              (--whole-archive)
zephyr/libzephyr.a(getopt_common.c.obj)
                              (--whole-archive)
zephyr/libzephyr.a(cbprintf_packaged.c.obj)
                              (--whole-archive)
zephyr/libzephyr.a(dec.c.obj)
                              (--whole-archive)
zephyr/libzephyr.a(fdtable.c.obj)
                              (--whole-archive)
zephyr/libzephyr.a(hex.c.obj)
                              (--whole-archive)
zephyr/libzephyr.a(printk.c.obj)
                              (--whole-archive)
zephyr/libzephyr.a(rb.c.obj)  (--whole-archive)
zephyr/libzephyr.a(sem.c.obj)
                              (--whole-archive)
zephyr/libzephyr.a(thread_entry.c.obj)
                              (--whole-archive)
zephyr/libzephyr.a(timeutil.c.obj)
                              (--whole-archive)
zephyr/libzephyr.a(heap.c.obj)
                              (--whole-archive)
zephyr/libzephyr.a(heap-validate.c.obj)
                              (--whole-archive)
zephyr/libzephyr.a(bitarray.c.obj)
                              (--whole-archive)
zephyr/libzephyr.a(multi_heap.c.obj)
                              (--whole-archive)
zephyr/libzephyr.a(cbprintf_complete.c.obj)
                              (--whole-archive)
zephyr/libzephyr.a(cbprintf.c.obj)
                              (--whole-archive)
zephyr/libzephyr.a(ring_buffer.c.obj)
                              (--whole-archive)
zephyr/libzephyr.a(assert.c.obj)
                              (--whole-archive)
zephyr/libzephyr.a(mpsc_pbuf.c.obj)
                              (--whole-archive)
zephyr/libzephyr.a(configs.c.obj)
                              (--whole-archive)
zephyr/libzephyr.a(soc.c.obj)
                              (--whole-archive)
zephyr/libzephyr.a(stm32cube_hal.c.obj)
                              (--whole-archive)
zephyr/libzephyr.a(soc_config.c.obj)
                              (--whole-archive)
zephyr/libzephyr.a(log_core.c.obj)
                              (--whole-archive)
zephyr/libzephyr.a(log_mgmt.c.obj)
                              (--whole-archive)
zephyr/libzephyr.a(log_cache.c.obj)
                              (--whole-archive)
zephyr/libzephyr.a(log_msg.c.obj)
                              (--whole-archive)
zephyr/libzephyr.a(log_output.c.obj)
                              (--whole-archive)
zephyr/libzephyr.a(log_cmds.c.obj)
                              (--whole-archive)
zephyr/libzephyr.a(log_backend_uart.c.obj)
                              (--whole-archive)
zephyr/libzephyr.a(stats.c.obj)
                              (--whole-archive)
zephyr/libzephyr.a(stats_shell.c.obj)
                              (--whole-archive)
zephyr/libzephyr.a(tracing_none.c.obj)
                              (--whole-archive)
zephyr/libzephyr.a(usb_device.c.obj)
                              (--whole-archive)
zephyr/libzephyr.a(usb_descriptor.c.obj)
                              (--whole-archive)
zephyr/libzephyr.a(usb_transfer.c.obj)
                              (--whole-archive)
zephyr/libzephyr.a(cdc_acm.c.obj)
                              (--whole-archive)
zephyr/libzephyr.a(usb_work_q.c.obj)
                              (--whole-archive)
zephyr/libzephyr.a(kernel_service.c.obj)
                              (--whole-archive)
zephyr/libzephyr.a(device_service.c.obj)
                              (--whole-archive)
zephyr/libzephyr.a(date_service.c.obj)
                              (--whole-archive)
zephyr/libzephyr.a(devmem_service.c.obj)
                              (--whole-archive)
zephyr/libzephyr.a(shell_uart.c.obj)
                              (--whole-archive)
zephyr/libzephyr.a(shell.c.obj)
                              (--whole-archive)
zephyr/libzephyr.a(shell_fprintf.c.obj)
                              (--whole-archive)
zephyr/libzephyr.a(shell_utils.c.obj)
                              (--whole-archive)
zephyr/libzephyr.a(shell_ops.c.obj)
                              (--whole-archive)
zephyr/libzephyr.a(shell_help.c.obj)
                              (--whole-archive)
zephyr/libzephyr.a(shell_cmds.c.obj)
                              (--whole-archive)
zephyr/libzephyr.a(shell_history.c.obj)
                              (--whole-archive)
zephyr/libzephyr.a(shell_wildcard.c.obj)
                              (--whole-archive)
zephyr/arch/common/libarch__common.a(sw_isr_common.c.obj)
                              (--whole-archive)
zephyr/arch/arch/arm/core/aarch32/libarch__arm__core__aarch32.a(cpu_idle.S.obj)
                              (--whole-archive)
zephyr/arch/arch/arm/core/aarch32/libarch__arm__core__aarch32.a(fatal.c.obj)
                              (--whole-archive)
zephyr/arch/arch/arm/core/aarch32/libarch__arm__core__aarch32.a(irq_manage.c.obj)
[...]
Memory Configuration

Name             Origin             Length             Attributes
FLASH            0x0000000008000000 0x0000000000040000 xr
RAM              0x0000000020000000 0x000000000000a000 xw
CCM              0x0000000010000000 0x0000000000002000
IDT_LIST         0x00000000fffff7ff 0x0000000000000800 xw
*default*        0x0000000000000000 0xffffffffffffffff

Linker script and memory map

LOAD zephyr/CMakeFiles/zephyr_pre0.dir/misc/empty_file.c.obj
LOAD zephyr/CMakeFiles/offsets.dir/./arch/arm/core/offsets/offsets.c.obj
LOAD app/libapp.a
LOAD zephyr/libzephyr.a
LOAD zephyr/arch/common/libarch__common.a
LOAD zephyr/arch/arch/arm/core/aarch32/libarch__arm__core__aarch32.a
LOAD zephyr/arch/arch/arm/core/aarch32/cortex_m/libarch__arm__core__aarch32__cortex_m.a
LOAD zephyr/arch/arch/arm/core/aarch32/mpu/libarch__arm__core__aarch32__mpu.a
LOAD zephyr/lib/libc/newlib/liblib__libc__newlib.a
LOAD zephyr/lib/libc/common/liblib__libc__common.a
LOAD zephyr/lib/posix/liblib__posix.a
LOAD zephyr/soc/soc/arm/common/cortex_m/libsoc__arm__common__cortex_m.a
LOAD zephyr/subsys/timing/libsubsys__timing.a
LOAD zephyr/drivers/interrupt_controller/libdrivers__interrupt_controller.a
LOAD zephyr/drivers/usb/device/libdrivers__usb__device.a
LOAD zephyr/drivers/adc/libdrivers__adc.a
LOAD zephyr/drivers/clock_control/libdrivers__clock_control.a
LOAD zephyr/drivers/console/libdrivers__console.a
LOAD zephyr/drivers/gpio/libdrivers__gpio.a
LOAD zephyr/drivers/hwinfo/libdrivers__hwinfo.a
LOAD zephyr/drivers/pinctrl/libdrivers__pinctrl.a
LOAD zephyr/drivers/reset/libdrivers__reset.a
LOAD zephyr/drivers/serial/libdrivers__serial.a
LOAD zephyr/drivers/timer/libdrivers__timer.a
LOAD modules/stm32/stm32cube/lib..__modules__hal__stm32__stm32cube.a
LOAD zephyr/kernel/libkernel.a
LOAD /home/shubham/zephyr-sdk-0.16.3/arm-zephyr-eabi/bin/../lib/gcc/arm-zephyr-eabi/12.2.0/thumb/v7e-m/nofp/libgcc.a
LOAD zephyr/arch/common/libisr_tables.a
LOAD /home/shubham/zephyr-sdk-0.16.3/arm-zephyr-eabi/arm-zephyr-eabi/lib/thumb/v7e-m/nofp/libm.a
LOAD /home/shubham/zephyr-sdk-0.16.3/arm-zephyr-eabi/arm-zephyr-eabi/lib/thumb/v7e-m/nofp/libc.a
LOAD /home/shubham/zephyr-sdk-0.16.3/arm-zephyr-eabi/bin/../lib/gcc/arm-zephyr-eabi/12.2.0/thumb/v7e-m/nofp/libgcc.a
LOAD /home/shubham/zephyr-sdk-0.16.3/arm-zephyr-eabi/arm-zephyr-eabi/lib/thumb/v7e-m/nofp/libc.a
                0x0000000000000020                _region_min_align = 0x20

.rel.plt        0x0000000008000000        0x0
 *(SORT_BY_ALIGNMENT(.rel.plt))
                [!provide]                        PROVIDE (__rel_iplt_start = .)
 *(SORT_BY_ALIGNMENT(.rel.iplt))
 .rel.iplt      0x0000000008000000        0x0 app/libapp.a(main.c.obj)
                [!provide]                        PROVIDE (__rel_iplt_end = .)

.rela.plt       0x0000000000000000        0x0
 *(SORT_BY_ALIGNMENT(.rela.plt))
                [!provide]                        PROVIDE (__rela_iplt_start = .)
 *(SORT_BY_ALIGNMENT(.rela.iplt))
                [!provide]                        PROVIDE (__rela_iplt_end = .)

.rel.dyn
 *(SORT_BY_ALIGNMENT(.rel.*))

.rela.dyn
 *(SORT_BY_ALIGNMENT(.rela.*))

/DISCARD/
 *(SORT_BY_ALIGNMENT(.plt))

/DISCARD/
 *(SORT_BY_ALIGNMENT(.iplt))
                0x0000000008000000                __rom_region_start = 0x8000000

rom_start       0x0000000008000000      0x188
                0x0000000008000000                __rom_start_address = .
                0x0000000008000000                . = (. + (0x0 - (. - __rom_start_address)))
                0x0000000008000000                . = ALIGN (0x4)
                0x0000000008000000                . = ALIGN (0x80)
                0x0000000008000000                . = ALIGN (0x200)
                0x0000000008000000                _vector_start = .
 *(SORT_BY_ALIGNMENT(.exc_vector_table))
 *(SORT_BY_ALIGNMENT(.exc_vector_table.*))
 .exc_vector_table._vector_table_section
                0x0000000008000000       0x40 zephyr/arch/arch/arm/core/aarch32/cortex_m/libarch__arm__core__aarch32__cortex_m.a(vector_table.S.obj)
                0x0000000008000000                _vector_table
 *(SORT_BY_ALIGNMENT(.vectors))
                0x0000000008000188                _vector_end = .
                0x0000000008000040                . = ALIGN (0x4)
 *(SORT_BY_ALIGNMENT(.gnu.linkonce.irq_vector_table*))
 .gnu.linkonce.irq_vector_table
                0x0000000008000040      0x148 zephyr/arch/common/libisr_tables.a(isr_tables.c.obj)
                0x0000000008000040                _irq_vector_table
                0x0000000008000188                _vector_end = .

text            0x00000000080001c0    0x16e9c
                0x00000000080001c0                __text_region_start = .
 *(SORT_BY_ALIGNMENT(.text))
 .text          0x00000000080001c0       0xdc /home/shubham/zephyr-sdk-0.16.3/arm-zephyr-eabi/arm-zephyr-eabi/lib/thumb/v7e-m/nofp/libc.a(lib_a-strlen.o)
                0x00000000080001c0                strlen
 *fill*         0x000000000800029c        0x4 
 .text          0x00000000080002a0      0x2dc /home/shubham/zephyr-sdk-0.16.3/arm-zephyr-eabi/arm-zephyr-eabi/lib/thumb/v7e-m/nofp/libc.a(lib_a-strcmp.o)
                0x00000000080002a8                strcmp
 *fill*         0x000000000800057c        0x4 
 .text          0x0000000008000580       0xa0 /home/shubham/zephyr-sdk-0.16.3/arm-zephyr-eabi/arm-zephyr-eabi/lib/thumb/v7e-m/nofp/libc.a(lib_a-memchr.o)
                0x0000000008000580                memchr
 .text          0x0000000008000620      0x378 /home/shubham/zephyr-sdk-0.16.3/arm-zephyr-eabi/bin/../lib/gcc/arm-zephyr-eabi/12.2.0/thumb/v7e-m/nofp/libgcc.a(_arm_addsubdf3.o)
                0x0000000008000620                __aeabi_drsub
                0x0000000008000628                __aeabi_dsub
                0x0000000008000628                __subdf3
                0x000000000800062c                __adddf3
                0x000000000800062c                __aeabi_dadd
                0x00000000080008a4                __aeabi_ui2d
                0x00000000080008a4                __floatunsidf
                0x00000000080008c4                __floatsidf
                0x00000000080008c4                __aeabi_i2d
                0x00000000080008e8                __extendsfdf2
                0x00000000080008e8                __aeabi_f2d
                0x000000000800092c                __aeabi_ul2d
                0x000000000800092c                __floatundidf
                0x000000000800093c                __floatdidf
                0x000000000800093c                __aeabi_l2d
 .text          0x0000000008000998      0x424 /home/shubham/zephyr-sdk-0.16.3/arm-zephyr-eabi/bin/../lib/gcc/arm-zephyr-eabi/12.2.0/thumb/v7e-m/nofp/libgcc.a(_arm_muldivdf3.o)
                0x0000000008000998                __aeabi_dmul
                0x0000000008000998                __muldf3
                0x0000000008000bec                __aeabi_ddiv
                0x0000000008000bec                __divdf3
 .text          0x0000000008000dbc       0xa0 /home/shubham/zephyr-sdk-0.16.3/arm-zephyr-eabi/bin/../lib/gcc/arm-zephyr-eabi/12.2.0/thumb/v7e-m/nofp/libgcc.a(_aeabi_ldivmod.o)
                0x0000000008000dbc                __aeabi_ldivmod
 .text          0x0000000008000e5c       0x30 /home/shubham/zephyr-sdk-0.16.3/arm-zephyr-eabi/bin/../lib/gcc/arm-zephyr-eabi/12.2.0/thumb/v7e-m/nofp/libgcc.a(_aeabi_uldivmod.o)
                0x0000000008000e5c                __aeabi_uldivmod
 .text          0x0000000008000e8c        0x4 /home/shubham/zephyr-sdk-0.16.3/arm-zephyr-eabi/bin/../lib/gcc/arm-zephyr-eabi/12.2.0/thumb/v7e-m/nofp/libgcc.a(_dvmd_tls.o)
                0x0000000008000e8c                __aeabi_ldiv0
                0x0000000008000e8c                __aeabi_idiv0
 .text          0x0000000008000e90      0x110 /home/shubham/zephyr-sdk-0.16.3/arm-zephyr-eabi/bin/../lib/gcc/arm-zephyr-eabi/12.2.0/thumb/v7e-m/nofp/libgcc.a(_arm_cmpdf2.o)
                0x0000000008000e90                __gtdf2
                0x0000000008000e90                __gedf2
                0x0000000008000e98                __ltdf2
                0x0000000008000e98                __ledf2
                0x0000000008000ea0                __cmpdf2
                0x0000000008000ea0                __eqdf2
                0x0000000008000ea0                __nedf2
                0x0000000008000f1c                __aeabi_cdrcmple
                0x0000000008000f2c                __aeabi_cdcmple
                0x0000000008000f2c                __aeabi_cdcmpeq
                0x0000000008000f3c                __aeabi_dcmpeq
                0x0000000008000f50                __aeabi_dcmplt
                0x0000000008000f64                __aeabi_dcmple
                0x0000000008000f78                __aeabi_dcmpge
                0x0000000008000f8c                __aeabi_dcmpgt
 .text          0x0000000008000fa0      0x134 /home/shubham/zephyr-sdk-0.16.3/arm-zephyr-eabi/arm-zephyr-eabi/lib/thumb/v7e-m/nofp/libc.a(lib_a-memcpy.o)
                0x0000000008000fa0                memcpy
 .text          0x00000000080010d4       0x2c /home/shubham/zephyr-sdk-0.16.3/arm-zephyr-eabi/bin/../lib/gcc/arm-zephyr-eabi/12.2.0/thumb/v7e-m/nofp/libgcc.a(_arm_unorddf2.o)
                0x00000000080010d4                __aeabi_dcmpun
                0x00000000080010d4                __unorddf2
 .text          0x0000000008001100       0x50 /home/shubham/zephyr-sdk-0.16.3/arm-zephyr-eabi/bin/../lib/gcc/arm-zephyr-eabi/12.2.0/thumb/v7e-m/nofp/libgcc.a(_arm_fixdfsi.o)
                0x0000000008001100                __fixdfsi
                0x0000000008001100                __aeabi_d2iz
 .text          0x0000000008001150       0x26 /home/shubham/zephyr-sdk-0.16.3/arm-zephyr-eabi/bin/../lib/gcc/arm-zephyr-eabi/12.2.0/thumb/v7e-m/nofp/libgcc.a(_popcountsi2.o)
                0x0000000008001150                __popcountsi2
 .text          0x0000000008001176      0x2a0 /home/shubham/zephyr-sdk-0.16.3/arm-zephyr-eabi/bin/../lib/gcc/arm-zephyr-eabi/12.2.0/thumb/v7e-m/nofp/libgcc.a(_udivmoddi4.o)
                0x0000000008001176                __udivmoddi4
 *(SORT_BY_ALIGNMENT(.text.*))
 *fill*         0x0000000008001416        0x2 
 .text.clock_settime
                0x0000000008001418       0x84 zephyr/lib/posix/liblib__posix.a(clock.c.obj)
                0x0000000008001418                clock_settime
 *fill*         0x000000000800149c        0x4 
 .text._dtoa_r  0x00000000080014a0      0xe48 /home/shubham/zephyr-sdk-0.16.3/arm-zephyr-eabi/arm-zephyr-eabi/lib/thumb/v7e-m/nofp/libc.a(lib_a-dtoa.o)
                0x00000000080014a0                _dtoa_r
 .text.adc_raw_to_millivolts_dt.constprop.0
                0x00000000080022e8       0x28 app/libapp.a(main.c.obj)
 .text.main     0x0000000008002310       0xd4 app/libapp.a(main.c.obj)
                0x0000000008002310                main
 .text.shell_init_from_work
                0x00000000080023e4       0x28 app/libapp.a(uart_reinit.c.obj)
                0x00000000080023e4                shell_init_from_work
 .text.cmd_uart_release
                0x000000000800240c       0x40 app/libapp.a(uart_reinit.c.obj)
 .text.shell_uninit_cb
                0x000000000800244c       0x2c app/libapp.a(uart_reinit.c.obj)
 .text.direct_uart_callback
                0x0000000008002478       0xb0 app/libapp.a(uart_reinit.c.obj)
 .text.getopt   0x0000000008002528      0x150 zephyr/libzephyr.a(getopt.c.obj)
                0x0000000008002528                getopt
 .text.z_getopt_global_state_update
                0x0000000008002678       0x34 zephyr/libzephyr.a(getopt_common.c.obj)
                0x0000000008002678                z_getopt_global_state_update
 .text.getopt_state_get
                0x00000000080026ac        0x8 zephyr/libzephyr.a(getopt_common.c.obj)
                0x00000000080026ac                getopt_state_get
 .text.cbvprintf_package
                0x00000000080026b4      0x3a4 zephyr/libzephyr.a(cbprintf_packaged.c.obj)
                0x00000000080026b4                cbvprintf_package
 .text.cbprintf_package_convert
                0x0000000008002a58      0x3b8 zephyr/libzephyr.a(cbprintf_packaged.c.obj)
                0x0000000008002a58                cbprintf_package_convert
 .text.__printk_hook_install
                0x0000000008002e10        0xc zephyr/libzephyr.a(printk.c.obj)
                0x0000000008002e10                __printk_hook_install
 .text.vsnprintk
                0x0000000008002e1c       0x2c zephyr/libzephyr.a(printk.c.obj)
                0x0000000008002e1c                vsnprintk
 .text.timeutil_timegm64
                0x0000000008002e48       0xf0 zephyr/libzephyr.a(timeutil.c.obj)
                0x0000000008002e48                timeutil_timegm64
 .text.extract_decimal
                0x0000000008002f38       0x2c zephyr/libzephyr.a(cbprintf_complete.c.obj)
 .text.encode_uint
                0x0000000008002f64       0x98 zephyr/libzephyr.a(cbprintf_complete.c.obj)
 .text.z_cbvprintf_impl
                0x0000000008002ffc      0xcdc zephyr/libzephyr.a(cbprintf_complete.c.obj)
                0x0000000008002ffc                z_cbvprintf_impl
 .text.stm32f3_init
                0x0000000008003cd8       0x20 zephyr/libzephyr.a(soc.c.obj)
 .text.activate_foreach_backend
                0x0000000008003cf8       0x64 zephyr/libzephyr.a(log_core.c.obj)
 .text.enable_logger
                0x0000000008003d5c       0x5c zephyr/libzephyr.a(log_core.c.obj)
 .text.log_process_thread_timer_expiry_fn
                0x0000000008003db8        0xc zephyr/libzephyr.a(log_core.c.obj)
 .text.z_log_init
                0x0000000008003dc4       0x8c zephyr/libzephyr.a(log_core.c.obj)
 .text.log_format_func_t_get
                0x0000000008003e50        0xc zephyr/libzephyr.a(log_core.c.obj)
                0x0000000008003e50                log_format_func_t_get
 .text.log_set_timestamp_func
                0x0000000008003e5c       0x20 zephyr/libzephyr.a(log_core.c.obj)
                0x0000000008003e5c                log_set_timestamp_func
 .text.z_log_notify_backend_enabled
                0x0000000008003e7c       0x1c zephyr/libzephyr.a(log_core.c.obj)
                0x0000000008003e7c                z_log_notify_backend_enabled
 .text.z_log_dropped
                0x0000000008003e98       0x30 zephyr/libzephyr.a(log_core.c.obj)
                0x0000000008003e98                z_log_dropped
 .text.z_log_dropped_read_and_clear
                0x0000000008003ec8       0x20 zephyr/libzephyr.a(log_core.c.obj)
                0x0000000008003ec8                z_log_dropped_read_and_clear
 .text.dropped_notify
                0x0000000008003ee8       0x30 zephyr/libzephyr.a(log_core.c.obj)
                0x0000000008003ee8                dropped_notify
 .text.z_log_msg_init
                0x0000000008003f18       0x20 zephyr/libzephyr.a(log_core.c.obj)
                0x0000000008003f18                z_log_msg_init
 .text.log_core_init
                0x0000000008003f38       0x38 zephyr/libzephyr.a(log_core.c.obj)
                0x0000000008003f38                log_core_init
 .text.z_log_msg_alloc
                0x0000000008003f70       0x10 zephyr/libzephyr.a(log_core.c.obj)
                0x0000000008003f70                z_log_msg_alloc
 .text.z_log_msg_local_claim
                0x0000000008003f80        0xc zephyr/libzephyr.a(log_core.c.obj)
                0x0000000008003f80                z_log_msg_local_claim
 .text.z_log_msg_free
                0x0000000008003f8c       0x10 zephyr/libzephyr.a(log_core.c.obj)
                0x0000000008003f8c                z_log_msg_free
 .text.z_log_msg_pending
                0x0000000008003f9c        0xc zephyr/libzephyr.a(log_core.c.obj)
                0x0000000008003f9c                z_log_msg_pending
 .text.z_impl_log_process
                0x0000000008003fa8       0xe4 zephyr/libzephyr.a(log_core.c.obj)
                0x0000000008003fa8                z_impl_log_process
 .text.z_impl_log_panic
                0x000000000800408c       0x44 zephyr/libzephyr.a(log_core.c.obj)
                0x000000000800408c                z_impl_log_panic
 .text.log_process_thread_func
                0x00000000080040d0       0x9c zephyr/libzephyr.a(log_core.c.obj)
 .text.z_log_msg_post_finalize
                0x000000000800416c       0x78 zephyr/libzephyr.a(log_core.c.obj)
 .text.z_log_msg_commit
                0x00000000080041e4       0x24 zephyr/libzephyr.a(log_core.c.obj)
                0x00000000080041e4                z_log_msg_commit
 .text.log_mem_get_usage
                0x0000000008004208       0x14 zephyr/libzephyr.a(log_core.c.obj)
                0x0000000008004208                log_mem_get_usage
 .text.log_mem_get_max_usage
                0x000000000800421c        0xc zephyr/libzephyr.a(log_core.c.obj)
                0x000000000800421c                log_mem_get_max_usage
 .text.log_src_cnt_get
                0x0000000008004228       0x14 zephyr/libzephyr.a(log_mgmt.c.obj)
                0x0000000008004228                log_src_cnt_get
 .text.log_source_name_get
                0x000000000800423c       0x1c zephyr/libzephyr.a(log_mgmt.c.obj)
                0x000000000800423c                log_source_name_get
 .text.z_log_runtime_filters_init
                0x0000000008004258       0x3c zephyr/libzephyr.a(log_mgmt.c.obj)
                0x0000000008004258                z_log_runtime_filters_init
 .text.log_source_id_get
                0x0000000008004294       0x38 zephyr/libzephyr.a(log_mgmt.c.obj)
                0x0000000008004294                log_source_id_get
 .text.z_impl_log_filter_set
                0x00000000080042cc       0xac zephyr/libzephyr.a(log_mgmt.c.obj)
                0x00000000080042cc                z_impl_log_filter_set
 .text.backend_filter_set
                0x0000000008004378       0x30 zephyr/libzephyr.a(log_mgmt.c.obj)
 .text.log_backend_enable
                0x00000000080043a8       0x34 zephyr/libzephyr.a(log_mgmt.c.obj)
                0x00000000080043a8                log_backend_enable
 .text.log_filter_get
                0x00000000080043dc       0x44 zephyr/libzephyr.a(log_mgmt.c.obj)
                0x00000000080043dc                log_filter_get
 .text.z_impl_z_log_msg_static_create
                0x0000000008004420      0x110 zephyr/libzephyr.a(log_msg.c.obj)
                0x0000000008004420                z_impl_z_log_msg_static_create
 .text.z_impl_z_log_msg_runtime_vcreate
                0x0000000008004530       0x8c zephyr/libzephyr.a(log_msg.c.obj)
                0x0000000008004530                z_impl_z_log_msg_runtime_vcreate
 .text.print_formatted
                0x00000000080045bc       0x24 zephyr/libzephyr.a(log_output.c.obj)
 .text.newline_print
                0x00000000080045e0       0x1c zephyr/libzephyr.a(log_output.c.obj)
 .text.log_output_process
                0x00000000080045fc      0x2a8 zephyr/libzephyr.a(log_output.c.obj)
                0x00000000080045fc                log_output_process
 .text.log_output_msg_process
                0x00000000080048a4       0x70 zephyr/libzephyr.a(log_output.c.obj)
                0x00000000080048a4                log_output_msg_process
 .text.log_output_dropped_process
                0x0000000008004914       0x58 zephyr/libzephyr.a(log_output.c.obj)
                0x0000000008004914                log_output_dropped_process
 .text.log_output_timestamp_freq_set
                0x000000000800496c       0x2c zephyr/libzephyr.a(log_output.c.obj)
                0x000000000800496c                log_output_timestamp_freq_set
 .text.severity_lvl_get
                0x0000000008004998       0x24 zephyr/libzephyr.a(log_cmds.c.obj)
 .text.backend_name_get
                0x00000000080049bc       0x30 zephyr/libzephyr.a(log_cmds.c.obj)
 .text.module_name_get
                0x00000000080049ec       0x20 zephyr/libzephyr.a(log_cmds.c.obj)
 .text.cmd_log_backends_list
                0x0000000008004a0c       0x54 zephyr/libzephyr.a(log_cmds.c.obj)
 .text.log_status
                0x0000000008004a60       0xa8 zephyr/libzephyr.a(log_cmds.c.obj)
 .text.shell_backend_cmd_execute
                0x0000000008004b08       0x64 zephyr/libzephyr.a(log_cmds.c.obj)
 .text.cmd_log_backend_status
                0x0000000008004b6c       0x10 zephyr/libzephyr.a(log_cmds.c.obj)
 .text.cmd_log_backend_halt
                0x0000000008004b7c        0xc zephyr/libzephyr.a(log_cmds.c.obj)
 .text.cmd_log_backend_go
                0x0000000008004b88        0xc zephyr/libzephyr.a(log_cmds.c.obj)
 .text.cmd_log_backend_enable
                0x0000000008004b94        0xc zephyr/libzephyr.a(log_cmds.c.obj)
 .text.cmd_log_backend_disable
                0x0000000008004ba0        0xc zephyr/libzephyr.a(log_cmds.c.obj)
 .text.cmd_log_mem
                0x0000000008004bac       0x84 zephyr/libzephyr.a(log_cmds.c.obj)
 .text.filters_set
                0x0000000008004c30       0xdc zephyr/libzephyr.a(log_cmds.c.obj)
 .text.log_enable
                0x0000000008004d0c       0x60 zephyr/libzephyr.a(log_cmds.c.obj)
 .text.format_set
                0x0000000008004d6c        0xc zephyr/libzephyr.a(log_backend_uart.c.obj)
 .text.panic    0x0000000008004d78       0x14 zephyr/libzephyr.a(log_backend_uart.c.obj)
 .text.dropped  0x0000000008004d8c        0xc zephyr/libzephyr.a(log_backend_uart.c.obj)
 .text.process  0x0000000008004d98       0x24 zephyr/libzephyr.a(log_backend_uart.c.obj)
 .text.char_out
                0x0000000008004dbc       0x24 zephyr/libzephyr.a(log_backend_uart.c.obj)
 .text.stats_group_walk
                0x0000000008004de0       0x24 zephyr/libzephyr.a(stats.c.obj)
                0x0000000008004de0                stats_group_walk
 .text.cmd_stats_list
                0x0000000008004e04        0xc zephyr/libzephyr.a(stats_shell.c.obj)
 .text.stats_cb
                0x0000000008004e10       0x48 zephyr/libzephyr.a(stats_shell.c.obj)
 .text.stats_group_cb
                0x0000000008004e58       0x2c zephyr/libzephyr.a(stats_shell.c.obj)
 .text.class_handler
                0x0000000008004e84       0x40 zephyr/libzephyr.a(usb_device.c.obj)
 .text.custom_handler
                0x0000000008004ec4       0x60 zephyr/libzephyr.a(usb_device.c.obj)
 .text.vendor_handler
                0x0000000008004f24       0x3c zephyr/libzephyr.a(usb_device.c.obj)
 .text.usb_reset_alt_setting
                0x0000000008004f60       0x10 zephyr/libzephyr.a(usb_device.c.obj)
 .text.is_ep_valid.part.0
                0x0000000008004f70       0x38 zephyr/libzephyr.a(usb_device.c.obj)
 .text.usb_device_init.part.0
                0x0000000008004fa8       0x30 zephyr/libzephyr.a(usb_device.c.obj)
 .text.get_ep_bm_from_addr.part.0
                0x0000000008004fd8       0x38 zephyr/libzephyr.a(usb_device.c.obj)
 .text.disable_endpoint
                0x0000000008005010       0x90 zephyr/libzephyr.a(usb_device.c.obj)
 .text.usb_halt_endpoint_req.isra.0
                0x00000000080050a0       0xa8 zephyr/libzephyr.a(usb_device.c.obj)
 .text.set_endpoint
                0x0000000008005148      0x124 zephyr/libzephyr.a(usb_device.c.obj)
 .text.usb_handle_standard_request
                0x000000000800526c      0x2ec zephyr/libzephyr.a(usb_device.c.obj)
 .text.usb_write
                0x0000000008005558       0x74 zephyr/libzephyr.a(usb_device.c.obj)
                0x0000000008005558                usb_write
 .text.usb_set_config
                0x00000000080055cc       0x2c zephyr/libzephyr.a(usb_device.c.obj)
                0x00000000080055cc                usb_set_config
 .text.usb_device_init
                0x00000000080055f8       0x2c zephyr/libzephyr.a(usb_device.c.obj)
 .text.usb_update_sn_string_descriptor
                0x0000000008005624       0x88 zephyr/libzephyr.a(usb_descriptor.c.obj)
                0x0000000008005624                usb_update_sn_string_descriptor
 .text.usb_get_device_descriptor
                0x00000000080056ac      0x298 zephyr/libzephyr.a(usb_descriptor.c.obj)
                0x00000000080056ac                usb_get_device_descriptor
 .text.usb_ep_get_transfer
                0x0000000008005944       0x2c zephyr/libzephyr.a(usb_transfer.c.obj)
 .text.usb_transfer_work
                0x0000000008005970      0x16c zephyr/libzephyr.a(usb_transfer.c.obj)
 .text.usb_transfer_ep_callback
                0x0000000008005adc       0x7c zephyr/libzephyr.a(usb_transfer.c.obj)
                0x0000000008005adc                usb_transfer_ep_callback
 .text.usb_transfer
                0x0000000008005b58      0x154 zephyr/libzephyr.a(usb_transfer.c.obj)
                0x0000000008005b58                usb_transfer
 .text.usb_cancel_transfer
                0x0000000008005cac       0x3c zephyr/libzephyr.a(usb_transfer.c.obj)
                0x0000000008005cac                usb_cancel_transfer
 .text.cdc_acm_irq_rx_enable
                0x0000000008005ce8       0x20 zephyr/libzephyr.a(cdc_acm.c.obj)
 .text.cdc_acm_irq_tx_enable
                0x0000000008005d08       0x20 zephyr/libzephyr.a(cdc_acm.c.obj)
 .text.tx_work_handler
                0x0000000008005d28       0x5c zephyr/libzephyr.a(cdc_acm.c.obj)
 .text.cdc_acm_reset_port
                0x0000000008005d84       0x3c zephyr/libzephyr.a(cdc_acm.c.obj)
 .text.cdc_acm_write_cb
                0x0000000008005dc0       0x44 zephyr/libzephyr.a(cdc_acm.c.obj)
 .text.cdc_acm_poll_out
                0x0000000008005e04       0xc8 zephyr/libzephyr.a(cdc_acm.c.obj)
 .text.cdc_acm_fifo_fill
                0x0000000008005ecc       0xa0 zephyr/libzephyr.a(cdc_acm.c.obj)
 .text.cdc_acm_dev_status_cb.part.0
                0x0000000008005f6c       0x38 zephyr/libzephyr.a(cdc_acm.c.obj)
 .text.cdc_acm_int_in.part.0
                0x0000000008005fa4       0x38 zephyr/libzephyr.a(cdc_acm.c.obj)
 .text.cdc_acm_int_in
                0x0000000008005fdc       0x24 zephyr/libzephyr.a(cdc_acm.c.obj)
 .text.cdc_acm_class_handle_req
                0x0000000008006000       0x98 zephyr/libzephyr.a(cdc_acm.c.obj)
                0x0000000008006000                cdc_acm_class_handle_req
 .text.cdc_acm_read_cb
                0x0000000008006098       0xac zephyr/libzephyr.a(cdc_acm.c.obj)
 .text.cdc_acm_dev_status_cb
                0x0000000008006144      0x154 zephyr/libzephyr.a(cdc_acm.c.obj)
 .text.cdc_acm_init
                0x0000000008006298       0x48 zephyr/libzephyr.a(cdc_acm.c.obj)
 .text.cdc_acm_send_notification.isra.0
                0x00000000080062e0       0x44 zephyr/libzephyr.a(cdc_acm.c.obj)
 .text.z_usb_work_q_init
                0x0000000008006324       0x34 zephyr/libzephyr.a(usb_work_q.c.obj)
 .text.cmd_kernel_version
                0x0000000008006358       0x2c zephyr/libzephyr.a(kernel_service.c.obj)
 .text.cmd_kernel_uptime
                0x0000000008006384       0x24 zephyr/libzephyr.a(kernel_service.c.obj)
 .text.cmd_kernel_threads
                0x00000000080063a8       0x38 zephyr/libzephyr.a(kernel_service.c.obj)
 .text.shell_tdata_dump
                0x00000000080063e0      0x118 zephyr/libzephyr.a(kernel_service.c.obj)
 .text.cmd_kernel_stacks
                0x00000000080064f8       0x74 zephyr/libzephyr.a(kernel_service.c.obj)
 .text.cmd_kernel_cycles
                0x000000000800656c       0x1c zephyr/libzephyr.a(kernel_service.c.obj)
 .text.cmd_kernel_log_level_set
                0x0000000008006588       0x80 zephyr/libzephyr.a(kernel_service.c.obj)
 .text.cmd_kernel_sleep
                0x0000000008006608       0x40 zephyr/libzephyr.a(kernel_service.c.obj)
 .text.shell_stack_dump
                0x0000000008006648       0x64 zephyr/libzephyr.a(kernel_service.c.obj)
 .text.cmd_device_list
                0x00000000080066ac       0x8c zephyr/libzephyr.a(device_service.c.obj)
 .text.date_print
                0x0000000008006738       0x30 zephyr/libzephyr.a(date_service.c.obj)
 .text.get_h_m_s
                0x0000000008006768       0xa8 zephyr/libzephyr.a(date_service.c.obj)
 .text.cmd_date_set
                0x0000000008006810      0x120 zephyr/libzephyr.a(date_service.c.obj)
 .text.cmd_devmem
                0x0000000008006930       0xcc zephyr/libzephyr.a(devmem_service.c.obj)
 .text.cmd_dump
                0x00000000080069fc      0x188 zephyr/libzephyr.a(devmem_service.c.obj)
 .text.set_bypass.isra.0
                0x0000000008006b84       0x50 zephyr/libzephyr.a(devmem_service.c.obj)
 .text.bypass_cb
                0x0000000008006bd4      0x118 zephyr/libzephyr.a(devmem_service.c.obj)
 .text.cmd_load
                0x0000000008006cec       0xd8 zephyr/libzephyr.a(devmem_service.c.obj)
 .text.enable_shell_uart
                0x0000000008006dc4       0x38 zephyr/libzephyr.a(shell_uart.c.obj)
 .text.init     0x0000000008006dfc       0x58 zephyr/libzephyr.a(shell_uart.c.obj)
 .text.uart_callback
                0x0000000008006e54      0x10c zephyr/libzephyr.a(shell_uart.c.obj)
 .text.shell_backend_uart_get_ptr
                0x0000000008006f60        0x8 zephyr/libzephyr.a(shell_uart.c.obj)
                0x0000000008006f60                shell_backend_uart_get_ptr
 .text.shell_internal_help_print
                0x0000000008006f68       0x20 zephyr/libzephyr.a(shell.c.obj)
 .text.z_cursor_next_line_move.isra.0
                0x0000000008006f88        0xc zephyr/libzephyr.a(shell.c.obj)
 .text.history_handle
                0x0000000008006f94       0xa8 zephyr/libzephyr.a(shell.c.obj)
 .text.execute  0x000000000800703c      0x2c0 zephyr/libzephyr.a(shell.c.obj)
 .text.state_set.constprop.0
                0x00000000080072fc       0x4c zephyr/libzephyr.a(shell.c.obj)
 .text.shell_process
                0x0000000008007348      0x6c8 zephyr/libzephyr.a(shell.c.obj)
                0x0000000008007348                shell_process
 .text.shell_init
                0x0000000008007a10       0xf8 zephyr/libzephyr.a(shell.c.obj)
                0x0000000008007a10                shell_init
 .text.shell_start
                0x0000000008007b08       0x54 zephyr/libzephyr.a(shell.c.obj)
                0x0000000008007b08                shell_start
 .text.shell_thread
                0x0000000008007b5c       0xa0 zephyr/libzephyr.a(shell.c.obj)
                0x0000000008007b5c                shell_thread
 .text.cmd_help
                0x0000000008007bfc       0x4c zephyr/libzephyr.a(shell.c.obj)
 .text.shell_hexdump_line
                0x0000000008007c48       0xe8 zephyr/libzephyr.a(shell.c.obj)
                0x0000000008007c48                shell_hexdump_line
 .text.z_shell_fprintf_fmt
                0x0000000008007d30       0x30 zephyr/libzephyr.a(shell_fprintf.c.obj)
                0x0000000008007d30                z_shell_fprintf_fmt
 .text.z_shell_make_argv
                0x0000000008007d60      0x1b8 zephyr/libzephyr.a(shell_utils.c.obj)
                0x0000000008007d60                z_shell_make_argv
 .text.z_shell_cmd_get
                0x0000000008007f18       0x74 zephyr/libzephyr.a(shell_utils.c.obj)
                0x0000000008007f18                z_shell_cmd_get
 .text.z_shell_spaces_trim
                0x0000000008007f8c       0x6c zephyr/libzephyr.a(shell_utils.c.obj)
                0x0000000008007f8c                z_shell_spaces_trim
 .text.z_shell_cmd_trim
                0x0000000008007ff8       0x70 zephyr/libzephyr.a(shell_utils.c.obj)
                0x0000000008007ff8                z_shell_cmd_trim
 .text.z_clear_eos
                0x0000000008008068       0x18 zephyr/libzephyr.a(shell_ops.c.obj)
 .text.z_cursor_next_line_move.isra.0
                0x0000000008008080        0xc zephyr/libzephyr.a(shell_ops.c.obj)
 .text.z_shell_op_cursor_vert_move
                0x000000000800808c       0x2c zephyr/libzephyr.a(shell_ops.c.obj)
                0x000000000800808c                z_shell_op_cursor_vert_move
 .text.z_shell_op_cursor_horiz_move
                0x00000000080080b8       0x2c zephyr/libzephyr.a(shell_ops.c.obj)
                0x00000000080080b8                z_shell_op_cursor_horiz_move
 .text.z_shell_op_cursor_word_move
                0x00000000080080e4       0x78 zephyr/libzephyr.a(shell_ops.c.obj)
                0x00000000080080e4                z_shell_op_cursor_word_move
 .text.z_shell_print_cmd
                0x000000000800815c       0x10 zephyr/libzephyr.a(shell_ops.c.obj)
                0x000000000800815c                z_shell_print_cmd
 .text.z_shell_vt100_color_set
                0x000000000800816c       0x40 zephyr/libzephyr.a(shell_ops.c.obj)
                0x000000000800816c                z_shell_vt100_color_set
 .text.z_shell_vt100_colors_restore
                0x00000000080081ac       0x3c zephyr/libzephyr.a(shell_ops.c.obj)
                0x00000000080081ac                z_shell_vt100_colors_restore
 .text.z_shell_op_word_remove
                0x00000000080081e8       0xc0 zephyr/libzephyr.a(shell_ops.c.obj)
                0x00000000080081e8                z_shell_op_word_remove
 .text.reprint_from_cursor
                0x00000000080082a8       0x74 zephyr/libzephyr.a(shell_ops.c.obj)
 .text.z_shell_op_char_insert
                0x000000000800831c       0x6c zephyr/libzephyr.a(shell_ops.c.obj)
                0x000000000800831c                z_shell_op_char_insert
 .text.z_shell_print_prompt_and_cmd
                0x0000000008008388       0x30 zephyr/libzephyr.a(shell_ops.c.obj)
                0x0000000008008388                z_shell_print_prompt_and_cmd
 .text.z_cursor_next_line_move.isra.0
                0x00000000080083b8        0xc zephyr/libzephyr.a(shell_help.c.obj)
 .text.formatted_text_print.constprop.0
                0x00000000080083c4       0xe4 zephyr/libzephyr.a(shell_help.c.obj)
 .text.z_shell_help_subcmd_print
                0x00000000080084a8       0xe4 zephyr/libzephyr.a(shell_help.c.obj)
                0x00000000080084a8                z_shell_help_subcmd_print
 .text.z_shell_help_cmd_print
                0x000000000800858c       0x40 zephyr/libzephyr.a(shell_help.c.obj)
                0x000000000800858c                z_shell_help_cmd_print
 .text.z_shell_help_request
                0x00000000080085cc       0x28 zephyr/libzephyr.a(shell_help.c.obj)
                0x00000000080085cc                z_shell_help_request
 .text.cmd_resize_default
                0x00000000080085f4       0x2c zephyr/libzephyr.a(shell_cmds.c.obj)
 .text.cmd_shell_stats_show
                0x0000000008008620       0x18 zephyr/libzephyr.a(shell_cmds.c.obj)
 .text.cmd_backends
                0x0000000008008638       0x50 zephyr/libzephyr.a(shell_cmds.c.obj)
 .text.cmd_prompt_off
                0x0000000008008688       0x10 zephyr/libzephyr.a(shell_cmds.c.obj)
 .text.cmd_history
                0x0000000008008698       0x44 zephyr/libzephyr.a(shell_cmds.c.obj)
 .text.cmd_get_retval
                0x00000000080086dc       0x1c zephyr/libzephyr.a(shell_cmds.c.obj)
 .text.cmd_echo
                0x00000000080086f8       0x58 zephyr/libzephyr.a(shell_cmds.c.obj)
 .text.cmd_clear
                0x0000000008008750       0x34 zephyr/libzephyr.a(shell_cmds.c.obj)
 .text.cmd_resize
                0x0000000008008784      0x1a8 zephyr/libzephyr.a(shell_cmds.c.obj)
 .text.z_shell_wildcard_process
                0x000000000800892c       0xe4 zephyr/libzephyr.a(shell_wildcard.c.obj)
                0x000000000800892c                z_shell_wildcard_process
 .text.z_arm_cpu_idle_init
                0x0000000008008a10        0xc zephyr/arch/arch/arm/core/aarch32/libarch__arm__core__aarch32.a(cpu_idle.S.obj)
                0x0000000008008a10                z_arm_cpu_idle_init
 .text.arch_cpu_idle
                0x0000000008008a1c       0x1c zephyr/arch/arch/arm/core/aarch32/libarch__arm__core__aarch32.a(cpu_idle.S.obj)
                0x0000000008008a1c                arch_cpu_idle
 .text.z_arm_fatal_error
                0x0000000008008a38       0xec zephyr/arch/arch/arm/core/aarch32/libarch__arm__core__aarch32.a(fatal.c.obj)
                0x0000000008008a38                z_arm_fatal_error
 .text.arch_irq_enable
                0x0000000008008b24       0x1c zephyr/arch/arch/arm/core/aarch32/libarch__arm__core__aarch32.a(irq_manage.c.obj)
                0x0000000008008b24                arch_irq_enable
 .text.arch_irq_disable
                0x0000000008008b40       0x28 zephyr/arch/arch/arm/core/aarch32/libarch__arm__core__aarch32.a(irq_manage.c.obj)
                0x0000000008008b40                arch_irq_disable
 .text.z_arm_irq_priority_set
                0x0000000008008b68       0x30 zephyr/arch/arch/arm/core/aarch32/libarch__arm__core__aarch32.a(irq_manage.c.obj)
                0x0000000008008b68                z_arm_irq_priority_set
 .text.z_SysNmiOnReset
                0x0000000008008b98        0x8 zephyr/arch/arch/arm/core/aarch32/libarch__arm__core__aarch32.a(nmi_on_reset.S.obj)
                0x0000000008008b98                z_SysNmiOnReset
 .text.z_arm_prep_c
                0x0000000008008ba0       0x48 zephyr/arch/arch/arm/core/aarch32/libarch__arm__core__aarch32.a(prep_c.c.obj)
                0x0000000008008ba0                z_arm_prep_c
 .text.arch_swap
                0x0000000008008be8       0x38 zephyr/arch/arch/arm/core/aarch32/libarch__arm__core__aarch32.a(swap.c.obj)
                0x0000000008008be8                arch_swap
 .text.z_arm_pendsv
                0x0000000008008c20       0x6c zephyr/arch/arch/arm/core/aarch32/libarch__arm__core__aarch32.a(swap_helper.S.obj)
                0x0000000008008c20                z_arm_pendsv
 .text.z_arm_svc
                0x0000000008008c8c       0x20 zephyr/arch/arch/arm/core/aarch32/libarch__arm__core__aarch32.a(swap_helper.S.obj)
                0x0000000008008c8c                z_arm_svc
 .text.arch_new_thread
                0x0000000008008cac       0x38 zephyr/arch/arch/arm/core/aarch32/libarch__arm__core__aarch32.a(thread.c.obj)
                0x0000000008008cac                arch_new_thread
 .text.z_check_thread_stack_fail
                0x0000000008008ce4       0x30 zephyr/arch/arch/arm/core/aarch32/libarch__arm__core__aarch32.a(thread.c.obj)
                0x0000000008008ce4                z_check_thread_stack_fail
 .text.arch_switch_to_main_thread
                0x0000000008008d14       0x34 zephyr/arch/arch/arm/core/aarch32/libarch__arm__core__aarch32.a(thread.c.obj)
                0x0000000008008d14                arch_switch_to_main_thread
 .text._isr_wrapper
                0x0000000008008d48       0x28 zephyr/arch/arch/arm/core/aarch32/libarch__arm__core__aarch32.a(isr_wrapper.S.obj)
                0x0000000008008d48                _isr_wrapper
 .text._HandlerModeExit
                0x0000000008008d70       0x1c zephyr/arch/arch/arm/core/aarch32/cortex_m/libarch__arm__core__aarch32__cortex_m.a(exc_exit.S.obj)
                0x0000000008008d70                z_arm_exc_exit
                0x0000000008008d70                z_arm_int_exit
 .text.bus_fault.constprop.0
                0x0000000008008d8c      0x18c zephyr/arch/arch/arm/core/aarch32/cortex_m/libarch__arm__core__aarch32__cortex_m.a(fault.c.obj)
 .text.usage_fault.constprop.0
                0x0000000008008f18      0x134 zephyr/arch/arch/arm/core/aarch32/cortex_m/libarch__arm__core__aarch32__cortex_m.a(fault.c.obj)
 .text.mem_manage_fault
                0x000000000800904c      0x1a8 zephyr/arch/arch/arm/core/aarch32/cortex_m/libarch__arm__core__aarch32__cortex_m.a(fault.c.obj)
 .text.z_arm_fault
                0x00000000080091f4      0x274 zephyr/arch/arch/arm/core/aarch32/cortex_m/libarch__arm__core__aarch32__cortex_m.a(fault.c.obj)
                0x00000000080091f4                z_arm_fault
 .text.z_arm_fault_init
                0x0000000008009468       0x10 zephyr/arch/arch/arm/core/aarch32/cortex_m/libarch__arm__core__aarch32__cortex_m.a(fault.c.obj)
                0x0000000008009468                z_arm_fault_init
 .text.__fault  0x0000000008009478       0x14 zephyr/arch/arch/arm/core/aarch32/cortex_m/libarch__arm__core__aarch32__cortex_m.a(fault_s.S.obj)
                0x0000000008009478                z_arm_bus_fault
                0x0000000008009478                z_arm_usage_fault
                0x0000000008009478                z_arm_mpu_fault
                0x0000000008009478                z_arm_exc_spurious
                0x0000000008009478                z_arm_debug_monitor
                0x0000000008009478                z_arm_hard_fault
 .text.z_arm_interrupt_init
                0x000000000800948c       0x18 zephyr/arch/arch/arm/core/aarch32/cortex_m/libarch__arm__core__aarch32__cortex_m.a(irq_init.c.obj)
                0x000000000800948c                z_arm_interrupt_init
 .text._reset_section
                0x00000000080094a4       0x38 zephyr/arch/arch/arm/core/aarch32/cortex_m/libarch__arm__core__aarch32__cortex_m.a(reset.S.obj)
                0x00000000080094a4                z_arm_reset
                0x00000000080094a4                __start
 .text.z_impl_k_thread_abort
                0x00000000080094dc       0x2c zephyr/arch/arch/arm/core/aarch32/cortex_m/libarch__arm__core__aarch32__cortex_m.a(thread_abort.c.obj)
                0x00000000080094dc                z_impl_k_thread_abort
 .text.arch_timing_init
                0x0000000008009508       0x28 zephyr/arch/arch/arm/core/aarch32/cortex_m/libarch__arm__core__aarch32__cortex_m.a(timing.c.obj)
                0x0000000008009508                arch_timing_init
 .text.arch_timing_start
                0x0000000008009530       0x14 zephyr/arch/arch/arm/core/aarch32/cortex_m/libarch__arm__core__aarch32__cortex_m.a(timing.c.obj)
                0x0000000008009530                arch_timing_start
 .text.arch_timing_counter_get
                0x0000000008009544        0xc zephyr/arch/arch/arm/core/aarch32/cortex_m/libarch__arm__core__aarch32__cortex_m.a(timing.c.obj)
                0x0000000008009544                arch_timing_counter_get
 .text.z_arm_configure_static_mpu_regions
                0x0000000008009550       0x18 zephyr/arch/arch/arm/core/aarch32/mpu/libarch__arm__core__aarch32__mpu.a(arm_core_mpu.c.obj)
                0x0000000008009550                z_arm_configure_static_mpu_regions
 .text.z_arm_configure_dynamic_mpu_regions
                0x0000000008009568       0x24 zephyr/arch/arch/arm/core/aarch32/mpu/libarch__arm__core__aarch32__mpu.a(arm_core_mpu.c.obj)
                0x0000000008009568                z_arm_configure_dynamic_mpu_regions
 .text.mpu_configure_regions
                0x000000000800958c       0xdc zephyr/arch/arch/arm/core/aarch32/mpu/libarch__arm__core__aarch32__mpu.a(arm_mpu.c.obj)
 .text.arm_core_mpu_enable
                0x0000000008009668       0x18 zephyr/arch/arch/arm/core/aarch32/mpu/libarch__arm__core__aarch32__mpu.a(arm_mpu.c.obj)
                0x0000000008009668                arm_core_mpu_enable
 .text.arm_core_mpu_disable
                0x0000000008009680       0x14 zephyr/arch/arch/arm/core/aarch32/mpu/libarch__arm__core__aarch32__mpu.a(arm_mpu.c.obj)
                0x0000000008009680                arm_core_mpu_disable
 .text.arm_core_mpu_configure_static_mpu_regions
                0x0000000008009694       0x14 zephyr/arch/arch/arm/core/aarch32/mpu/libarch__arm__core__aarch32__mpu.a(arm_mpu.c.obj)
                0x0000000008009694                arm_core_mpu_configure_static_mpu_regions
 .text.arm_core_mpu_configure_dynamic_mpu_regions
                0x00000000080096a8       0x30 zephyr/arch/arch/arm/core/aarch32/mpu/libarch__arm__core__aarch32__mpu.a(arm_mpu.c.obj)
                0x00000000080096a8                arm_core_mpu_configure_dynamic_mpu_regions
 .text.z_arm_mpu_init
                0x00000000080096d8       0x60 zephyr/arch/arch/arm/core/aarch32/mpu/libarch__arm__core__aarch32__mpu.a(arm_mpu.c.obj)
                0x00000000080096d8                z_arm_mpu_init
 .text.__stdout_hook_install
                0x0000000008009738        0xc zephyr/lib/libc/newlib/liblib__libc__newlib.a(libc-hooks.c.obj)
                0x0000000008009738                __stdout_hook_install
 .text.z_impl_zephyr_read_stdin
                0x0000000008009744       0x28 zephyr/lib/libc/newlib/liblib__libc__newlib.a(libc-hooks.c.obj)
                0x0000000008009744                z_impl_zephyr_read_stdin
 .text.z_impl_zephyr_write_stdout
                0x000000000800976c       0x30 zephyr/lib/libc/newlib/liblib__libc__newlib.a(libc-hooks.c.obj)
                0x000000000800976c                z_impl_zephyr_write_stdout
 .text._sbrk    0x000000000800979c       0x28 zephyr/lib/libc/newlib/liblib__libc__newlib.a(libc-hooks.c.obj)
                0x000000000800979c                _sbrk
                0x000000000800979c                sbrk
 .text.abort    0x00000000080097c4       0x18 zephyr/lib/libc/common/liblib__libc__common.a(abort.c.obj)
                0x00000000080097c4                abort
 .text.foldcase
                0x00000000080097dc       0x18 zephyr/lib/posix/liblib__posix.a(fnmatch.c.obj)
 .text.z_impl_clock_gettime
                0x00000000080097f4       0x90 zephyr/lib/posix/liblib__posix.a(clock.c.obj)
                0x00000000080097f4                z_impl_clock_gettime
 .text.timing_init
                0x0000000008009884       0x18 zephyr/subsys/timing/libsubsys__timing.a(timing.c.obj)
                0x0000000008009884                timing_init
 .text.timing_start
                0x000000000800989c       0x24 zephyr/subsys/timing/libsubsys__timing.a(timing.c.obj)
                0x000000000800989c                timing_start
 .text.stm32_exti_isr
                0x00000000080098c0       0x4c zephyr/drivers/interrupt_controller/libdrivers__interrupt_controller.a(intc_exti_stm32.c.obj)
 .text.stm32_fill_irq_table
                0x000000000800990c       0x18 zephyr/drivers/interrupt_controller/libdrivers__interrupt_controller.a(intc_exti_stm32.c.obj)
 .text.stm32_exti_enable
                0x0000000008009924       0x24 zephyr/drivers/interrupt_controller/libdrivers__interrupt_controller.a(intc_exti_stm32.c.obj)
                0x0000000008009924                stm32_exti_enable
 .text.stm32_exti_disable
                0x0000000008009948       0x18 zephyr/drivers/interrupt_controller/libdrivers__interrupt_controller.a(intc_exti_stm32.c.obj)
                0x0000000008009948                stm32_exti_disable
 .text.stm32_exti_trigger
                0x0000000008009960       0x60 zephyr/drivers/interrupt_controller/libdrivers__interrupt_controller.a(intc_exti_stm32.c.obj)
                0x0000000008009960                stm32_exti_trigger
 .text.stm32_exti_set_callback
                0x00000000080099c0       0x30 zephyr/drivers/interrupt_controller/libdrivers__interrupt_controller.a(intc_exti_stm32.c.obj)
                0x00000000080099c0                stm32_exti_set_callback
 .text.stm32_exti_unset_callback
                0x00000000080099f0       0x14 zephyr/drivers/interrupt_controller/libdrivers__interrupt_controller.a(intc_exti_stm32.c.obj)
                0x00000000080099f0                stm32_exti_unset_callback
 .text.usb_dc_stm32_get_ep_state
                0x0000000008009a04       0x28 zephyr/drivers/usb/device/libdrivers__usb__device.a(usb_dc_stm32.c.obj)
 .text.usb_dc_stm32_isr
                0x0000000008009a2c        0xc zephyr/drivers/usb/device/libdrivers__usb__device.a(usb_dc_stm32.c.obj)
 .text.usb_dc_ep_read_continue.part.0
                0x0000000008009a38       0x3c zephyr/drivers/usb/device/libdrivers__usb__device.a(usb_dc_stm32.c.obj)
 .text.usb_dc_ep_get_read_count.part.0
                0x0000000008009a74       0x3c zephyr/drivers/usb/device/libdrivers__usb__device.a(usb_dc_stm32.c.obj)
 .text.usb_dc_set_address
                0x0000000008009ab0       0x4c zephyr/drivers/usb/device/libdrivers__usb__device.a(usb_dc_stm32.c.obj)
                0x0000000008009ab0                usb_dc_set_address
 .text.usb_dc_ep_start_read
                0x0000000008009afc       0x9c zephyr/drivers/usb/device/libdrivers__usb__device.a(usb_dc_stm32.c.obj)
                0x0000000008009afc                usb_dc_ep_start_read
 .text.usb_dc_ep_get_read_count
                0x0000000008009b98       0x24 zephyr/drivers/usb/device/libdrivers__usb__device.a(usb_dc_stm32.c.obj)
                0x0000000008009b98                usb_dc_ep_get_read_count
 .text.usb_dc_ep_check_cap
                0x0000000008009bbc       0x50 zephyr/drivers/usb/device/libdrivers__usb__device.a(usb_dc_stm32.c.obj)
                0x0000000008009bbc                usb_dc_ep_check_cap
 .text.usb_dc_ep_configure
                0x0000000008009c0c       0x60 zephyr/drivers/usb/device/libdrivers__usb__device.a(usb_dc_stm32.c.obj)
                0x0000000008009c0c                usb_dc_ep_configure
 .text.usb_dc_ep_set_stall
                0x0000000008009c6c       0x60 zephyr/drivers/usb/device/libdrivers__usb__device.a(usb_dc_stm32.c.obj)
                0x0000000008009c6c                usb_dc_ep_set_stall
 .text.usb_dc_ep_clear_stall
                0x0000000008009ccc       0x60 zephyr/drivers/usb/device/libdrivers__usb__device.a(usb_dc_stm32.c.obj)
                0x0000000008009ccc                usb_dc_ep_clear_stall
 .text.usb_dc_ep_enable
                0x0000000008009d2c       0x78 zephyr/drivers/usb/device/libdrivers__usb__device.a(usb_dc_stm32.c.obj)
                0x0000000008009d2c                usb_dc_ep_enable
 .text.usb_dc_ep_disable
                0x0000000008009da4       0x58 zephyr/drivers/usb/device/libdrivers__usb__device.a(usb_dc_stm32.c.obj)
                0x0000000008009da4                usb_dc_ep_disable
 .text.usb_dc_ep_write
                0x0000000008009dfc      0x124 zephyr/drivers/usb/device/libdrivers__usb__device.a(usb_dc_stm32.c.obj)
                0x0000000008009dfc                usb_dc_ep_write
 .text.usb_dc_ep_read_wait
                0x0000000008009f20       0xd8 zephyr/drivers/usb/device/libdrivers__usb__device.a(usb_dc_stm32.c.obj)
                0x0000000008009f20                usb_dc_ep_read_wait
 .text.usb_dc_ep_read_continue
                0x0000000008009ff8       0x38 zephyr/drivers/usb/device/libdrivers__usb__device.a(usb_dc_stm32.c.obj)
                0x0000000008009ff8                usb_dc_ep_read_continue
 .text.HAL_PCD_ResetCallback
                0x000000000800a030       0x48 zephyr/drivers/usb/device/libdrivers__usb__device.a(usb_dc_stm32.c.obj)
                0x000000000800a030                HAL_PCD_ResetCallback
 .text.HAL_PCD_SuspendCallback
                0x000000000800a078       0x14 zephyr/drivers/usb/device/libdrivers__usb__device.a(usb_dc_stm32.c.obj)
                0x000000000800a078                HAL_PCD_SuspendCallback
 .text.HAL_PCD_ResumeCallback
                0x000000000800a08c       0x14 zephyr/drivers/usb/device/libdrivers__usb__device.a(usb_dc_stm32.c.obj)
                0x000000000800a08c                HAL_PCD_ResumeCallback
 .text.HAL_PCD_SetupStageCallback
                0x000000000800a0a0       0x44 zephyr/drivers/usb/device/libdrivers__usb__device.a(usb_dc_stm32.c.obj)
                0x000000000800a0a0                HAL_PCD_SetupStageCallback
 .text.adc_gain_invert
                0x000000000800a0e4       0x2c zephyr/drivers/adc/libdrivers__adc.a(adc_common.c.obj)
                0x000000000800a0e4                adc_gain_invert
 .text.get_adc  0x000000000800a110       0x1c zephyr/drivers/adc/libdrivers__adc.a(adc_shell.c.obj)
 .text.cmd_adc_print
                0x000000000800a12c       0x48 zephyr/drivers/adc/libdrivers__adc.a(adc_shell.c.obj)
 .text.cmd_adc_reso
                0x000000000800a174       0x68 zephyr/drivers/adc/libdrivers__adc.a(adc_shell.c.obj)
 .text.cmd_adc_dev_get
                0x000000000800a1dc       0x28 zephyr/drivers/adc/libdrivers__adc.a(adc_shell.c.obj)
 .text.cmd_adc_gain.constprop.0
                0x000000000800a204       0x68 zephyr/drivers/adc/libdrivers__adc.a(adc_shell.c.obj)
 .text.cmd_adc_ref.constprop.0
                0x000000000800a26c       0x64 zephyr/drivers/adc/libdrivers__adc.a(adc_shell.c.obj)
 .text.cmd_adc_acq
                0x000000000800a2d0       0xb0 zephyr/drivers/adc/libdrivers__adc.a(adc_shell.c.obj)
 .text.cmd_adc_ch_id
                0x000000000800a380       0x6c zephyr/drivers/adc/libdrivers__adc.a(adc_shell.c.obj)
 .text.cmd_adc_read
                0x000000000800a3ec       0x8c zephyr/drivers/adc/libdrivers__adc.a(adc_shell.c.obj)
 .text.adc_stm32_irq_init
                0x000000000800a478       0x24 zephyr/drivers/adc/libdrivers__adc.a(adc_stm32.c.obj)
 .text.adc_stm32_channel_setup
                0x000000000800a49c      0x1c0 zephyr/drivers/adc/libdrivers__adc.a(adc_stm32.c.obj)
 .text.adc_stm32_unset_common_path.isra.0
                0x000000000800a65c       0x38 zephyr/drivers/adc/libdrivers__adc.a(adc_stm32.c.obj)
 .text.adc_stm32_set_common_path.isra.0
                0x000000000800a694       0x34 zephyr/drivers/adc/libdrivers__adc.a(adc_stm32.c.obj)
 .text.adc_stm32_read
                0x000000000800a6c8      0x380 zephyr/drivers/adc/libdrivers__adc.a(adc_stm32.c.obj)
 .text.adc_stm32_init
                0x000000000800aa48      0x19c zephyr/drivers/adc/libdrivers__adc.a(adc_stm32.c.obj)
 .text.adc_stm32_shared_irq_handler
                0x000000000800abe4      0x140 zephyr/drivers/adc/libdrivers__adc.a(adc_stm32.c.obj)
 .text.stm32_clock_control_get_subsys_rate
                0x000000000800ad24       0x60 zephyr/drivers/clock_control/libdrivers__clock_control.a(clock_stm32_ll_common.c.obj)
 .text.stm32_clock_control_init
                0x000000000800ad84       0xf4 zephyr/drivers/clock_control/libdrivers__clock_control.a(clock_stm32_ll_common.c.obj)
                0x000000000800ad84                stm32_clock_control_init
 .text.config_pll_sysclock
                0x000000000800ae78       0x1c zephyr/drivers/clock_control/libdrivers__clock_control.a(clock_stm32f0_f3.c.obj)
                0x000000000800ae78                config_pll_sysclock
 .text.get_pllout_frequency
                0x000000000800ae94       0x20 zephyr/drivers/clock_control/libdrivers__clock_control.a(clock_stm32f0_f3.c.obj)
                0x000000000800ae94                get_pllout_frequency
 .text.config_enable_default_clocks
                0x000000000800aeb4       0x30 zephyr/drivers/clock_control/libdrivers__clock_control.a(clock_stm32f0_f3.c.obj)
                0x000000000800aeb4                config_enable_default_clocks
 .text.uart_console_init
                0x000000000800aee4       0x28 zephyr/drivers/console/libdrivers__console.a(uart_console.c.obj)
 .text.console_out
                0x000000000800af0c       0x28 zephyr/drivers/console/libdrivers__console.a(uart_console.c.obj)
 .text.gpio_stm32_init
                0x000000000800af34       0x30 zephyr/drivers/gpio/libdrivers__gpio.a(gpio_stm32.c.obj)
 .text.gpio_stm32_pin_interrupt_configure
                0x000000000800af64      0x108 zephyr/drivers/gpio/libdrivers__gpio.a(gpio_stm32.c.obj)
 .text.print_all_reset_causes
                0x000000000800b06c      0x118 zephyr/drivers/hwinfo/libdrivers__hwinfo.a(hwinfo_shell.c.obj)
 .text.cmd_show_reset_cause
                0x000000000800b184       0x60 zephyr/drivers/hwinfo/libdrivers__hwinfo.a(hwinfo_shell.c.obj)
 .text.cmd_supported_reset_cause
                0x000000000800b1e4       0x68 zephyr/drivers/hwinfo/libdrivers__hwinfo.a(hwinfo_shell.c.obj)
 .text.cmd_clear_reset_cause
                0x000000000800b24c       0x3c zephyr/drivers/hwinfo/libdrivers__hwinfo.a(hwinfo_shell.c.obj)
 .text.cmd_get_device_id
                0x000000000800b288       0x94 zephyr/drivers/hwinfo/libdrivers__hwinfo.a(hwinfo_shell.c.obj)
 .text.z_impl_hwinfo_get_device_id
                0x000000000800b31c       0x38 zephyr/drivers/hwinfo/libdrivers__hwinfo.a(hwinfo_stm32.c.obj)
                0x000000000800b31c                z_impl_hwinfo_get_device_id
 .text.z_impl_hwinfo_get_reset_cause
                0x000000000800b354       0x58 zephyr/drivers/hwinfo/libdrivers__hwinfo.a(hwinfo_stm32.c.obj)
                0x000000000800b354                z_impl_hwinfo_get_reset_cause
 .text.z_impl_hwinfo_clear_reset_cause
                0x000000000800b3ac       0x20 zephyr/drivers/hwinfo/libdrivers__hwinfo.a(hwinfo_stm32.c.obj)
                0x000000000800b3ac                z_impl_hwinfo_clear_reset_cause
 .text.pinctrl_configure_pins
                0x000000000800b3cc       0x84 zephyr/drivers/pinctrl/libdrivers__pinctrl.a(pinctrl_stm32.c.obj)
                0x000000000800b3cc                pinctrl_configure_pins
 .text.uart_stm32_irq_err_enable
                0x000000000800b450       0x64 zephyr/drivers/serial/libdrivers__serial.a(uart_stm32.c.obj)
 .text.uart_stm32_irq_err_disable
                0x000000000800b4b4       0x64 zephyr/drivers/serial/libdrivers__serial.a(uart_stm32.c.obj)
 .text.uart_stm32_set_baudrate.part.0
                0x000000000800b518       0x2c zephyr/drivers/serial/libdrivers__serial.a(uart_stm32.c.obj)
 .text.uart_stm32_parameters_set
                0x000000000800b544      0x128 zephyr/drivers/serial/libdrivers__serial.a(uart_stm32.c.obj)
 .text.uart_stm32_init
                0x000000000800b66c      0x1ec zephyr/drivers/serial/libdrivers__serial.a(uart_stm32.c.obj)
 .text.uart_stm32_configure
                0x000000000800b858      0x144 zephyr/drivers/serial/libdrivers__serial.a(uart_stm32.c.obj)
 .text.elapsed  0x000000000800b99c       0x3c zephyr/drivers/timer/libdrivers__timer.a(cortex_m_systick.c.obj)
 .text.sys_clock_driver_init
                0x000000000800b9d8       0x34 zephyr/drivers/timer/libdrivers__timer.a(cortex_m_systick.c.obj)
 .text.sys_clock_isr
                0x000000000800ba0c       0x54 zephyr/drivers/timer/libdrivers__timer.a(cortex_m_systick.c.obj)
                0x000000000800ba0c                sys_clock_isr
 .text.sys_clock_set_timeout
                0x000000000800ba60       0xf4 zephyr/drivers/timer/libdrivers__timer.a(cortex_m_systick.c.obj)
                0x000000000800ba60                sys_clock_set_timeout
 .text.sys_clock_elapsed
                0x000000000800bb54       0x3c zephyr/drivers/timer/libdrivers__timer.a(cortex_m_systick.c.obj)
                0x000000000800bb54                sys_clock_elapsed
 .text.sys_clock_cycle_get_32
                0x000000000800bb90       0x2c zephyr/drivers/timer/libdrivers__timer.a(cortex_m_systick.c.obj)
                0x000000000800bb90                sys_clock_cycle_get_32
 .text.HAL_RCC_GetSysClockFreq
                0x000000000800bbbc       0x6c modules/stm32/stm32cube/lib..__modules__hal__stm32__stm32cube.a(stm32f3xx_hal_rcc.c.obj)
                0x000000000800bbbc                HAL_RCC_GetSysClockFreq
 .text.HAL_PCD_IRQHandler
                0x000000000800bc28      0x9f8 modules/stm32/stm32cube/lib..__modules__hal__stm32__stm32cube.a(stm32f3xx_hal_pcd.c.obj)
                0x000000000800bc28                HAL_PCD_IRQHandler
 .text.USB_ActivateEndpoint
                0x000000000800c620      0x300 modules/stm32/stm32cube/lib..__modules__hal__stm32__stm32cube.a(stm32f3xx_ll_usb.c.obj)
                0x000000000800c620                USB_ActivateEndpoint
 .text.LL_SetFlashLatency
                0x000000000800c920       0x4c modules/stm32/stm32cube/lib..__modules__hal__stm32__stm32cube.a(stm32f3xx_ll_utils.c.obj)
                0x000000000800c920                LL_SetFlashLatency
 .text.z_impl_k_busy_wait
                0x000000000800c96c       0x30 zephyr/kernel/libkernel.a(busy_wait.c.obj)
                0x000000000800c96c                z_impl_k_busy_wait
 .text.z_device_get_all_static
                0x000000000800c99c       0x18 zephyr/kernel/libkernel.a(device.c.obj)
                0x000000000800c99c                z_device_get_all_static
 .text.z_impl_z_errno
                0x000000000800c9b4        0xc zephyr/kernel/libkernel.a(errno.c.obj)
                0x000000000800c9b4                z_impl_z_errno
 .text.k_sys_fatal_error_handler
                0x000000000800c9c0       0x34 zephyr/kernel/libkernel.a(fatal.c.obj)
                0x000000000800c9c0                k_sys_fatal_error_handler
 .text.z_fatal_error
                0x000000000800c9f4      0x11c zephyr/kernel/libkernel.a(fatal.c.obj)
                0x000000000800c9f4                z_fatal_error
 .text.z_sys_init_run_level
                0x000000000800cb10       0x48 zephyr/kernel/libkernel.a(init.c.obj)
 .text.bg_thread_main
                0x000000000800cb58       0x34 zephyr/kernel/libkernel.a(init.c.obj)
 .text.z_bss_zero
                0x000000000800cb8c       0x18 zephyr/kernel/libkernel.a(init.c.obj)
                0x000000000800cb8c                z_bss_zero
 .text.z_init_cpu
                0x000000000800cba4       0x98 zephyr/kernel/libkernel.a(init.c.obj)
                0x000000000800cba4                z_init_cpu
 .text.z_cstart
                0x000000000800cc3c       0xe4 zephyr/kernel/libkernel.a(init.c.obj)
                0x000000000800cc3c                z_cstart
 .text.init_mem_slab_module
                0x000000000800cd20       0x24 zephyr/kernel/libkernel.a(mem_slab.c.obj)
 .text.k_thread_foreach
                0x000000000800cd44       0x38 zephyr/kernel/libkernel.a(thread.c.obj)
                0x000000000800cd44                k_thread_foreach
 .text.z_thread_monitor_exit
                0x000000000800cd7c       0x44 zephyr/kernel/libkernel.a(thread.c.obj)
                0x000000000800cd7c                z_thread_monitor_exit
 .text.z_impl_k_thread_name_set
                0x000000000800cdc0       0x20 zephyr/kernel/libkernel.a(thread.c.obj)
                0x000000000800cdc0                z_impl_k_thread_name_set
 .text.k_thread_state_str
                0x000000000800cde0       0x9c zephyr/kernel/libkernel.a(thread.c.obj)
                0x000000000800cde0                k_thread_state_str
 .text.z_setup_new_thread
                0x000000000800ce7c       0xe8 zephyr/kernel/libkernel.a(thread.c.obj)
                0x000000000800ce7c                z_setup_new_thread
 .text.z_impl_k_thread_create
                0x000000000800cf64       0x58 zephyr/kernel/libkernel.a(thread.c.obj)
                0x000000000800cf64                z_impl_k_thread_create
 .text.z_init_static_threads
                0x000000000800cfbc       0x98 zephyr/kernel/libkernel.a(thread.c.obj)
                0x000000000800cfbc                z_init_static_threads
 .text.z_thread_mark_switched_in
                0x000000000800d054        0xc zephyr/kernel/libkernel.a(thread.c.obj)
                0x000000000800d054                z_thread_mark_switched_in
 .text.sys_kernel_version_get
                0x000000000800d060        0x8 zephyr/kernel/libkernel.a(version.c.obj)
                0x000000000800d060                sys_kernel_version_get
 .text.z_impl_k_mutex_lock
                0x000000000800d068       0xf4 zephyr/kernel/libkernel.a(mutex.c.obj)
                0x000000000800d068                z_impl_k_mutex_lock
 .text.z_impl_k_mutex_unlock
                0x000000000800d15c       0x7c zephyr/kernel/libkernel.a(mutex.c.obj)
                0x000000000800d15c                z_impl_k_mutex_unlock
 .text.z_impl_k_sem_give
                0x000000000800d1d8       0x4c zephyr/kernel/libkernel.a(sem.c.obj)
                0x000000000800d1d8                z_impl_k_sem_give
 .text.z_impl_k_sem_take
                0x000000000800d224       0x50 zephyr/kernel/libkernel.a(sem.c.obj)
                0x000000000800d224                z_impl_k_sem_take
 .text.work_queue_main
                0x000000000800d274      0x138 zephyr/kernel/libkernel.a(work.c.obj)
 .text.submit_to_queue_locked
                0x000000000800d3ac       0xb4 zephyr/kernel/libkernel.a(work.c.obj)
 .text.k_work_submit
                0x000000000800d460        0xc zephyr/kernel/libkernel.a(work.c.obj)
                0x000000000800d460                k_work_submit
 .text.k_work_queue_start
                0x000000000800d46c       0x70 zephyr/kernel/libkernel.a(work.c.obj)
                0x000000000800d46c                k_work_queue_start
 .text.k_work_schedule_for_queue
                0x000000000800d4dc       0x54 zephyr/kernel/libkernel.a(work.c.obj)
                0x000000000800d4dc                k_work_schedule_for_queue
 .text.sliceable
                0x000000000800d530       0x3c zephyr/kernel/libkernel.a(sched.c.obj)
 .text.slice_timeout
                0x000000000800d56c       0x20 zephyr/kernel/libkernel.a(sched.c.obj)
 .text.z_reset_time_slice
                0x000000000800d58c       0x50 zephyr/kernel/libkernel.a(sched.c.obj)
                0x000000000800d58c                z_reset_time_slice
 .text.update_cache
                0x000000000800d5dc       0x3c zephyr/kernel/libkernel.a(sched.c.obj)
 .text.move_thread_to_end_of_prio_q
                0x000000000800d618       0x74 zephyr/kernel/libkernel.a(sched.c.obj)
 .text.ready_thread
                0x000000000800d68c       0x68 zephyr/kernel/libkernel.a(sched.c.obj)
 .text.unready_thread
                0x000000000800d6f4       0x30 zephyr/kernel/libkernel.a(sched.c.obj)
 .text.pend_locked
                0x000000000800d724       0x30 zephyr/kernel/libkernel.a(sched.c.obj)
 .text.z_time_slice
                0x000000000800d754       0x60 zephyr/kernel/libkernel.a(sched.c.obj)
                0x000000000800d754                z_time_slice
 .text.z_pend_curr
                0x000000000800d7b4       0x3c zephyr/kernel/libkernel.a(sched.c.obj)
                0x000000000800d7b4                z_pend_curr
 .text.z_set_prio
                0x000000000800d7f0       0x8c zephyr/kernel/libkernel.a(sched.c.obj)
                0x000000000800d7f0                z_set_prio
 .text.z_reschedule
                0x000000000800d87c       0x24 zephyr/kernel/libkernel.a(sched.c.obj)
                0x000000000800d87c                z_reschedule
 .text.z_sched_start
                0x000000000800d8a0       0x3c zephyr/kernel/libkernel.a(sched.c.obj)
                0x000000000800d8a0                z_sched_start
 .text.z_impl_k_thread_suspend
                0x000000000800d8dc       0x64 zephyr/kernel/libkernel.a(sched.c.obj)
                0x000000000800d8dc                z_impl_k_thread_suspend
 .text.k_sched_lock
                0x000000000800d940       0x28 zephyr/kernel/libkernel.a(sched.c.obj)
                0x000000000800d940                k_sched_lock
 .text.k_sched_unlock
                0x000000000800d968       0x38 zephyr/kernel/libkernel.a(sched.c.obj)
                0x000000000800d968                k_sched_unlock
 .text.z_sched_init
                0x000000000800d9a0       0x10 zephyr/kernel/libkernel.a(sched.c.obj)
                0x000000000800d9a0                z_sched_init
 .text.z_impl_k_yield
                0x000000000800d9b0       0x7c zephyr/kernel/libkernel.a(sched.c.obj)
                0x000000000800d9b0                z_impl_k_yield
 .text.z_tick_sleep
                0x000000000800da2c       0x88 zephyr/kernel/libkernel.a(sched.c.obj)
 .text.z_impl_k_sleep
                0x000000000800dab4       0x30 zephyr/kernel/libkernel.a(sched.c.obj)
                0x000000000800dab4                z_impl_k_sleep
 .text.z_impl_z_current_get
                0x000000000800dae4        0xc zephyr/kernel/libkernel.a(sched.c.obj)
                0x000000000800dae4                z_impl_z_current_get
 .text.z_thread_abort
                0x000000000800daf0       0xc8 zephyr/kernel/libkernel.a(sched.c.obj)
                0x000000000800daf0                z_thread_abort
 .text.z_sched_wait
                0x000000000800dbb8       0x24 zephyr/kernel/libkernel.a(sched.c.obj)
                0x000000000800dbb8                z_sched_wait
 .text.z_data_copy
                0x000000000800dbdc       0x34 zephyr/kernel/libkernel.a(xip.c.obj)
                0x000000000800dbdc                z_data_copy
 .text.elapsed  0x000000000800dc10       0x14 zephyr/kernel/libkernel.a(timeout.c.obj)
 .text.next_timeout
                0x000000000800dc24       0x40 zephyr/kernel/libkernel.a(timeout.c.obj)
 .text.remove_timeout
                0x000000000800dc64       0x38 zephyr/kernel/libkernel.a(timeout.c.obj)
 .text.z_add_timeout
                0x000000000800dc9c       0xec zephyr/kernel/libkernel.a(timeout.c.obj)
                0x000000000800dc9c                z_add_timeout
 .text.sys_clock_announce
                0x000000000800dd88       0xd4 zephyr/kernel/libkernel.a(timeout.c.obj)
                0x000000000800dd88                sys_clock_announce
 .text.sys_clock_tick_get
                0x000000000800de5c       0x34 zephyr/kernel/libkernel.a(timeout.c.obj)
                0x000000000800de5c                sys_clock_tick_get
 .text.z_timer_expiration_handler
                0x000000000800de90       0xe4 zephyr/kernel/libkernel.a(timer.c.obj)
                0x000000000800de90                z_timer_expiration_handler
 .text.z_impl_k_timer_start
                0x000000000800df74       0x60 zephyr/kernel/libkernel.a(timer.c.obj)
                0x000000000800df74                z_impl_k_timer_start
 .text.z_impl_k_poll
                0x000000000800dfd4       0xb8 zephyr/kernel/libkernel.a(poll.c.obj)
                0x000000000800dfd4                z_impl_k_poll
 .text.z_impl_k_poll_signal_raise
                0x000000000800e08c       0x50 zephyr/kernel/libkernel.a(poll.c.obj)
                0x000000000800e08c                z_impl_k_poll_signal_raise
 .text.z_sched_usage_start
                0x000000000800e0dc       0x10 zephyr/kernel/libkernel.a(usage.c.obj)
                0x000000000800e0dc                z_sched_usage_start
 .text.z_sched_usage_stop
                0x000000000800e0ec       0x4c zephyr/kernel/libkernel.a(usage.c.obj)
                0x000000000800e0ec                z_sched_usage_stop
 .text.z_sched_cpu_usage
                0x000000000800e138       0x7c zephyr/kernel/libkernel.a(usage.c.obj)
                0x000000000800e138                z_sched_cpu_usage
 .text.z_sched_thread_usage
                0x000000000800e1b4       0x7c zephyr/kernel/libkernel.a(usage.c.obj)
                0x000000000800e1b4                z_sched_thread_usage
 .text.k_sys_work_q_init
                0x000000000800e230       0x34 zephyr/kernel/libkernel.a(system_work_q.c.obj)
 .text.gmtime_r
                0x000000000800e264      0x1c4 /home/shubham/zephyr-sdk-0.16.3/arm-zephyr-eabi/arm-zephyr-eabi/lib/thumb/v7e-m/nofp/libc.a(lib_a-gmtime_r.o)
                0x000000000800e264                gmtime_r
 .text.malloc   0x000000000800e428       0x10 /home/shubham/zephyr-sdk-0.16.3/arm-zephyr-eabi/arm-zephyr-eabi/lib/thumb/v7e-m/nofp/libc.a(lib_a-malloc.o)
                0x000000000800e428                malloc
 .text.free     0x000000000800e438       0x10 /home/shubham/zephyr-sdk-0.16.3/arm-zephyr-eabi/arm-zephyr-eabi/lib/thumb/v7e-m/nofp/libc.a(lib_a-malloc.o)
                0x000000000800e438                free
 .text._malloc_r
                0x000000000800e448      0x578 /home/shubham/zephyr-sdk-0.16.3/arm-zephyr-eabi/arm-zephyr-eabi/lib/thumb/v7e-m/nofp/libc.a(lib_a-mallocr.o)
                0x000000000800e448                _malloc_r
 .text.memcmp   0x000000000800e9c0       0x60 /home/shubham/zephyr-sdk-0.16.3/arm-zephyr-eabi/arm-zephyr-eabi/lib/thumb/v7e-m/nofp/libc.a(lib_a-memcmp.o)
                0x000000000800e9c0                memcmp
 .text.memmove  0x000000000800ea20      0x100 /home/shubham/zephyr-sdk-0.16.3/arm-zephyr-eabi/arm-zephyr-eabi/lib/thumb/v7e-m/nofp/libc.a(lib_a-memmove.o)
                0x000000000800ea20                memmove
 .text.memset   0x000000000800eb20       0xa4 /home/shubham/zephyr-sdk-0.16.3/arm-zephyr-eabi/arm-zephyr-eabi/lib/thumb/v7e-m/nofp/libc.a(lib_a-memset.o)
                0x000000000800eb20                memset
 .text.__malloc_lock
                0x000000000800ebc4        0xc /home/shubham/zephyr-sdk-0.16.3/arm-zephyr-eabi/arm-zephyr-eabi/lib/thumb/v7e-m/nofp/libc.a(lib_a-mlock.o)
                0x000000000800ebc4                __malloc_lock
 .text.__malloc_unlock
                0x000000000800ebd0        0xc /home/shubham/zephyr-sdk-0.16.3/arm-zephyr-eabi/arm-zephyr-eabi/lib/thumb/v7e-m/nofp/libc.a(lib_a-mlock.o)
                0x000000000800ebd0                __malloc_unlock
 .text._sbrk_r  0x000000000800ebdc       0x24 /home/shubham/zephyr-sdk-0.16.3/arm-zephyr-eabi/arm-zephyr-eabi/lib/thumb/v7e-m/nofp/libc.a(lib_a-sbrkr.o)
                0x000000000800ebdc                _sbrk_r
 .text.snprintf
                0x000000000800ec00       0x88 /home/shubham/zephyr-sdk-0.16.3/arm-zephyr-eabi/arm-zephyr-eabi/lib/thumb/v7e-m/nofp/libc.a(lib_a-snprintf.o)
                0x000000000800ec00                snprintf
 .text.strchr   0x000000000800ec88       0xd0 /home/shubham/zephyr-sdk-0.16.3/arm-zephyr-eabi/arm-zephyr-eabi/lib/thumb/v7e-m/nofp/libc.a(lib_a-strchr.o)
                0x000000000800ec88                strchr
 .text.strcpy   0x000000000800ed58       0xbc /home/shubham/zephyr-sdk-0.16.3/arm-zephyr-eabi/arm-zephyr-eabi/lib/thumb/v7e-m/nofp/libc.a(lib_a-strcpy.o)
                0x000000000800ed58                strcpy
 .text.strncmp  0x000000000800ee14       0x84 /home/shubham/zephyr-sdk-0.16.3/arm-zephyr-eabi/arm-zephyr-eabi/lib/thumb/v7e-m/nofp/libc.a(lib_a-strncmp.o)
                0x000000000800ee14                strncmp
 .text.strncpy  0x000000000800ee98       0x68 /home/shubham/zephyr-sdk-0.16.3/arm-zephyr-eabi/arm-zephyr-eabi/lib/thumb/v7e-m/nofp/libc.a(lib_a-strncpy.o)
                0x000000000800ee98                strncpy
 .text.strnlen  0x000000000800ef00       0x24 /home/shubham/zephyr-sdk-0.16.3/arm-zephyr-eabi/arm-zephyr-eabi/lib/thumb/v7e-m/nofp/libc.a(lib_a-strnlen.o)
                0x000000000800ef00                strnlen
 .text.two_way_long_needle
                0x000000000800ef24      0x2a0 /home/shubham/zephyr-sdk-0.16.3/arm-zephyr-eabi/arm-zephyr-eabi/lib/thumb/v7e-m/nofp/libc.a(lib_a-strstr.o)
 .text.strstr   0x000000000800f1c4      0x16c /home/shubham/zephyr-sdk-0.16.3/arm-zephyr-eabi/arm-zephyr-eabi/lib/thumb/v7e-m/nofp/libc.a(lib_a-strstr.o)
                0x000000000800f1c4                strstr
 .text._strtol_l.constprop.0
                0x000000000800f330      0x138 /home/shubham/zephyr-sdk-0.16.3/arm-zephyr-eabi/arm-zephyr-eabi/lib/thumb/v7e-m/nofp/libc.a(lib_a-strtol.o)
 .text.strtol   0x000000000800f468       0x18 /home/shubham/zephyr-sdk-0.16.3/arm-zephyr-eabi/arm-zephyr-eabi/lib/thumb/v7e-m/nofp/libc.a(lib_a-strtol.o)
                0x000000000800f468                strtol
 .text._strtoul_l.constprop.0
                0x000000000800f480      0x134 /home/shubham/zephyr-sdk-0.16.3/arm-zephyr-eabi/arm-zephyr-eabi/lib/thumb/v7e-m/nofp/libc.a(lib_a-strtoul.o)
 .text.strtoul  0x000000000800f5b4       0x18 /home/shubham/zephyr-sdk-0.16.3/arm-zephyr-eabi/arm-zephyr-eabi/lib/thumb/v7e-m/nofp/libc.a(lib_a-strtoul.o)
                0x000000000800f5b4                strtoul
 .text._svfprintf_r
                0x000000000800f5cc     0x1a14 /home/shubham/zephyr-sdk-0.16.3/arm-zephyr-eabi/arm-zephyr-eabi/lib/thumb/v7e-m/nofp/libc.a(lib_a-svfprintf.o)
                0x000000000800f5cc                _svfprintf_r
 .text.quorem   0x0000000008010fe0      0x12c /home/shubham/zephyr-sdk-0.16.3/arm-zephyr-eabi/arm-zephyr-eabi/lib/thumb/v7e-m/nofp/libc.a(lib_a-dtoa.o)
 .text._malloc_trim_r
                0x000000000801110c       0x9c /home/shubham/zephyr-sdk-0.16.3/arm-zephyr-eabi/arm-zephyr-eabi/lib/thumb/v7e-m/nofp/libc.a(lib_a-freer.o)
                0x000000000801110c                _malloc_trim_r
 .text._free_r  0x00000000080111a8      0x1fc /home/shubham/zephyr-sdk-0.16.3/arm-zephyr-eabi/arm-zephyr-eabi/lib/thumb/v7e-m/nofp/libc.a(lib_a-freer.o)
                0x00000000080111a8                _free_r
 .text._localeconv_r
                0x00000000080113a4        0x8 /home/shubham/zephyr-sdk-0.16.3/arm-zephyr-eabi/arm-zephyr-eabi/lib/thumb/v7e-m/nofp/libc.a(lib_a-localeconv.o)
                0x00000000080113a4                _localeconv_r
 .text._Balloc  0x00000000080113ac       0x4c /home/shubham/zephyr-sdk-0.16.3/arm-zephyr-eabi/arm-zephyr-eabi/lib/thumb/v7e-m/nofp/libc.a(lib_a-mprec.o)
                0x00000000080113ac                _Balloc
 .text._Bfree   0x00000000080113f8       0x14 /home/shubham/zephyr-sdk-0.16.3/arm-zephyr-eabi/arm-zephyr-eabi/lib/thumb/v7e-m/nofp/libc.a(lib_a-mprec.o)
                0x00000000080113f8                _Bfree
 .text.__multadd
                0x000000000801140c       0xa0 /home/shubham/zephyr-sdk-0.16.3/arm-zephyr-eabi/arm-zephyr-eabi/lib/thumb/v7e-m/nofp/libc.a(lib_a-mprec.o)
                0x000000000801140c                __multadd
 .text.__hi0bits
                0x00000000080114ac       0x44 /home/shubham/zephyr-sdk-0.16.3/arm-zephyr-eabi/arm-zephyr-eabi/lib/thumb/v7e-m/nofp/libc.a(lib_a-mprec.o)
                0x00000000080114ac                __hi0bits
 .text.__lo0bits
                0x00000000080114f0       0x60 /home/shubham/zephyr-sdk-0.16.3/arm-zephyr-eabi/arm-zephyr-eabi/lib/thumb/v7e-m/nofp/libc.a(lib_a-mprec.o)
                0x00000000080114f0                __lo0bits
 .text.__i2b    0x0000000008011550       0x5c /home/shubham/zephyr-sdk-0.16.3/arm-zephyr-eabi/arm-zephyr-eabi/lib/thumb/v7e-m/nofp/libc.a(lib_a-mprec.o)
                0x0000000008011550                __i2b
 .text.__multiply
                0x00000000080115ac      0x16c /home/shubham/zephyr-sdk-0.16.3/arm-zephyr-eabi/arm-zephyr-eabi/lib/thumb/v7e-m/nofp/libc.a(lib_a-mprec.o)
                0x00000000080115ac                __multiply
 .text.__pow5mult
                0x0000000008011718       0xb4 /home/shubham/zephyr-sdk-0.16.3/arm-zephyr-eabi/arm-zephyr-eabi/lib/thumb/v7e-m/nofp/libc.a(lib_a-mprec.o)
                0x0000000008011718                __pow5mult
 .text.__lshift
                0x00000000080117cc       0xf0 /home/shubham/zephyr-sdk-0.16.3/arm-zephyr-eabi/arm-zephyr-eabi/lib/thumb/v7e-m/nofp/libc.a(lib_a-mprec.o)
                0x00000000080117cc                __lshift
 .text.__mcmp   0x00000000080118bc       0x40 /home/shubham/zephyr-sdk-0.16.3/arm-zephyr-eabi/arm-zephyr-eabi/lib/thumb/v7e-m/nofp/libc.a(lib_a-mprec.o)
                0x00000000080118bc                __mcmp
 .text.__mdiff  0x00000000080118fc      0x164 /home/shubham/zephyr-sdk-0.16.3/arm-zephyr-eabi/arm-zephyr-eabi/lib/thumb/v7e-m/nofp/libc.a(lib_a-mprec.o)
                0x00000000080118fc                __mdiff
 .text.__d2b    0x0000000008011a60       0xbc /home/shubham/zephyr-sdk-0.16.3/arm-zephyr-eabi/arm-zephyr-eabi/lib/thumb/v7e-m/nofp/libc.a(lib_a-mprec.o)
                0x0000000008011a60                __d2b
 .text.frexp    0x0000000008011b1c       0x70 /home/shubham/zephyr-sdk-0.16.3/arm-zephyr-eabi/arm-zephyr-eabi/lib/thumb/v7e-m/nofp/libc.a(lib_a-s_frexp.o)
                0x0000000008011b1c                frexp
 .text.__ssprint_r
                0x0000000008011b8c      0x108 /home/shubham/zephyr-sdk-0.16.3/arm-zephyr-eabi/arm-zephyr-eabi/lib/thumb/v7e-m/nofp/libc.a(lib_a-svfiprintf.o)
                0x0000000008011b8c                __ssprint_r
 .text.__assert_func
                0x0000000008011c94       0x40 /home/shubham/zephyr-sdk-0.16.3/arm-zephyr-eabi/arm-zephyr-eabi/lib/thumb/v7e-m/nofp/libc.a(lib_a-assert.o)
                0x0000000008011c94                __assert_func
 .text._calloc_r
                0x0000000008011cd4       0x60 /home/shubham/zephyr-sdk-0.16.3/arm-zephyr-eabi/arm-zephyr-eabi/lib/thumb/v7e-m/nofp/libc.a(lib_a-callocr.o)
                0x0000000008011cd4                _calloc_r
 .text.fiprintf
                0x0000000008011d34       0x28 /home/shubham/zephyr-sdk-0.16.3/arm-zephyr-eabi/arm-zephyr-eabi/lib/thumb/v7e-m/nofp/libc.a(lib_a-fiprintf.o)
                0x0000000008011d34                fiprintf
 .text.__ascii_mbtowc
                0x0000000008011d5c       0x2c /home/shubham/zephyr-sdk-0.16.3/arm-zephyr-eabi/arm-zephyr-eabi/lib/thumb/v7e-m/nofp/libc.a(lib_a-mbtowc_r.o)
                0x0000000008011d5c                __ascii_mbtowc
 .text._realloc_r
                0x0000000008011d88      0x344 /home/shubham/zephyr-sdk-0.16.3/arm-zephyr-eabi/arm-zephyr-eabi/lib/thumb/v7e-m/nofp/libc.a(lib_a-reallocr.o)
                0x0000000008011d88                _realloc_r
 .text._vfiprintf_r
                0x00000000080120cc      0xd98 /home/shubham/zephyr-sdk-0.16.3/arm-zephyr-eabi/arm-zephyr-eabi/lib/thumb/v7e-m/nofp/libc.a(lib_a-vfiprintf.o)
                0x00000000080120cc                _vfiprintf_r
 .text.__sbprintf
                0x0000000008012e64       0x80 /home/shubham/zephyr-sdk-0.16.3/arm-zephyr-eabi/arm-zephyr-eabi/lib/thumb/v7e-m/nofp/libc.a(lib_a-vfiprintf.o)
 .text.__ascii_wctomb
                0x0000000008012ee4       0x1c /home/shubham/zephyr-sdk-0.16.3/arm-zephyr-eabi/arm-zephyr-eabi/lib/thumb/v7e-m/nofp/libc.a(lib_a-wctomb_r.o)
                0x0000000008012ee4                __ascii_wctomb
 .text.__swsetup_r
                0x0000000008012f00       0xc4 /home/shubham/zephyr-sdk-0.16.3/arm-zephyr-eabi/arm-zephyr-eabi/lib/thumb/v7e-m/nofp/libc.a(lib_a-wsetup.o)
                0x0000000008012f00                __swsetup_r
 .text.__sflush_r
                0x0000000008012fc4      0x110 /home/shubham/zephyr-sdk-0.16.3/arm-zephyr-eabi/arm-zephyr-eabi/lib/thumb/v7e-m/nofp/libc.a(lib_a-fflush.o)
                0x0000000008012fc4                __sflush_r
 .text._fflush_r
                0x00000000080130d4       0x5c /home/shubham/zephyr-sdk-0.16.3/arm-zephyr-eabi/arm-zephyr-eabi/lib/thumb/v7e-m/nofp/libc.a(lib_a-fflush.o)
                0x00000000080130d4                _fflush_r
 .text._cleanup_r
                0x0000000008013130        0xc /home/shubham/zephyr-sdk-0.16.3/arm-zephyr-eabi/arm-zephyr-eabi/lib/thumb/v7e-m/nofp/libc.a(lib_a-findfp.o)
                0x0000000008013130                _cleanup_r
 .text.__sinit  0x000000000801313c      0x10c /home/shubham/zephyr-sdk-0.16.3/arm-zephyr-eabi/arm-zephyr-eabi/lib/thumb/v7e-m/nofp/libc.a(lib_a-findfp.o)
                0x000000000801313c                __sinit
 .text.__sfvwrite_r
                0x0000000008013248      0x2f8 /home/shubham/zephyr-sdk-0.16.3/arm-zephyr-eabi/arm-zephyr-eabi/lib/thumb/v7e-m/nofp/libc.a(lib_a-fvwrite.o)
                0x0000000008013248                __sfvwrite_r
 .text._fwalk_reent
                0x0000000008013540       0x48 /home/shubham/zephyr-sdk-0.16.3/arm-zephyr-eabi/arm-zephyr-eabi/lib/thumb/v7e-m/nofp/libc.a(lib_a-fwalk.o)
                0x0000000008013540                _fwalk_reent
 .text.__smakebuf_r
                0x0000000008013588       0xc4 /home/shubham/zephyr-sdk-0.16.3/arm-zephyr-eabi/arm-zephyr-eabi/lib/thumb/v7e-m/nofp/libc.a(lib_a-makebuf.o)
                0x0000000008013588                __smakebuf_r
 .text.__sread  0x000000000801364c       0x24 /home/shubham/zephyr-sdk-0.16.3/arm-zephyr-eabi/arm-zephyr-eabi/lib/thumb/v7e-m/nofp/libc.a(lib_a-stdio.o)
                0x000000000801364c                __sread
 .text.__swrite
                0x0000000008013670       0x40 /home/shubham/zephyr-sdk-0.16.3/arm-zephyr-eabi/arm-zephyr-eabi/lib/thumb/v7e-m/nofp/libc.a(lib_a-stdio.o)
                0x0000000008013670                __swrite
 .text.__sseek  0x00000000080136b0       0x24 /home/shubham/zephyr-sdk-0.16.3/arm-zephyr-eabi/arm-zephyr-eabi/lib/thumb/v7e-m/nofp/libc.a(lib_a-stdio.o)
                0x00000000080136b0                __sseek
 .text.__sclose
                0x00000000080136d4        0x8 /home/shubham/zephyr-sdk-0.16.3/arm-zephyr-eabi/arm-zephyr-eabi/lib/thumb/v7e-m/nofp/libc.a(lib_a-stdio.o)
                0x00000000080136d4                __sclose
 .text._write_r
                0x00000000080136dc       0x2c /home/shubham/zephyr-sdk-0.16.3/arm-zephyr-eabi/arm-zephyr-eabi/lib/thumb/v7e-m/nofp/libc.a(lib_a-writer.o)
                0x00000000080136dc                _write_r
 .text._close_r
                0x0000000008013708       0x24 /home/shubham/zephyr-sdk-0.16.3/arm-zephyr-eabi/arm-zephyr-eabi/lib/thumb/v7e-m/nofp/libc.a(lib_a-closer.o)
                0x0000000008013708                _close_r
 .text._fstat_r
                0x000000000801372c       0x2c /home/shubham/zephyr-sdk-0.16.3/arm-zephyr-eabi/arm-zephyr-eabi/lib/thumb/v7e-m/nofp/libc.a(lib_a-fstatr.o)
                0x000000000801372c                _fstat_r
 .text._isatty_r
                0x0000000008013758       0x24 /home/shubham/zephyr-sdk-0.16.3/arm-zephyr-eabi/arm-zephyr-eabi/lib/thumb/v7e-m/nofp/libc.a(lib_a-isattyr.o)
                0x0000000008013758                _isatty_r
 .text._lseek_r
                0x000000000801377c       0x2c /home/shubham/zephyr-sdk-0.16.3/arm-zephyr-eabi/arm-zephyr-eabi/lib/thumb/v7e-m/nofp/libc.a(lib_a-lseekr.o)
                0x000000000801377c                _lseek_r
 .text._read_r  0x00000000080137a8       0x2c /home/shubham/zephyr-sdk-0.16.3/arm-zephyr-eabi/arm-zephyr-eabi/lib/thumb/v7e-m/nofp/libc.a(lib_a-readr.o)
                0x00000000080137a8                _read_r
 .text._OffsetAbsSyms
                0x00000000080137d4        0x2 zephyr/CMakeFiles/offsets.dir/./arch/arm/core/offsets/offsets.c.obj
                0x00000000080137d4                _OffsetAbsSyms
 .text.cbpprintf_external
                0x00000000080137d6       0x62 zephyr/libzephyr.a(cbprintf_packaged.c.obj)
                0x00000000080137d6                cbpprintf_external
 .text.is_ptr   0x0000000008013838       0x4a zephyr/libzephyr.a(cbprintf_packaged.c.obj)
                0x0000000008013838                is_ptr
 .text.arch_printk_char_out
                0x0000000008013882        0x4 zephyr/libzephyr.a(printk.c.obj)
                0x0000000008013882                arch_printk_char_out
 .text.str_out  0x0000000008013886       0x26 zephyr/libzephyr.a(printk.c.obj)
 .text.printk   0x00000000080138ac       0x1a zephyr/libzephyr.a(printk.c.obj)
                0x00000000080138ac                printk
 .text.snprintk
                0x00000000080138c6       0x1a zephyr/libzephyr.a(printk.c.obj)
                0x00000000080138c6                snprintk
 .text.z_thread_entry
                0x00000000080138e0       0x14 zephyr/libzephyr.a(thread_entry.c.obj)
                0x00000000080138e0                z_thread_entry
 .text.timeutil_timegm
                0x00000000080138f4       0x18 zephyr/libzephyr.a(timeutil.c.obj)
                0x00000000080138f4                timeutil_timegm
 .text._ldiv5   0x000000000801390c       0x30 zephyr/libzephyr.a(cbprintf_complete.c.obj)
 .text._get_digit
                0x000000000801393c       0x2e zephyr/libzephyr.a(cbprintf_complete.c.obj)
 .text.outs     0x000000000801396a       0x2e zephyr/libzephyr.a(cbprintf_complete.c.obj)
 .text.ring_buf_put_claim
                0x0000000008013998       0x3e zephyr/libzephyr.a(ring_buffer.c.obj)
                0x0000000008013998                ring_buf_put_claim
 .text.ring_buf_put_finish
                0x00000000080139d6       0x2a zephyr/libzephyr.a(ring_buffer.c.obj)
                0x00000000080139d6                ring_buf_put_finish
 .text.ring_buf_put
                0x0000000008013a00       0x3e zephyr/libzephyr.a(ring_buffer.c.obj)
                0x0000000008013a00                ring_buf_put
 .text.ring_buf_get_claim
                0x0000000008013a3e       0x40 zephyr/libzephyr.a(ring_buffer.c.obj)
                0x0000000008013a3e                ring_buf_get_claim
 .text.ring_buf_get_finish
                0x0000000008013a7e       0x2a zephyr/libzephyr.a(ring_buffer.c.obj)
                0x0000000008013a7e                ring_buf_get_finish
 .text.ring_buf_get
                0x0000000008013aa8       0x40 zephyr/libzephyr.a(ring_buffer.c.obj)
                0x0000000008013aa8                ring_buf_get
 .text.free_space
                0x0000000008013ae8       0x26 zephyr/libzephyr.a(mpsc_pbuf.c.obj)
 .text.get_usage
                0x0000000008013b0e       0x22 zephyr/libzephyr.a(mpsc_pbuf.c.obj)
 .text.idx_inc  0x0000000008013b30       0x1c zephyr/libzephyr.a(mpsc_pbuf.c.obj)
 .text.rd_idx_inc
                0x0000000008013b4c       0x18 zephyr/libzephyr.a(mpsc_pbuf.c.obj)
 .text.add_skip_item
                0x0000000008013b64       0x3a zephyr/libzephyr.a(mpsc_pbuf.c.obj)
 .text.drop_item_locked
                0x0000000008013b9e       0xee zephyr/libzephyr.a(mpsc_pbuf.c.obj)
 .text.post_drop_action
                0x0000000008013c8c       0x36 zephyr/libzephyr.a(mpsc_pbuf.c.obj)
 .text.max_utilization_update
                0x0000000008013cc2       0x1a zephyr/libzephyr.a(mpsc_pbuf.c.obj)
 .text.mpsc_pbuf_init
                0x0000000008013cdc       0x42 zephyr/libzephyr.a(mpsc_pbuf.c.obj)
                0x0000000008013cdc                mpsc_pbuf_init
 .text.mpsc_pbuf_alloc
                0x0000000008013d1e       0xfc zephyr/libzephyr.a(mpsc_pbuf.c.obj)
                0x0000000008013d1e                mpsc_pbuf_alloc
 .text.mpsc_pbuf_commit
                0x0000000008013e1a       0x40 zephyr/libzephyr.a(mpsc_pbuf.c.obj)
                0x0000000008013e1a                mpsc_pbuf_commit
 .text.mpsc_pbuf_claim
                0x0000000008013e5a       0xa4 zephyr/libzephyr.a(mpsc_pbuf.c.obj)
                0x0000000008013e5a                mpsc_pbuf_claim
 .text.mpsc_pbuf_free
                0x0000000008013efe       0x78 zephyr/libzephyr.a(mpsc_pbuf.c.obj)
                0x0000000008013efe                mpsc_pbuf_free
 .text.mpsc_pbuf_is_pending
                0x0000000008013f76       0x1a zephyr/libzephyr.a(mpsc_pbuf.c.obj)
                0x0000000008013f76                mpsc_pbuf_is_pending
 .text.mpsc_pbuf_get_utilization
                0x0000000008013f90       0x16 zephyr/libzephyr.a(mpsc_pbuf.c.obj)
                0x0000000008013f90                mpsc_pbuf_get_utilization
 .text.mpsc_pbuf_get_max_utilization
                0x0000000008013fa6       0x16 zephyr/libzephyr.a(mpsc_pbuf.c.obj)
                0x0000000008013fa6                mpsc_pbuf_get_max_utilization
 .text._ConfigAbsSyms
                0x0000000008013fbc        0x2 zephyr/libzephyr.a(configs.c.obj)
                0x0000000008013fbc                _ConfigAbsSyms
 .text.st_stm32_common_config
                0x0000000008013fbe        0x4 zephyr/libzephyr.a(soc_config.c.obj)
 .text.log_msg_generic_get_wlen
                0x0000000008013fc2       0x20 zephyr/libzephyr.a(log_core.c.obj)
 .text.dummy_timestamp
                0x0000000008013fe2        0x4 zephyr/libzephyr.a(log_core.c.obj)
 .text.atomic_inc
                0x0000000008013fe6       0x1a zephyr/libzephyr.a(log_core.c.obj)
 .text.default_lf_get_timestamp
                0x0000000008014000       0x10 zephyr/libzephyr.a(log_core.c.obj)
 .text.z_log_vprintk
                0x0000000008014010       0x1c zephyr/libzephyr.a(log_core.c.obj)
                0x0000000008014010                z_log_vprintk
 .text.z_log_notify_drop
                0x000000000801402c        0x6 zephyr/libzephyr.a(log_core.c.obj)
 .text.z_log_get_tag
                0x0000000008014032        0x4 zephyr/libzephyr.a(log_core.c.obj)
                0x0000000008014032                z_log_get_tag
 .text.z_cbprintf_cpy
                0x0000000008014036       0x2c zephyr/libzephyr.a(log_msg.c.obj)
 .text.z_log_msg_finalize
                0x0000000008014062       0x32 zephyr/libzephyr.a(log_msg.c.obj)
                0x0000000008014062                z_log_msg_finalize
 .text.buffer_write
                0x0000000008014094       0x1a zephyr/libzephyr.a(log_output.c.obj)
 .text.cbvprintf
                0x00000000080140ae        0xe zephyr/libzephyr.a(log_output.c.obj)
 .text.log_output_flush
                0x00000000080140bc       0x1a zephyr/libzephyr.a(log_output.c.obj)
                0x00000000080140bc                log_output_flush
 .text.out_func
                0x00000000080140d6       0x36 zephyr/libzephyr.a(log_output.c.obj)
 .text.cr_out_func
                0x000000000801410c       0x1c zephyr/libzephyr.a(log_output.c.obj)
 .text.log_halt
                0x0000000008014128        0x8 zephyr/libzephyr.a(log_cmds.c.obj)
 .text.log_go   0x0000000008014130        0xa zephyr/libzephyr.a(log_cmds.c.obj)
 .text.log_disable
                0x000000000801413a       0x14 zephyr/libzephyr.a(log_cmds.c.obj)
 .text.log_backend_uart_init
                0x000000000801414e        0x2 zephyr/libzephyr.a(log_backend_uart.c.obj)
 .text.stats_walk
                0x0000000008014150       0xc2 zephyr/libzephyr.a(stats.c.obj)
                0x0000000008014150                stats_walk
 .text.z_log_msg_static_create.constprop.0
                0x0000000008014212        0x6 zephyr/libzephyr.a(usb_device.c.obj)
 .text.get_ep_bm_from_addr
                0x0000000008014218       0x1c zephyr/libzephyr.a(usb_device.c.obj)
 .text.usb_get_dev_data_by_cfg
                0x0000000008014234       0x18 zephyr/libzephyr.a(usb_descriptor.c.obj)
                0x0000000008014234                usb_get_dev_data_by_cfg
 .text.usb_get_dev_data_by_iface
                0x000000000801424c       0x1c zephyr/libzephyr.a(usb_descriptor.c.obj)
                0x000000000801424c                usb_get_dev_data_by_iface
 .text.usb_get_dev_data_by_ep
                0x0000000008014268       0x2c zephyr/libzephyr.a(usb_descriptor.c.obj)
                0x0000000008014268                usb_get_dev_data_by_ep
 .text.usb_transfer_is_busy
                0x0000000008014294       0x16 zephyr/libzephyr.a(usb_transfer.c.obj)
                0x0000000008014294                usb_transfer_is_busy
 .text.cdc_interface_config
                0x00000000080142aa       0x14 zephyr/libzephyr.a(cdc_acm.c.obj)
 .text.cdc_acm_irq_callback_work_handler
                0x00000000080142be        0xa zephyr/libzephyr.a(cdc_acm.c.obj)
 .text.cdc_acm_irq_tx_disable
                0x00000000080142c8        0xa zephyr/libzephyr.a(cdc_acm.c.obj)
 .text.cdc_acm_irq_tx_ready
                0x00000000080142d2        0xe zephyr/libzephyr.a(cdc_acm.c.obj)
 .text.cdc_acm_irq_rx_disable
                0x00000000080142e0        0xa zephyr/libzephyr.a(cdc_acm.c.obj)
 .text.cdc_acm_irq_rx_ready
                0x00000000080142ea        0x8 zephyr/libzephyr.a(cdc_acm.c.obj)
 .text.cdc_acm_irq_is_pending
                0x00000000080142f2       0x1e zephyr/libzephyr.a(cdc_acm.c.obj)
 .text.cdc_acm_irq_update
                0x0000000008014310        0x4 zephyr/libzephyr.a(cdc_acm.c.obj)
 .text.cdc_acm_irq_callback_set
                0x0000000008014314        0x8 zephyr/libzephyr.a(cdc_acm.c.obj)
 .text.cdc_acm_line_ctrl_get
                0x000000000801431c       0x32 zephyr/libzephyr.a(cdc_acm.c.obj)
 .text.cdc_acm_configure